 cemon.Vincell CE7 SDK (ARMv4I)

 Timestamp is 5848ef43 (Wed Dec 07 23:27:31 2016)

 Preferred load address is 00010000

 Start         Length     Name                   Class
 0001:00000000 00005ba4H .text                   CODE
 0002:00000000 00000004H .CRT$XCA                DATA
 0002:00000004 00000004H .CRT$XCZ                DATA
 0002:00000008 00000004H .CRT$XIA                DATA
 0002:0000000c 00000004H .CRT$XIZ                DATA
 0002:00000010 00000004H .CRT$XPA                DATA
 0002:00000014 00000004H .CRT$XPZ                DATA
 0002:00000018 00000004H .CRT$XTA                DATA
 0002:0000001c 00000004H .CRT$XTZ                DATA
 0002:00000020 00002684H .rdata                  DATA
 0002:000026a4 00000057H .rdata$debug            DATA
 0002:000026fc 00000034H .xdata                  DATA
 0002:00002730 0000003cH .idata$2                DATA
 0002:0000276c 00000014H .idata$3                DATA
 0002:00002780 000001b0H .idata$4                DATA
 0002:00002930 000001b8H .idata$6                DATA
 0002:00002ae8 00000000H .edata                  DATA
 0003:00000000 000001b0H .idata$5                DATA
 0003:000001b0 00000008H .data                   DATA
 0003:000001b8 000077a8H .bss                    DATA
 0004:00000000 000002c8H .pdata                  DATA

  Address         Publics by Value              Rva+Base       Lib:Object

 0000:00000000       ___safe_se_handler_count   00000000     <absolute>
 0000:00000000       ___safe_se_handler_table   00000000     <absolute>
 0001:00000000       GetNumClients              00011000 f   comm.obj
 0001:00000010       winsock_end                00011010 f   comm.obj
 0001:0000001c       winsock_init               0001101c f   comm.obj
 0001:00000078       socket_write               00011078 f   comm.obj
 0001:00000198       socket_read                00011198 f   comm.obj
 0001:00000200       socket_server_end          00011200 f   comm.obj
 0001:000002d0       socket_server_init         000112d0 f   comm.obj
 0001:00000470       socket_accept              00011470 f   comm.obj
 0001:00000618       socket_set_client_state    00011618 f   comm.obj
 0001:0000065c       socket_unset_client_state  0001165c f   comm.obj
 0001:000006ac       socket_unset_clients_state 000116ac f   comm.obj
 0001:000006e8       socket_is_any_client_state 000116e8 f   comm.obj
 0001:00000738       socket_close_client        00011738 f   comm.obj
 0001:00000820       socket_nonblocking         00011820 f   comm.obj
 0001:00000874       socket_remove_overdue_clients 00011874 f   comm.obj
 0001:0000090c       socket_read_clienti        0001190c f   comm.obj
 0001:00000a80       socket_write_clients       00011a80 f   comm.obj
 0001:00000b20       socket_write_client        00011b20 f   comm.obj
 0001:00000b3c       dieRtm                     00011b3c f   cpumon.obj
 0001:00000c64       saveSettings               00011c64 f   cpumon.obj
 0001:00000d44       readSettings               00011d44 f   cpumon.obj
 0001:00001058       readThreadsFile            00012058 f   cpumon.obj
 0001:000011e0       alloc_parray               000121e0 f   cpumon.obj
 0001:0000123c       increasePsList             0001223c f   cpumon.obj
 0001:000012cc       alloc_tarray               000122cc f   cpumon.obj
 0001:00001330       get_ps_path                00012330 f   cpumon.obj
 0001:0000140c       KillProcess                0001240c f   cpumon.obj
 0001:0000145c       handle_process             0001245c f   cpumon.obj
 0001:00001808       handle_thread              00012808 f   cpumon.obj
 0001:000018f4       set_thread_priority        000128f4 f   cpumon.obj
 0001:00001978       get_thread_names           00012978 f   cpumon.obj
 0001:000019c0       process_client_request     000129c0 f   cpumon.obj
 0001:00001d30       service_clients            00012d30 f   cpumon.obj
 0001:00001dd8       createToolHelpSnapshot     00012dd8 f   cpumon.obj
 0001:00001e14       getPsStats                 00012e14 f   cpumon.obj
 0001:00002084       getThStats                 00013084 f   cpumon.obj
 0001:0000228c       wmain                      0001328c f   cpumon.obj
 0001:00002dec       set_kdump_dir              00013dec f   debugger.obj
 0001:00002e2c       get_kdump_dir              00013e2c f   debugger.obj
 0001:00002f08       delete_cinfo               00013f08 f   debugger.obj
 0001:00002f3c       debug_ack                  00013f3c f   debugger.obj
 0001:00002f98       debug_crashed              00013f98 f   debugger.obj
 0001:00003008       debug_done                 00014008 f   debugger.obj
 0001:00003108       debug_check                00014108 f   debugger.obj
 0001:00003188       create_dbgr_handles        00014188 f   debugger.obj
 0001:00003250       close_dbgr_handles         00014250 f   debugger.obj
 0001:00003298       process_frames             00014298 f   debugger.obj
 0001:000032d0       get_callstack              000142d0 f   debugger.obj
 0001:00003640       continue_processing_debug_events 00014640 f   debugger.obj
 0001:0000373c       handle_exception           0001473c f   debugger.obj
 0001:00003890       continue_debug             00014890 f   debugger.obj
 0001:000039dc       debuger_proc               000149dc f   debugger.obj
 0001:00003be0       debug_process              00014be0 f   debugger.obj
 0001:00003dec       DiscoveryServerInit        00014dec f   DiscoveryServer.obj
 0001:00003f1c       DiscoveryServerServe       00014f1c f   DiscoveryServer.obj
 0001:000040a0       mytime                     000150a0 f   util.obj
 0001:000040c8       localTime                  000150c8 f   util.obj
 0001:00004130       myswprintf                 00015130 f   util.obj
 0001:00004150       logg_begin                 00015150 f   util.obj
 0001:00004184       logg_end                   00015184 f   util.obj
 0001:000041ac       logg                       000151ac f   util.obj
 0001:0000420c       logt                       0001520c f   util.obj
 0001:0000429c       wcscpy2                    0001529c f   util.obj
 0001:000042c4       full_path                  000152c4 f   util.obj
 0001:00004400       reallocf                   00015400 f   util.obj
 0001:00004424       addFileTime                00015424 f   util.obj
 0001:00004444       subFileTime                00015444 f   util.obj
 0001:00004464       strtime                    00015464 f   util.obj
 0001:000044cc       GetLastError               000154cc f   coredll:COREDLL.dll
 0001:000044dc       CloseHandle                000154dc f   coredll:COREDLL.dll
 0001:000044ec       TerminateProcess           000154ec f   coredll:COREDLL.dll
 0001:000044fc       OpenProcess                000154fc f   coredll:COREDLL.dll
 0001:0000450c       CreateProcessW             0001550c f   coredll:COREDLL.dll
 0001:0000451c       GetModuleFileNameW         0001551c f   coredll:COREDLL.dll
 0001:0000452c       TerminateThread            0001552c f   coredll:COREDLL.dll
 0001:0000453c       SuspendThread              0001553c f   coredll:COREDLL.dll
 0001:0000454c       ResumeThread               0001554c f   coredll:COREDLL.dll
 0001:0000455c       CeSetThreadPriority        0001555c f   coredll:COREDLL.dll
 0001:0000456c       CeGetThreadPriority        0001556c f   coredll:COREDLL.dll
 0001:0000457c       SetSystemPowerState        0001557c f   coredll:COREDLL.dll
 0001:0000458c       GetTickCount               0001558c f   coredll:COREDLL.dll
 0001:0000459c       GetThreadTimes             0001559c f   coredll:COREDLL.dll
 0001:000045ac       QueryPerformanceFrequency  000155ac f   coredll:COREDLL.dll
 0001:000045bc       FreeLibrary                000155bc f   coredll:COREDLL.dll
 0001:000045cc       Sleep                      000155cc f   coredll:COREDLL.dll
 0001:000045dc       GetSystemInfo              000155dc f   coredll:COREDLL.dll
 0001:000045ec       GetProcAddressW            000155ec f   coredll:COREDLL.dll
 0001:000045fc       LoadLibraryW               000155fc f   coredll:COREDLL.dll
 0001:0000460c       EventModify                0001560c f   coredll:COREDLL.dll
 0001:0000461c       RegCloseKey                0001561c f   coredll:COREDLL.dll
 0001:0000462c       RegQueryValueExW           0001562c f   coredll:COREDLL.dll
 0001:0000463c       RegOpenKeyExW              0001563c f   coredll:COREDLL.dll
 0001:0000464c       DeleteCriticalSection      0001564c f   coredll:COREDLL.dll
 0001:0000465c       LeaveCriticalSection       0001565c f   coredll:COREDLL.dll
 0001:0000466c       EnterCriticalSection       0001566c f   coredll:COREDLL.dll
 0001:0000467c       WaitForMultipleObjects     0001567c f   coredll:COREDLL.dll
 0001:0000468c       CreateEventW               0001568c f   coredll:COREDLL.dll
 0001:0000469c       SetLastError               0001569c f   coredll:COREDLL.dll
 0001:000046ac       DebugActiveProcess         000156ac f   coredll:COREDLL.dll
 0001:000046bc       CreateThread               000156bc f   coredll:COREDLL.dll
 0001:000046cc       InitializeCriticalSection  000156cc f   coredll:COREDLL.dll
 0001:000046dc       SystemTimeToFileTime       000156dc f   coredll:COREDLL.dll
 0001:000046ec       GetLocalTime               000156ec f   coredll:COREDLL.dll
 0001:000046fc       StringCbPrintfW            000156fc f   coredll:COREDLL.dll
 0001:0000470c       OutputDebugStringW         0001570c f   coredll:COREDLL.dll
 0001:00004ac8       mainWCRTStartup            00015ac8 f   corelibc:mainwcrt.obj
 0001:00004ae8       __GSHandlerCheckCommon     00015ae8 f   corelibc:gshandler.obj
 0001:00004b24       __GSHandlerCheck           00015b24 f   corelibc:gshandler.obj
 0001:00004b44       __security_init_cookie     00015b44 f   corelibc:seccinit.obj
 0001:00004b90       __security_check_cookie    00015b90 f   corelibc:armsecgs.obj
 0001:00004ba0       __gsfailure                00015ba0     corelibc:armsecgs.obj
 0001:00004be4       memmove                    00015be4 f   corelibc:COREDLL.dll
 0001:00004bf4       memset                     00015bf4 f   corelibc:COREDLL.dll
 0001:00004c04       free                       00015c04 f   corelibc:COREDLL.dll
 0001:00004c14       fclose                     00015c14 f   corelibc:COREDLL.dll
 0001:00004c24       fprintf                    00015c24 f   corelibc:COREDLL.dll
 0001:00004c34       fopen                      00015c34 f   corelibc:COREDLL.dll
 0001:00004c44       sprintf                    00015c44 f   corelibc:COREDLL.dll
 0001:00004c54       sscanf                     00015c54 f   corelibc:COREDLL.dll
 0001:00004c64       fgets                      00015c64 f   corelibc:COREDLL.dll
 0001:00004c74       feof                       00015c74 f   corelibc:COREDLL.dll
 0001:00004c84       strcpy                     00015c84 f   corelibc:COREDLL.dll
 0001:00004c94       strcmp                     00015c94 f   corelibc:COREDLL.dll
 0001:00004ca4       strlen                     00015ca4 f   corelibc:COREDLL.dll
 0001:00004cb4       realloc                    00015cb4 f   corelibc:COREDLL.dll
 0001:00004cc4       wcscpy                     00015cc4 f   corelibc:COREDLL.dll
 0001:00004cd4       wcslen                     00015cd4 f   corelibc:COREDLL.dll
 0001:00004ce4       malloc                     00015ce4 f   corelibc:COREDLL.dll
 0001:00004cf4       _wtoi                      00015cf4 f   corelibc:COREDLL.dll
 0001:00004d04       memcpy                     00015d04 f   corelibc:COREDLL.dll
 0001:00004d14       fwrite                     00015d14 f   corelibc:COREDLL.dll
 0001:00004d24       srand                      00015d24 f   corelibc:COREDLL.dll
 0001:00004d34       memcmp                     00015d34 f   corelibc:COREDLL.dll
 0001:00004d44       fflush                     00015d44 f   corelibc:COREDLL.dll
 0001:00004d54       fwprintf                   00015d54 f   corelibc:COREDLL.dll
 0001:00004d64       wprintf                    00015d64 f   corelibc:COREDLL.dll
 0001:00004d74       vswprintf                  00015d74 f   corelibc:COREDLL.dll
 0001:00004d84       printf                     00015d84 f   corelibc:COREDLL.dll
 0001:00004d94       vsprintf                   00015d94 f   corelibc:COREDLL.dll
 0001:00004da4       wcsrchr                    00015da4 f   corelibc:COREDLL.dll
 0001:00004db4       wcscat                     00015db4 f   corelibc:COREDLL.dll
 0001:00004dc4       iswctype                   00015dc4 f   corelibc:COREDLL.dll
 0001:00004dd4       _XcptFilter                00015dd4 f   corelibc:COREDLL.dll
 0001:00004ea4       exit                       00015ea4 f   corelibc:cexit.obj
 0001:00004eb0       _exit                      00015eb0 f   corelibc:cexit.obj
 0001:00004ee8       _initterm                  00015ee8 f   corelibc:crt0dat.obj
 0001:00004f14       _cinit                     00015f14 f   corelibc:crt0dat.obj
 0001:00004f74       _onexit                    00015f74 f   corelibc:onexit.obj
 0001:00005044       atexit                     00016044 f   corelibc:onexit.obj
 0001:0000505c       __GSHandlerCheck_SEH       0001605c f   corelibc:gshandlerseh.obj
 0001:000050a8       __security_gen_cookie2     000160a8 f   corelibc:COREDLL.dll
 0001:000050b8       __report_gsfailure         000160b8 f   corelibc:COREDLL.dll
 0001:000050c8       __crt_ExitProcess          000160c8 f   corelibc:exitproc_proxy.obj
 0001:000050d4       _msize                     000160d4 f   corelibc:COREDLL.dll
 0001:000050e4       __C_specific_handler       000160e4 f   corelibc:COREDLL.dll
 0001:000050f4       CloseToolhelp32Snapshot    000160f4 f   toolhelp:toolhelp.dll
 0001:00005104       Module32Next               00016104 f   toolhelp:toolhelp.dll
 0001:00005114       Module32First              00016114 f   toolhelp:toolhelp.dll
 0001:00005124       CreateToolhelp32Snapshot   00016124 f   toolhelp:toolhelp.dll
 0001:00005134       Heap32ListNext             00016134 f   toolhelp:toolhelp.dll
 0001:00005144       Heap32Next                 00016144 f   toolhelp:toolhelp.dll
 0001:00005154       Heap32First                00016154 f   toolhelp:toolhelp.dll
 0001:00005164       Heap32ListFirst            00016164 f   toolhelp:toolhelp.dll
 0001:00005174       Process32Next              00016174 f   toolhelp:toolhelp.dll
 0001:00005184       Process32First             00016184 f   toolhelp:toolhelp.dll
 0001:00005194       Thread32Next               00016194 f   toolhelp:toolhelp.dll
 0001:000051a4       Thread32First              000161a4 f   toolhelp:toolhelp.dll
 0001:000051b4       WSACleanup                 000161b4 f   winsock:WINSOCK.dll
 0001:000051c4       WSAStartup                 000161c4 f   winsock:WINSOCK.dll
 0001:000051d4       send                       000161d4 f   winsock:WINSOCK.dll
 0001:000051e4       select                     000161e4 f   winsock:WINSOCK.dll
 0001:000051f4       recv                       000161f4 f   winsock:WINSOCK.dll
 0001:00005204       closesocket                00016204 f   winsock:WINSOCK.dll
 0001:00005214       shutdown                   00016214 f   winsock:WINSOCK.dll
 0001:00005224       listen                     00016224 f   winsock:WINSOCK.dll
 0001:00005234       ntohl                      00016234 f   winsock:WINSOCK.dll
 0001:00005244       ntohs                      00016244 f   winsock:WINSOCK.dll
 0001:00005254       bind                       00016254 f   winsock:WINSOCK.dll
 0001:00005264       htons                      00016264 f   winsock:WINSOCK.dll
 0001:00005274       ioctlsocket                00016274 f   winsock:WINSOCK.dll
 0001:00005284       socket                     00016284 f   winsock:WINSOCK.dll
 0001:00005294       accept                     00016294 f   winsock:WINSOCK.dll
 0001:000052a4       htonl                      000162a4 f   winsock:WINSOCK.dll
 0001:000052b4       sendto                     000162b4 f   winsock:WINSOCK.dll
 0001:000052c4       recvfrom                   000162c4 f   winsock:WINSOCK.dll
 0002:00000000       __xc_a                     00017000     corelibc:crt0init.obj
 0002:00000004       __xc_z                     00017004     corelibc:crt0init.obj
 0002:00000008       __xi_a                     00017008     corelibc:crt0init.obj
 0002:0000000c       __xi_z                     0001700c     corelibc:crt0init.obj
 0002:00000010       __xp_a                     00017010     corelibc:crt0init.obj
 0002:00000014       __xp_z                     00017014     corelibc:crt0init.obj
 0002:00000018       __xt_a                     00017018     corelibc:crt0init.obj
 0002:0000001c       __xt_z                     0001701c     corelibc:crt0init.obj
 0002:0000003c       ??_C@_1CG@MODGNIFD@?$AAW?$AAS?$AAA?$AAS?$AAt?$AAa?$AAr?$AAt?$AAu?$AAp?$AA?5?$AAe?$AAr?$AAr?$AA?5?$AA?$CF?$AAi?$AA?6?$AA?$AA@ 0001703c     comm.obj
 0002:00000064       ??_C@_1CG@PEEJGJGN@?$AAs?$AAe?$AAn?$AAd?$AA?$CI?$AA?$CJ?$AA?5?$AAi?$AAn?$AAc?$AAo?$AAm?$AAp?$AAl?$AAe?$AAt?$AAe?$AA?6?$AA?$AA@ 00017064     comm.obj
 0002:0000008c       ??_C@_1CE@CCLNFDHF@?$AAs?$AAe?$AAn?$AAd?$AA?$CI?$AA?$CJ?$AA?5?$AAf?$AAa?$AAi?$AAl?$AAe?$AAd?$AA?5?$AA?$CF?$AAi?$AA?6?$AA?$AA@ 0001708c     comm.obj
 0002:000000b0       ??_C@_1CE@NMKEFGCG@?$AAr?$AAe?$AAc?$AAv?$AA?$CI?$AA?$CJ?$AA?5?$AAf?$AAa?$AAi?$AAl?$AAe?$AAd?$AA?5?$AA?$CF?$AAi?$AA?6?$AA?$AA@ 000170b0     comm.obj
 0002:000000d4       ??_C@_1CG@OKJEHAPN@?$AAs?$AAo?$AAc?$AAk?$AAe?$AAt?$AA_?$AAs?$AAe?$AAr?$AAv?$AAe?$AAr?$AA_?$AAe?$AAn?$AAd?$AA?6?$AA?$AA@ 000170d4     comm.obj
 0002:000000fc       ??_C@_1DK@CFFDLIFF@?$AAc?$AAl?$AAo?$AAs?$AAi?$AAn?$AAg?$AA?5?$AAc?$AAl?$AAi?$AAe?$AAn?$AAt?$AA?5?$AAs?$AAo?$AAc?$AAk?$AAe?$AAt?$AA?3?$AA?5?$AA0?$AAx?$AA?$CF?$AAx?$AA?6?$AA?$AA@ 000170fc     comm.obj
 0002:00000138       ??_C@_1CM@MADNOPIO@?$AAl?$AAi?$AAs?$AAt?$AAe?$AAn?$AAi?$AAn?$AAg?$AA?5?$AAo?$AAn?$AA?5?$AAp?$AAo?$AAr?$AAt?$AA?5?$AA?$CF?$AAi?$AA?6?$AA?$AA@ 00017138     comm.obj
 0002:00000164       ??_C@_1CK@HGPNCABH@?$AAl?$AAi?$AAs?$AAt?$AAe?$AAn?$AA?$CI?$AA?$CJ?$AA?5?$AAf?$AAa?$AAi?$AAl?$AAe?$AAd?$AA?3?$AA?5?$AA?$CF?$AAi?$AA?6?$AA?$AA@ 00017164     comm.obj
 0002:00000190       ??_C@_1DK@MGCIHDEA@?$AAb?$AAi?$AAn?$AAd?$AA?$CI?$AA?$CJ?$AA?5?$AAf?$AAa?$AAi?$AAl?$AAe?$AAd?$AA?3?$AA?5?$AA?$CF?$AAi?$AA?5?$AA?9?$AA?5?$AA0?$AAx?$AA?$CF?$AAx?$AA?3?$AA?$CF?$AAi?$AA?6?$AA?$AA@ 00017190     comm.obj
 0002:000001cc       ??_C@_1DE@FOMDKOLF@?$AAi?$AAo?$AAc?$AAt?$AAl?$AAs?$AAo?$AAc?$AAk?$AAe?$AAt?$AA?$CI?$AA?$CJ?$AA?5?$AAf?$AAa?$AAi?$AAl?$AAe?$AAd?$AA?3?$AA?5?$AA?$CF?$AAi?$AA?6?$AA?$AA@ 000171cc     comm.obj
 0002:00000200       ??_C@_1CO@OKAIGIFP@?$AAc?$AAa?$AAn?$AA?5?$AAn?$AAo?$AAt?$AA?5?$AAc?$AAr?$AAe?$AAa?$AAt?$AAe?$AA?5?$AAs?$AAo?$AAc?$AAk?$AAe?$AAt?$AA?6?$AA?$AA@ 00017200     comm.obj
 0002:00000230       ??_C@_1EG@JJLAHAKE@?$AAc?$AAa?$AAn?$AAn?$AAo?$AAt?$AA?5?$AAs?$AAe?$AAr?$AAv?$AAe?$AA?5?$AAm?$AAo?$AAr?$AAe?$AA?5?$AAt?$AAh?$AAa?$AAn?$AA?5?$AA?$CF?$AAi?$AA?5?$AAc?$AAl?$AAi?$AAe?$AAn?$AAt@ 00017230     comm.obj
 0002:00000278       ??_C@_1GE@JIMABGLN@?$AAa?$AAc?$AAc?$AAe?$AAp?$AAt?$AAe?$AAd?$AA?5?$AAc?$AAl?$AAi?$AAe?$AAn?$AAt?$AA?5?$AA?$CD?$AA?5?$AA?$CF?$AAi?$AA?5?$AA?$CF?$AAi?$AA?4?$AA?$CF?$AAi?$AA?4?$AA?$CF?$AAi?$AA?4?$AA?$CF?$AAi@ 00017278     comm.obj
 0002:000002dc       ??_C@_1DA@BACKKFON@?$AAe?$AAr?$AAr?$AAo?$AAr?$AA?5?$AAa?$AAc?$AAc?$AAe?$AAp?$AAt?$AA?5?$AAf?$AAa?$AAi?$AAl?$AAe?$AAd?$AA?5?$AA?$CF?$AAi?$AA?6?$AA?$AA@ 000172dc     comm.obj
 0002:0000030c       ??_C@_1CA@BPHIFFH@?$AAn?$AAu?$AAm?$AA_?$AAc?$AAl?$AAi?$AAe?$AAn?$AAt?$AAs?$AA?5?$AA?$CF?$AAi?$AA?6?$AA?$AA@ 0001730c     comm.obj
 0002:00000330       ??_C@_1EG@CEDLMFGN@?$AAc?$AAl?$AAo?$AAs?$AAe?$AA?5?$AAs?$AAo?$AAc?$AAk?$AAe?$AAt?$AA?5?$AA0?$AAx?$AA?$CF?$AAx?$AA?0?$AA?5?$AAn?$AAu?$AAm?$AA_?$AAc?$AAl?$AAi?$AAe?$AAn?$AAt?$AAs?$AA?5?$AA?$CF@ 00017330     comm.obj
 0002:00000378       ??_C@_1DC@DDCBHJCF@?$AAi?$AAo?$AAc?$AAt?$AAl?$AAs?$AAo?$AAc?$AAk?$AAe?$AAt?$AA?$CI?$AA?$CJ?$AA?5?$AAf?$AAa?$AAi?$AAl?$AAe?$AAd?$AA?5?$AA?$CF?$AAi?$AA?6?$AA?$AA@ 00017378     comm.obj
 0002:000003ac       ??_C@_1DM@DDLGKLOK@?$AAs?$AAo?$AAc?$AAk?$AAe?$AAt?$AA?5?$AAe?$AAr?$AAr?$AAo?$AAr?$AA?5?$AAi?$AAn?$AA?5?$AAr?$AAe?$AAc?$AAv?$AA?0?$AA?5?$AAr?$AAe?$AAt?$AA?5?$AA?$CF?$AAi?$AA?6?$AA?$AA@ 000173ac     comm.obj
 0002:000003ec       ??_C@_06LPOPHAJE@rtmsrv?$AA@ 000173ec     cpumon.obj
 0002:000003f4       ??_C@_06DEBEKHOP@rtmcli?$AA@ 000173f4     cpumon.obj
 0002:00000400       ??_C@_1FA@IBINMCNL@?$AAd?$AAi?$AAs?$AAc?$AAo?$AAv?$AAe?$AAr?$AAy?$AA?5?$AAs?$AAe?$AAr?$AAv?$AAe?$AAr?$AA?5?$AAf?$AAa?$AAi?$AAl?$AAe?$AAd?$AA?5?$AAt?$AAo?$AA?5?$AAi?$AAn?$AAi?$AAt?$AAi@ 00017400     cpumon.obj
 0002:00000450       ??_C@_1DO@OHFDLDMD@?$AAd?$AAi?$AAs?$AAc?$AAo?$AAv?$AAe?$AAr?$AAy?$AA?5?$AAs?$AAe?$AAr?$AAv?$AAe?$AAr?$AA?5?$AAi?$AAn?$AAi?$AAt?$AAi?$AAa?$AAl?$AAi?$AAz?$AAe?$AAd?$AA?4?$AA?6?$AA?$AA@ 00017450     cpumon.obj
 0002:00000490       ??_C@_0CN@IAMCNGEK@?$CFlu?3priority?6?$CFi?3capture_on_dev?6?$CF@ 00017490     cpumon.obj
 0002:000004c0       ??_C@_1BG@OLIJNHBC@?$AAs?$AAa?$AAv?$AAi?$AAn?$AAg?$AA?5?$AA?$CF?$AAs?$AA?6?$AA?$AA@ 000174c0     cpumon.obj
 0002:000004d8       ??_C@_02BKFDOEMK@wt?$AA@   000174d8     cpumon.obj
 0002:000004e0       ??_C@_1EO@MIJBIFOE@?$AAf?$AAa?$AAi?$AAl?$AAe?$AAd?$AA?5?$AAt?$AAo?$AA?5?$AAg?$AAe?$AAt?$AA?5?$AAw?$AAo?$AAr?$AAk?$AAi?$AAn?$AAg?$AA?5?$AAd?$AAi?$AAr?$AAe?$AAc?$AAt?$AAo?$AAr?$AAy?$AA?5@ 000174e0     cpumon.obj
 0002:00000530       ??_C@_07OJGBNNLN@rtm?4cfg?$AA@ 00017530     cpumon.obj
 0002:00000538       ??_C@_1BA@HJBAMEKO@?$AAr?$AAt?$AAm?$AA?4?$AAc?$AAf?$AAg?$AA?$AA@ 00017538     cpumon.obj
 0002:00000548       ??_C@_0CI@OHCEMNMB@RTM?5file?5?$CC?$CFs?$CC?5set?5to?5record?5data@ 00017548     cpumon.obj
 0002:00000570       ??_C@_09KCAFNBOA@log?$CFs?4rtm?$AA@ 00017570     cpumon.obj
 0002:0000057c       ??_C@_1BE@CFBJDAHI@?$AAl?$AAo?$AAg?$AA?$CF?$AAs?$AA?4?$AAr?$AAt?$AAm?$AA?$AA@ 0001757c     cpumon.obj
 0002:00000590       ??_C@_1CK@LNCOGGAC@?$AAs?$AAa?$AAv?$AAe?$AA?5?$AAt?$AAo?$AA?5?$AAr?$AAt?$AAm?$AA?5?$AAf?$AAi?$AAl?$AAe?$AA?5?$AA?$CF?$AAs?$AA?6?$AA?$AA@ 00017590     cpumon.obj
 0002:000005bc       ??_C@_0P@GGEAEIJE@capture_on_dev?$AA@ 000175bc     cpumon.obj
 0002:000005cc       ??_C@_1CA@NCKJGCLH@?$AAl?$AAo?$AAg?$AA?5?$AAt?$AAo?$AA?5?$AAf?$AAi?$AAl?$AAe?$AA?5?$AA?$CF?$AAs?$AA?6?$AA?$AA@ 000175cc     cpumon.obj
 0002:000005ec       ??_C@_1BC@LGPIFEA@?$AAd?$AAi?$AAs?$AAa?$AAb?$AAl?$AAe?$AAd?$AA?$AA@ 000175ec     cpumon.obj
 0002:00000600       ??_C@_1BA@BKMGIBPB@?$AAe?$AAn?$AAa?$AAb?$AAl?$AAe?$AAd?$AA?$AA@ 00017600     cpumon.obj
 0002:00000610       ??_C@_07HAFPJOBC@logging?$AA@ 00017610     cpumon.obj
 0002:00000618       ??_C@_1CM@IGGFOAJN@?$AAs?$AAe?$AAt?$AA?5?$AAs?$AAn?$AAa?$AAp?$AA?5?$AAi?$AAn?$AAt?$AAe?$AAr?$AAv?$AAa?$AAl?$AA?5?$AA?$CF?$AAi?$AA?6?$AA?$AA@ 00017618     cpumon.obj
 0002:00000644       ??_C@_08CBFCMNKF@interval?$AA@ 00017644     cpumon.obj
 0002:00000650       ??_C@_1CC@FGEJKKIN@?$AAs?$AAe?$AAt?$AA?5?$AAp?$AAr?$AAi?$AAo?$AAr?$AAi?$AAt?$AAy?$AA?5?$AA?$CF?$AAi?$AA?6?$AA?$AA@ 00017650     cpumon.obj
 0002:00000674       ??_C@_05CIHMGJBO@?$CFi?3?$CFs?$AA@ 00017674     cpumon.obj
 0002:0000067c       ??_C@_08IIJFADMF@priority?$AA@ 0001767c     cpumon.obj
 0002:00000688       ??_C@_1BI@OEACMCCG@?$AAl?$AAo?$AAa?$AAd?$AAi?$AAn?$AAg?$AA?5?$AA?$CF?$AAs?$AA?6?$AA?$AA@ 00017688     cpumon.obj
 0002:000006a0       ??_C@_02BMJICGCB@rt?$AA@   000176a0     cpumon.obj
 0002:000006a4       ??_C@_1O@PODECHNM@?$AA?$CF?$AAi?$AA?3?$AA?$CF?$AAs?$AA?6?$AA?$AA@ 000176a4     cpumon.obj
 0002:000006b4       ??_C@_06BEBACANP@?$CFlu?3?$CFs?$AA@ 000176b4     cpumon.obj
 0002:000006bc       ??_C@_1BO@NKKAKFGC@?$AAp?$AAr?$AAo?$AAc?$AAe?$AAs?$AAs?$AAi?$AAn?$AAg?$AA?5?$AA?$CF?$AAs?$AA?6?$AA?$AA@ 000176bc     cpumon.obj
 0002:000006e0       ??_C@_1IA@PCCHHOA@?$AAN?$AAo?$AA?5?$AA?$CC?$AA?$CF?$AAs?$AA?$CC?$AA?5?$AAf?$AAi?$AAl?$AAe?$AA?5?$AAf?$AAo?$AAu?$AAn?$AAd?$AA?4?$AA?5?$AAY?$AAo?$AAu?$AA?5?$AAc?$AAa?$AAn?$AA?5?$AAs?$AAp?$AAe?$AAc@ 000176e0     cpumon.obj
 0002:00000760       ??_C@_13HGPDMIBE@?$AA?$DP?$AA?$AA@ 00017760     cpumon.obj
 0002:00000764       ??_C@_0M@MICKPBCA@threads?4txt?$AA@ 00017764     cpumon.obj
 0002:00000770       ??_C@_1BI@EENIJIDL@?$AAt?$AAh?$AAr?$AAe?$AAa?$AAd?$AAs?$AA?4?$AAt?$AAx?$AAt?$AA?$AA@ 00017770     cpumon.obj
 0002:00000788       ??_C@_1HC@EKKBFGIN@?$AAf?$AAa?$AAi?$AAl?$AAe?$AAd?$AA?5?$AAt?$AAo?$AA?5?$AAa?$AAl?$AAl?$AAo?$AAc?$AAa?$AAt?$AAe?$AA?5?$AA?$CF?$AAi?$AA?5?$AAb?$AAy?$AAt?$AAe?$AAs?$AA?5?$AAo?$AAf?$AA?5?$AAp@ 00017788     cpumon.obj
 0002:000007fc       ??_C@_1BE@PAKAHDCL@?$AA?$CF?$AAi?$AA?5?$AA?9?$AA?$DO?$AA?5?$AA?$CF?$AAi?$AA?6?$AA?$AA@ 000177fc     cpumon.obj
 0002:00000810       ??_C@_1FK@JHGKFFNC@?$AAf?$AAa?$AAi?$AAl?$AAe?$AAd?$AA?5?$AAt?$AAo?$AA?5?$AAa?$AAl?$AAl?$AAo?$AAc?$AAa?$AAt?$AAe?$AA?5?$AAp?$AAr?$AAo?$AAc?$AAe?$AAs?$AAs?$AA?5?$AAm?$AAe?$AAm?$AAo?$AAr@ 00017810     cpumon.obj
 0002:0000086c       ??_C@_1DE@HKBKDOAF@?$AAi?$AAn?$AAc?$AAr?$AAe?$AAa?$AAs?$AAi?$AAn?$AAg?$AA?5?$AAp?$AAs?$AA?5?$AAa?$AAr?$AAr?$AAa?$AAy?$AA?5?$AAs?$AAi?$AAz?$AAe?$AA?6?$AA?$AA@ 0001786c     cpumon.obj
 0002:000008a0       ??_C@_1HA@NFJNHHPN@?$AAf?$AAa?$AAi?$AAl?$AAe?$AAd?$AA?5?$AAt?$AAo?$AA?5?$AAa?$AAl?$AAl?$AAo?$AAc?$AAa?$AAt?$AAe?$AA?5?$AA?$CF?$AAi?$AA?5?$AAb?$AAy?$AAt?$AAe?$AAs?$AA?5?$AAo?$AAf?$AA?5?$AAt@ 000178a0     cpumon.obj
 0002:00000910       ??_C@_1FI@KGNCKKMH@?$AAf?$AAa?$AAi?$AAl?$AAe?$AAd?$AA?5?$AAt?$AAo?$AA?5?$AAa?$AAl?$AAl?$AAo?$AAc?$AAa?$AAt?$AAe?$AA?5?$AAt?$AAh?$AAr?$AAe?$AAa?$AAd?$AA?5?$AAm?$AAe?$AAm?$AAo?$AAr?$AAy@ 00017910     cpumon.obj
 0002:00000968       ??_C@_1FA@CCNNIALB@?$AAT?$AAe?$AAr?$AAm?$AAi?$AAn?$AAa?$AAt?$AAe?$AAP?$AAr?$AAo?$AAc?$AAe?$AAs?$AAs?$AA?5?$AAF?$AAA?$AAI?$AAL?$AAE?$AAD?$AA?5?$AAw?$AAi?$AAt?$AAh?$AA?5?$AAe?$AAr?$AAr@ 00017968     cpumon.obj
 0002:000009b8       ??_C@_1FI@MAAJKOIC@?$AAC?$AAe?$AAG?$AAe?$AAt?$AAP?$AAr?$AAo?$AAc?$AAe?$AAs?$AAs?$AAA?$AAf?$AAf?$AAi?$AAn?$AAi?$AAt?$AAy?$AA?5?$AAF?$AAA?$AAI?$AAL?$AAE?$AAD?$AA?5?$AAw?$AAi?$AAt?$AAh@ 000179b8     cpumon.obj
 0002:00000a10       ??_C@_1FA@CPPPNDBE@?$AAC?$AAe?$AAS?$AAe?$AAt?$AAP?$AAr?$AAo?$AAc?$AAe?$AAs?$AAs?$AAA?$AAf?$AAf?$AAi?$AAn?$AAi?$AAt?$AAy?$AA?5?$AAf?$AAa?$AAi?$AAl?$AAe?$AAd?$AA?5?$AAw?$AAi?$AAt?$AAh@ 00017a10     cpumon.obj
 0002:00000a60       ??_C@_1EO@MBNOEIMN@?$AAC?$AAe?$AAS?$AAe?$AAt?$AAT?$AAh?$AAr?$AAe?$AAa?$AAd?$AAA?$AAf?$AAf?$AAi?$AAn?$AAi?$AAt?$AAy?$AA?5?$AAf?$AAa?$AAi?$AAl?$AAe?$AAd?$AA?5?$AAw?$AAi?$AAt?$AAh?$AA?5@ 00017a60     cpumon.obj
 0002:00000ab0       ??_C@_1EO@IBOCFPH@?$AAf?$AAa?$AAi?$AAl?$AAe?$AAd?$AA?5?$AAt?$AAo?$AA?5?$AAs?$AAt?$AAa?$AAr?$AAt?$AA?5?$AAp?$AAr?$AAo?$AAc?$AAe?$AAs?$AAs?$AA?5?$AA?$CC?$AA?$CF?$AAs?$AA?$CC?$AA?0?$AA?5?$AAe?$AAr@ 00017ab0     cpumon.obj
 0002:00000b00       ??_C@_1EK@LFJPEHJB@?$AAf?$AAa?$AAi?$AAl?$AAe?$AAd?$AA?5?$AAt?$AAo?$AA?5?$AAs?$AAt?$AAa?$AAr?$AAt?$AA?5?$AAc?$AAl?$AAo?$AAn?$AAe?$AA?5?$AA?$CC?$AA?$CF?$AAs?$AA?$CC?$AA?0?$AA?5?$AAe?$AAr?$AAr?$AA?3@ 00017b00     cpumon.obj
 0002:00000b50       ??_C@_1EC@DDKJKCEG@?$AAf?$AAa?$AAi?$AAl?$AAe?$AAd?$AA?5?$AAt?$AAo?$AA?5?$AAr?$AAe?$AAs?$AAt?$AAa?$AAr?$AAt?$AA?5?$AA?$CC?$AA?$CF?$AAs?$AA?$CC?$AA?0?$AA?5?$AAe?$AAr?$AAr?$AA?3?$AA?5?$AA?$CF?$AAi?$AA?6@ 00017b50     cpumon.obj
 0002:00000b98       ??_C@_1EO@LEFPAMMO@?$AAf?$AAa?$AAi?$AAl?$AAe?$AAd?$AA?5?$AAt?$AAo?$AA?5?$AAr?$AAe?$AAs?$AAt?$AAa?$AAr?$AAt?$AA?5?$AAc?$AAe?$AAm?$AAo?$AAn?$AA?5?$AA?$CC?$AA?$CF?$AAs?$AA?$CC?$AA?0?$AA?5?$AAe?$AAr@ 00017b98     cpumon.obj
 0002:00000be8       ??_C@_1FA@CPFAMMNK@?$AAC?$AAe?$AAS?$AAe?$AAt?$AAT?$AAh?$AAr?$AAe?$AAa?$AAd?$AAP?$AAr?$AAi?$AAo?$AAr?$AAi?$AAt?$AAy?$AA?5?$AAf?$AAa?$AAi?$AAl?$AAe?$AAd?$AA?5?$AAw?$AAi?$AAt?$AAh?$AA?5@ 00017be8     cpumon.obj
 0002:00000c38       ??_C@_1FM@FGKJKAPP@?$AAF?$AAa?$AAi?$AAl?$AAe?$AAd?$AA?5?$AAt?$AAo?$AA?5?$AAc?$AAr?$AAe?$AAa?$AAt?$AAe?$AA?5?$AAs?$AAn?$AAa?$AAp?$AAs?$AAh?$AAo?$AAt?$AA?4?$AA?5?$AAE?$AAr?$AAr?$AA?3?$AA?5@ 00017c38     cpumon.obj
 0002:00000c94       ??_C@_1DA@GONFPKP@?$AAP?$AAr?$AAo?$AAc?$AAe?$AAs?$AAs?$AA3?$AA2?$AAF?$AAi?$AAr?$AAs?$AAt?$AA?5?$AAe?$AAr?$AAr?$AA?5?$AA?$CF?$AAi?$AA?4?$AA?6?$AA?$AA@ 00017c94     cpumon.obj
 0002:00000cc4       ??_C@_1DO@JKIGBADO@?$AAG?$AAe?$AAt?$AAT?$AAh?$AAr?$AAe?$AAa?$AAd?$AAT?$AAi?$AAm?$AAe?$AAs?$AA?5?$AAf?$AAa?$AAi?$AAl?$AAe?$AAd?$AA?0?$AA?5?$AAe?$AAr?$AAr?$AA?5?$AA?$CF?$AAi?$AA?6?$AA?$AA@ 00017cc4     cpumon.obj
 0002:00000d04       ??_C@_1CO@HIJODEKL@?$AAT?$AAh?$AAr?$AAe?$AAa?$AAd?$AA3?$AA2?$AAF?$AAi?$AAr?$AAs?$AAt?$AA?5?$AAe?$AAr?$AAr?$AA?5?$AA?$CF?$AAi?$AA?4?$AA?6?$AA?$AA@ 00017d04     cpumon.obj
 0002:00000d38       ??_C@_1EI@LPFEBCLL@?$AAC?$AAe?$AAG?$AAe?$AAt?$AAI?$AAd?$AAl?$AAe?$AAT?$AAi?$AAm?$AAe?$AAE?$AAx?$AA?5?$AAf?$AAa?$AAi?$AAl?$AAe?$AAd?$AA?5?$AAf?$AAo?$AAr?$AA?5?$AAc?$AAo?$AAr?$AAe?$AA?5@ 00017d38     cpumon.obj
 0002:00000d80       ??_C@_1BA@LANPECLJ@?$AAE?$AAx?$AAi?$AAt?$AAe?$AAd?$AA?6?$AA?$AA@ 00017d80     cpumon.obj
 0002:00000d90       ??_C@_17CHOLIMHJ@?$AA1?$AA0?$AA0?$AA?$AA@ 00017d90     cpumon.obj
 0002:00000d98       ??_C@_03DOPCBAKB@a?$CLb?$AA@ 00017d98     cpumon.obj
 0002:00000da0       ??_C@_1HG@PCMNBLAM@?$AAf?$AAa?$AAi?$AAl?$AAe?$AAd?$AA?5?$AAt?$AAo?$AA?5?$AAa?$AAl?$AAl?$AAo?$AAc?$AAa?$AAt?$AAe?$AA?5?$AA?$CF?$AAi?$AA?5?$AAb?$AAy?$AAt?$AAe?$AAs?$AA?5?$AAo?$AAf?$AA?5?$AAs@ 00017da0     cpumon.obj
 0002:00000e18       ??_C@_1HE@BOMJIMCC@?$AAf?$AAa?$AAi?$AAl?$AAe?$AAd?$AA?5?$AAt?$AAo?$AA?5?$AAa?$AAl?$AAl?$AAo?$AAc?$AAa?$AAt?$AAe?$AA?5?$AA?$CF?$AAi?$AA?5?$AAb?$AAy?$AAt?$AAe?$AAs?$AA?5?$AAo?$AAf?$AA?5?$AAs@ 00017e18     cpumon.obj
 0002:00000e8c       ??_C@_1DA@FMEKCBD@?$AAs?$AAo?$AAc?$AAk?$AAe?$AAt?$AA_?$AAs?$AAe?$AAr?$AAv?$AAe?$AAr?$AA_?$AAi?$AAn?$AAi?$AAt?$AA?5?$AAo?$AAk?$AA?4?$AA?6?$AA?$AA@ 00017e8c     cpumon.obj
 0002:00000ebc       ??_C@_1CE@PDMFPDAA@?$AAw?$AAi?$AAn?$AAs?$AAo?$AAc?$AAk?$AA_?$AAi?$AAn?$AAi?$AAt?$AA?5?$AAo?$AAk?$AA?4?$AA?6?$AA?$AA@ 00017ebc     cpumon.obj
 0002:00000ee0       ??_C@_1HA@FDAHHHJB@?$AAf?$AAa?$AAi?$AAl?$AAe?$AAd?$AA?5?$AAt?$AAo?$AA?5?$AAa?$AAl?$AAl?$AAo?$AAc?$AAa?$AAt?$AAe?$AA?5?$AA?$CF?$AAi?$AA?5?$AAb?$AAy?$AAt?$AAe?$AAs?$AA?5?$AAo?$AAf?$AA?5?$AAi@ 00017ee0     cpumon.obj
 0002:00000f50       ??_C@_1EC@NKPCLGBL@?$AAs?$AAt?$AAa?$AAr?$AAt?$AA?5?$AAo?$AAk?$AA?4?$AA?5?$AAC?$AAe?$AAm?$AAo?$AAn?$AA?5?$AAv?$AAe?$AAr?$AAs?$AAi?$AAo?$AAn?$AA?5?$AA?$CF?$AAi?$AA?4?$AA?$CF?$AA0?$AA2?$AAi?$AA?6@ 00017f50     cpumon.obj
 0002:00000f94       ??_C@_1DI@EFDBDFK@?$AAC?$AAe?$AAS?$AAe?$AAt?$AAT?$AAh?$AAr?$AAe?$AAa?$AAd?$AAA?$AAf?$AAf?$AAi?$AAn?$AAi?$AAt?$AAy?$AA?5?$AAf?$AAo?$AAu?$AAn?$AAd?$AA?$CB?$AA?6?$AA?$AA@ 00017f94     cpumon.obj
 0002:00000fd0       ??_C@_1EA@IIIHLFCH@?$AAi?$AAn?$AAi?$AAt?$AAi?$AAa?$AAl?$AAi?$AAz?$AAi?$AAn?$AAg?$AA?5?$AAr?$AAa?$AAn?$AAd?$AAo?$AAm?$AA?$CD?$AA?5?$AAg?$AAe?$AAn?$AAe?$AAr?$AAa?$AAt?$AAo?$AAr?$AA?6?$AA?$AA@ 00017fd0     cpumon.obj
 0002:00001010       ??_C@_1BK@GAANKGGA@?$AAi?$AAn?$AAi?$AAt?$AAi?$AAa?$AAl?$AAi?$AAz?$AAe?$AAd?$AA?6?$AA?$AA@ 00018010     cpumon.obj
 0002:00001030       ??_C@_1EA@JKBOOFDH@?$AAC?$AAe?$AAS?$AAe?$AAt?$AAT?$AAh?$AAr?$AAe?$AAa?$AAd?$AAA?$AAf?$AAf?$AAi?$AAn?$AAi?$AAt?$AAy?$AA?5?$AAn?$AAo?$AAt?$AA?5?$AAf?$AAo?$AAu?$AAn?$AAd?$AA?$CB?$AA?6?$AA?$AA@ 00018030     cpumon.obj
 0002:00001070       ??_C@_1DK@HCKHNAFO@?$AAC?$AAe?$AAS?$AAe?$AAt?$AAP?$AAr?$AAo?$AAc?$AAe?$AAs?$AAs?$AAA?$AAf?$AAf?$AAi?$AAn?$AAi?$AAt?$AAy?$AA?5?$AAf?$AAo?$AAu?$AAn?$AAd?$AA?$CB?$AA?6?$AA?$AA@ 00018070     cpumon.obj
 0002:000010ac       ??_C@_1CI@DNNCLLJP@?$AAC?$AAe?$AAS?$AAe?$AAt?$AAT?$AAh?$AAr?$AAe?$AAa?$AAd?$AAA?$AAf?$AAf?$AAi?$AAn?$AAi?$AAt?$AAy?$AA?$AA@ 000180ac     cpumon.obj
 0002:000010d8       ??_C@_1EC@BLDACALL@?$AAC?$AAe?$AAS?$AAe?$AAt?$AAP?$AAr?$AAo?$AAc?$AAe?$AAs?$AAs?$AAA?$AAf?$AAf?$AAi?$AAn?$AAi?$AAt?$AAy?$AA?5?$AAn?$AAo?$AAt?$AA?5?$AAf?$AAo?$AAu?$AAn?$AAd?$AA?$CB?$AA?6@ 000180d8     cpumon.obj
 0002:0000111c       ??_C@_1DI@FCGLDKLK@?$AAC?$AAe?$AAG?$AAe?$AAt?$AAT?$AAh?$AAr?$AAe?$AAa?$AAd?$AAA?$AAf?$AAf?$AAi?$AAn?$AAi?$AAt?$AAy?$AA?5?$AAf?$AAo?$AAu?$AAn?$AAd?$AA?$CB?$AA?6?$AA?$AA@ 0001811c     cpumon.obj
 0002:00001154       ??_C@_1CK@GBIEJJEA@?$AAC?$AAe?$AAS?$AAe?$AAt?$AAP?$AAr?$AAo?$AAc?$AAe?$AAs?$AAs?$AAA?$AAf?$AAf?$AAi?$AAn?$AAi?$AAt?$AAy?$AA?$AA@ 00018154     cpumon.obj
 0002:00001180       ??_C@_1EA@BMJBADLC@?$AAC?$AAe?$AAG?$AAe?$AAt?$AAT?$AAh?$AAr?$AAe?$AAa?$AAd?$AAA?$AAf?$AAf?$AAi?$AAn?$AAi?$AAt?$AAy?$AA?5?$AAn?$AAo?$AAt?$AA?5?$AAf?$AAo?$AAu?$AAn?$AAd?$AA?$CB?$AA?6?$AA?$AA@ 00018180     cpumon.obj
 0002:000011c0       ??_C@_1DK@GOGLONOG@?$AAC?$AAe?$AAG?$AAe?$AAt?$AAP?$AAr?$AAo?$AAc?$AAe?$AAs?$AAs?$AAA?$AAf?$AAf?$AAi?$AAn?$AAi?$AAt?$AAy?$AA?5?$AAf?$AAo?$AAu?$AAn?$AAd?$AA?$CB?$AA?6?$AA?$AA@ 000181c0     cpumon.obj
 0002:000011fc       ??_C@_1CI@OEMDIBFE@?$AAC?$AAe?$AAG?$AAe?$AAt?$AAT?$AAh?$AAr?$AAe?$AAa?$AAd?$AAA?$AAf?$AAf?$AAi?$AAn?$AAi?$AAt?$AAy?$AA?$AA@ 000181fc     cpumon.obj
 0002:00001228       ??_C@_1EC@BEKNINHH@?$AAC?$AAe?$AAG?$AAe?$AAt?$AAP?$AAr?$AAo?$AAc?$AAe?$AAs?$AAs?$AAA?$AAf?$AAf?$AAi?$AAn?$AAi?$AAt?$AAy?$AA?5?$AAn?$AAo?$AAt?$AA?5?$AAf?$AAo?$AAu?$AAn?$AAd?$AA?$CB?$AA?6@ 00018228     cpumon.obj
 0002:0000126c       ??_C@_1DG@HMOFNIJD@?$AAG?$AAl?$AAo?$AAb?$AAa?$AAl?$AAM?$AAe?$AAm?$AAo?$AAr?$AAy?$AAS?$AAt?$AAa?$AAt?$AAu?$AAs?$AA?5?$AAf?$AAo?$AAu?$AAn?$AAd?$AA?$CB?$AA?6?$AA?$AA@ 0001826c     cpumon.obj
 0002:000012a4       ??_C@_1CK@IPIGJHGG@?$AAC?$AAe?$AAG?$AAe?$AAt?$AAP?$AAr?$AAo?$AAc?$AAe?$AAs?$AAs?$AAA?$AAf?$AAf?$AAi?$AAn?$AAi?$AAt?$AAy?$AA?$AA@ 000182a4     cpumon.obj
 0002:000012d0       ??_C@_1DO@DENMCJDM@?$AAG?$AAl?$AAo?$AAb?$AAa?$AAl?$AAM?$AAe?$AAm?$AAo?$AAr?$AAy?$AAS?$AAt?$AAa?$AAt?$AAu?$AAs?$AA?5?$AAn?$AAo?$AAt?$AA?5?$AAf?$AAo?$AAu?$AAn?$AAd?$AA?$CB?$AA?6?$AA?$AA@ 000182d0     cpumon.obj
 0002:00001310       ??_C@_1DO@ONKBBOEC@?$AAG?$AAe?$AAt?$AAS?$AAy?$AAs?$AAt?$AAe?$AAm?$AAP?$AAo?$AAw?$AAe?$AAr?$AAS?$AAt?$AAa?$AAt?$AAu?$AAs?$AAE?$AAx?$AA?5?$AAf?$AAo?$AAu?$AAn?$AAd?$AA?$CB?$AA?6?$AA?$AA@ 00018310     cpumon.obj
 0002:00001350       ??_C@_1CG@JOGHHDDK@?$AAG?$AAl?$AAo?$AAb?$AAa?$AAl?$AAM?$AAe?$AAm?$AAo?$AAr?$AAy?$AAS?$AAt?$AAa?$AAt?$AAu?$AAs?$AA?$AA@ 00018350     cpumon.obj
 0002:00001378       ??_C@_1EG@CJAJLDNF@?$AAG?$AAe?$AAt?$AAS?$AAy?$AAs?$AAt?$AAe?$AAm?$AAP?$AAo?$AAw?$AAe?$AAr?$AAS?$AAt?$AAa?$AAt?$AAu?$AAs?$AAE?$AAx?$AA?5?$AAn?$AAo?$AAt?$AA?5?$AAf?$AAo?$AAu?$AAn?$AAd@ 00018378     cpumon.obj
 0002:000013c0       ??_C@_1DA@NLMEKFGA@?$AAC?$AAe?$AAG?$AAe?$AAt?$AAI?$AAd?$AAl?$AAe?$AAT?$AAi?$AAm?$AAe?$AAE?$AAx?$AA?5?$AAf?$AAo?$AAu?$AAn?$AAd?$AA?$CB?$AA?6?$AA?$AA@ 000183c0     cpumon.obj
 0002:000013f0       ??_C@_1CO@DOEJNFOA@?$AAG?$AAe?$AAt?$AAS?$AAy?$AAs?$AAt?$AAe?$AAm?$AAP?$AAo?$AAw?$AAe?$AAr?$AAS?$AAt?$AAa?$AAt?$AAu?$AAs?$AAE?$AAx?$AA?$AA@ 000183f0     cpumon.obj
 0002:00001420       ??_C@_1DE@KNEADIAB@?$AAG?$AAe?$AAt?$AAI?$AAd?$AAl?$AAe?$AAT?$AAi?$AAm?$AAe?$AAE?$AAx?$AA?5?$AAn?$AAo?$AAt?$AA?5?$AAf?$AAo?$AAu?$AAn?$AAd?$AA?$CB?$AA?6?$AA?$AA@ 00018420     cpumon.obj
 0002:00001454       ??_C@_1DG@OCOBAFPC@?$AAG?$AAe?$AAt?$AAT?$AAh?$AAr?$AAe?$AAa?$AAd?$AAC?$AAa?$AAl?$AAl?$AAS?$AAt?$AAa?$AAc?$AAk?$AA?5?$AAf?$AAo?$AAu?$AAn?$AAd?$AA?$CB?$AA?6?$AA?$AA@ 00018454     cpumon.obj
 0002:0000148c       ??_C@_1CA@DEFEPFGN@?$AAC?$AAe?$AAG?$AAe?$AAt?$AAI?$AAd?$AAl?$AAe?$AAT?$AAi?$AAm?$AAe?$AAE?$AAx?$AA?$AA@ 0001848c     cpumon.obj
 0002:000014ac       ??_C@_1DO@BHCODAPL@?$AAG?$AAe?$AAt?$AAT?$AAh?$AAr?$AAe?$AAa?$AAd?$AAC?$AAa?$AAl?$AAl?$AAS?$AAt?$AAa?$AAc?$AAk?$AA?5?$AAn?$AAo?$AAt?$AA?5?$AAf?$AAo?$AAu?$AAn?$AAd?$AA?$CB?$AA?6?$AA?$AA@ 000184ac     cpumon.obj
 0002:000014ec       ??_C@_1DG@DACADDBG@?$AAC?$AAo?$AAn?$AAt?$AAi?$AAn?$AAu?$AAe?$AAD?$AAe?$AAb?$AAu?$AAg?$AAE?$AAv?$AAe?$AAn?$AAt?$AA?5?$AAf?$AAo?$AAu?$AAn?$AAd?$AA?$CB?$AA?6?$AA?$AA@ 000184ec     cpumon.obj
 0002:00001524       ??_C@_1CG@BNAPHKFC@?$AAG?$AAe?$AAt?$AAT?$AAh?$AAr?$AAe?$AAa?$AAd?$AAC?$AAa?$AAl?$AAl?$AAS?$AAt?$AAa?$AAc?$AAk?$AA?$AA@ 00018524     cpumon.obj
 0002:0000154c       ??_C@_1DO@PCIGGKCA@?$AAC?$AAo?$AAn?$AAt?$AAi?$AAn?$AAu?$AAe?$AAD?$AAe?$AAb?$AAu?$AAg?$AAE?$AAv?$AAe?$AAn?$AAt?$AA?5?$AAn?$AAo?$AAt?$AA?5?$AAf?$AAo?$AAu?$AAn?$AAd?$AA?$CB?$AA?6?$AA?$AA@ 0001854c     cpumon.obj
 0002:0000158c       ??_C@_1DE@KEPBNEML@?$AAW?$AAa?$AAi?$AAt?$AAF?$AAo?$AAr?$AAD?$AAe?$AAb?$AAu?$AAg?$AAE?$AAv?$AAe?$AAn?$AAt?$AA?5?$AAf?$AAo?$AAu?$AAn?$AAd?$AA?$CB?$AA?6?$AA?$AA@ 0001858c     cpumon.obj
 0002:000015c0       ??_C@_1CG@NOCDNAMN@?$AAC?$AAo?$AAn?$AAt?$AAi?$AAn?$AAu?$AAe?$AAD?$AAe?$AAb?$AAu?$AAg?$AAE?$AAv?$AAe?$AAn?$AAt?$AA?$AA@ 000185c0     cpumon.obj
 0002:000015e8       ??_C@_1DM@FEHNNPCO@?$AAW?$AAa?$AAi?$AAt?$AAF?$AAo?$AAr?$AAD?$AAe?$AAb?$AAu?$AAg?$AAE?$AAv?$AAe?$AAn?$AAt?$AA?5?$AAn?$AAo?$AAt?$AA?5?$AAf?$AAo?$AAu?$AAn?$AAd?$AA?$CB?$AA?6?$AA?$AA@ 000185e8     cpumon.obj
 0002:00001628       ??_C@_1EC@HCMIAPMK@?$AAS?$AAe?$AAt?$AAP?$AAr?$AAo?$AAc?$AAP?$AAe?$AAr?$AAm?$AAi?$AAs?$AAs?$AAi?$AAo?$AAn?$AAs?$AA?$CI?$AA0?$AAx?$AAF?$AAF?$AAF?$AAF?$AAF?$AAF?$AAF?$AAF?$AA?$CJ?$AA?4?$AA?6@ 00018628     cpumon.obj
 0002:0000166c       ??_C@_1CE@DGBECBPM@?$AAW?$AAa?$AAi?$AAt?$AAF?$AAo?$AAr?$AAD?$AAe?$AAb?$AAu?$AAg?$AAE?$AAv?$AAe?$AAn?$AAt?$AA?$AA@ 0001866c     cpumon.obj
 0002:00001690       ??_C@_1FA@MECFMHLK@?$AAS?$AAe?$AAt?$AAP?$AAr?$AAo?$AAc?$AAP?$AAe?$AAr?$AAm?$AAi?$AAs?$AAs?$AAi?$AAo?$AAn?$AAs?$AA?5?$AAn?$AAo?$AAt?$AA?5?$AAf?$AAo?$AAu?$AAn?$AAd?$AA?4?$AA?5?$AAE?$AAx@ 00018690     cpumon.obj
 0002:000016e0       ??_C@_1CG@LECDKENP@?$AAS?$AAe?$AAt?$AAP?$AAr?$AAo?$AAc?$AAP?$AAe?$AAr?$AAm?$AAi?$AAs?$AAs?$AAi?$AAo?$AAn?$AAs?$AA?$AA@ 000186e0     cpumon.obj
 0002:00001708       ??_C@_1CO@MIGKOGOI@?$AAO?$AAp?$AAe?$AAn?$AAT?$AAh?$AAr?$AAe?$AAa?$AAd?$AA?5?$AAn?$AAo?$AAt?$AA?5?$AAf?$AAo?$AAu?$AAn?$AAd?$AA?$CB?$AA?6?$AA?$AA@ 00018708     cpumon.obj
 0002:00001738       ??_C@_1CC@EPECNINB@?$AAc?$AAo?$AAr?$AAe?$AAd?$AAl?$AAl?$AA?5?$AAl?$AAo?$AAa?$AAd?$AAe?$AAd?$AA?4?$AA?6?$AA?$AA@ 00018738     cpumon.obj
 0002:0000175c       ??_C@_1BG@JJJAOFJK@?$AAO?$AAp?$AAe?$AAn?$AAT?$AAh?$AAr?$AAe?$AAa?$AAd?$AA?$AA@ 0001875c     cpumon.obj
 0002:00001778       ??_C@_1FE@KCDABPLD@?$AAL?$AAo?$AAa?$AAd?$AAL?$AAi?$AAb?$AAr?$AAa?$AAr?$AAy?$AA?5?$AAc?$AAo?$AAr?$AAe?$AAd?$AAl?$AAl?$AA?4?$AAd?$AAl?$AAl?$AA?5?$AAf?$AAa?$AAi?$AAl?$AAe?$AAd?$AA?4?$AA?5@ 00018778     cpumon.obj
 0002:000017cc       ??_C@_1BI@CJKPFBEK@?$AAc?$AAo?$AAr?$AAe?$AAd?$AAl?$AAl?$AA?4?$AAd?$AAl?$AAl?$AA?$AA@ 000187cc     cpumon.obj
 0002:000017e8       ??_C@_1EM@FDPIGOIB@?$AAR?$AAe?$AAg?$AAQ?$AAu?$AAe?$AAr?$AAy?$AAV?$AAa?$AAl?$AAu?$AAe?$AAE?$AAx?$AA?5?$AAD?$AAu?$AAm?$AAp?$AAD?$AAi?$AAr?$AAe?$AAc?$AAt?$AAo?$AAr?$AAy?$AA?5?$AAe?$AAr@ 000187e8     debugger.obj
 0002:00001834       ??_C@_1BM@PMOMDJNA@?$AAD?$AAu?$AAm?$AAp?$AAD?$AAi?$AAr?$AAe?$AAc?$AAt?$AAo?$AAr?$AAy?$AA?$AA@ 00018834     debugger.obj
 0002:00001850       ??_C@_1DE@KNINEMNF@?$AAR?$AAe?$AAg?$AAO?$AAp?$AAe?$AAn?$AAK?$AAe?$AAy?$AAE?$AAx?$AA?5?$AA?$CC?$AA?$CF?$AAs?$AA?$CC?$AA?5?$AAe?$AAr?$AAr?$AA?3?$AA?$CF?$AAi?$AA?6?$AA?$AA@ 00018850     debugger.obj
 0002:00001888       ??_C@_1EG@PJHCPOF@?$AAS?$AAy?$AAs?$AAt?$AAe?$AAm?$AA?2?$AAE?$AAr?$AAr?$AAo?$AAr?$AAR?$AAe?$AAp?$AAo?$AAr?$AAt?$AAi?$AAn?$AAg?$AA?2?$AAD?$AAu?$AAm?$AAp?$AAS?$AAe?$AAt?$AAt?$AAi?$AAn@ 00018888     debugger.obj
 0002:000018d0       ??_C@_1FE@IJCJIENB@?$AAC?$AAr?$AAe?$AAa?$AAt?$AAe?$AAE?$AAv?$AAe?$AAn?$AAt?$AA?5?$AAg?$AAd?$AAb?$AAg?$AAc?$AAt?$AAx?$AA?4?$AAc?$AAr?$AAa?$AAs?$AAh?$AA?5?$AAf?$AAa?$AAi?$AAl?$AAe?$AAd@ 000188d0     debugger.obj
 0002:00001928       ??_C@_1FA@KGPHMICH@?$AAC?$AAr?$AAe?$AAa?$AAt?$AAe?$AAE?$AAv?$AAe?$AAn?$AAt?$AA?5?$AAg?$AAd?$AAb?$AAg?$AAc?$AAt?$AAx?$AA?4?$AAa?$AAc?$AAk?$AA?5?$AAf?$AAa?$AAi?$AAl?$AAe?$AAd?$AA?5?$AAe@ 00018928     debugger.obj
 0002:00001978       ??_C@_1FC@LGGHJIKL@?$AAC?$AAr?$AAe?$AAa?$AAt?$AAe?$AAE?$AAv?$AAe?$AAn?$AAt?$AA?5?$AAg?$AAd?$AAb?$AAg?$AAc?$AAt?$AAx?$AA?4?$AAd?$AAo?$AAn?$AAe?$AA?5?$AAf?$AAa?$AAi?$AAl?$AAe?$AAd?$AA?5@ 00018978     debugger.obj
 0002:000019cc       ??_C@_1CC@EEPOGMAL@?$AA0?$AAx?$AA?$CF?$AAx?$AA?7?$AA0?$AAx?$AA?$CF?$AAx?$AA?7?$AA0?$AAx?$AA?$CF?$AAx?$AA?7?$AA?6?$AA?$AA@ 000189cc     debugger.obj
 0002:000019f0       ??_C@_1KI@BGMDJNBA@?$AA?$CD?$AA?$CD?$AA?$CD?$AA?5?$AA?$CF?$AAi?$AA?5?$AAc?$AAh?$AAa?$AAn?$AAc?$AAe?$AA?5?$AAe?$AAx?$AAc?$AAe?$AAp?$AAt?$AAi?$AAo?$AAn?$AA?5?$AA?$CF?$AAs?$AA?5?$AAa?$AAt?$AA?5?$AAa?$AAd@ 000189f0     debugger.obj
 0002:00001a98       ??_C@_1DK@EEPECJJJ@?$AAE?$AAX?$AAC?$AAE?$AAP?$AAT?$AAI?$AAO?$AAN?$AA_?$AAI?$AAN?$AAT?$AA_?$AAD?$AAI?$AAV?$AAI?$AAD?$AAE?$AA_?$AAB?$AAY?$AA_?$AAZ?$AAE?$AAR?$AAO?$AA?$AA@ 00018a98     debugger.obj
 0002:00001ad4       ??_C@_1CO@FMAJHLPF@?$AAE?$AAX?$AAC?$AAE?$AAP?$AAT?$AAI?$AAO?$AAN?$AA_?$AAI?$AAN?$AAT?$AA_?$AAO?$AAV?$AAE?$AAR?$AAF?$AAL?$AAO?$AAW?$AA?$AA@ 00018ad4     debugger.obj
 0002:00001b04       ??_C@_1DG@PNCKAKMD@?$AAE?$AAX?$AAC?$AAE?$AAP?$AAT?$AAI?$AAO?$AAN?$AA_?$AAP?$AAR?$AAI?$AAV?$AA_?$AAI?$AAN?$AAS?$AAT?$AAR?$AAU?$AAC?$AAT?$AAI?$AAO?$AAN?$AA?$AA@ 00018b04     debugger.obj
 0002:00001b3c       ??_C@_1DC@FCIJDDJO@?$AAE?$AAX?$AAC?$AAE?$AAP?$AAT?$AAI?$AAO?$AAN?$AA_?$AAS?$AAT?$AAA?$AAC?$AAK?$AA_?$AAO?$AAV?$AAE?$AAR?$AAF?$AAL?$AAO?$AAW?$AA?$AA@ 00018b3c     debugger.obj
 0002:00001b70       ??_C@_1BA@LEPJIIOK@?$AAU?$AAn?$AAk?$AAn?$AAo?$AAw?$AAn?$AA?$AA@ 00018b70     debugger.obj
 0002:00001b80       ??_C@_1DA@LOCKLJOH@?$AAE?$AAX?$AAC?$AAE?$AAP?$AAT?$AAI?$AAO?$AAN?$AA_?$AAF?$AAL?$AAT?$AA_?$AAU?$AAN?$AAD?$AAE?$AAR?$AAF?$AAL?$AAO?$AAW?$AA?$AA@ 00018b80     debugger.obj
 0002:00001bb0       ??_C@_1DK@JOHFNPA@?$AAE?$AAX?$AAC?$AAE?$AAP?$AAT?$AAI?$AAO?$AAN?$AA_?$AAF?$AAL?$AAT?$AA_?$AAI?$AAN?$AAE?$AAX?$AAA?$AAC?$AAT?$AA_?$AAR?$AAE?$AAS?$AAU?$AAL?$AAT?$AA?$AA@ 00018bb0     debugger.obj
 0002:00001bf0       ??_C@_1EA@GFBMCNAN@?$AAE?$AAX?$AAC?$AAE?$AAP?$AAT?$AAI?$AAO?$AAN?$AA_?$AAF?$AAL?$AAT?$AA_?$AAI?$AAN?$AAV?$AAA?$AAL?$AAI?$AAD?$AA_?$AAO?$AAP?$AAE?$AAR?$AAA?$AAT?$AAI?$AAO?$AAN?$AA?$AA@ 00018bf0     debugger.obj
 0002:00001c30       ??_C@_1CO@INIOBGA@?$AAE?$AAX?$AAC?$AAE?$AAP?$AAT?$AAI?$AAO?$AAN?$AA_?$AAF?$AAL?$AAT?$AA_?$AAO?$AAV?$AAE?$AAR?$AAF?$AAL?$AAO?$AAW?$AA?$AA@ 00018c30     debugger.obj
 0002:00001c60       ??_C@_1DE@PBANJDHK@?$AAE?$AAX?$AAC?$AAE?$AAP?$AAT?$AAI?$AAO?$AAN?$AA_?$AAF?$AAL?$AAT?$AA_?$AAS?$AAT?$AAA?$AAC?$AAK?$AA_?$AAC?$AAH?$AAE?$AAC?$AAK?$AA?$AA@ 00018c60     debugger.obj
 0002:00001c94       ??_C@_1DK@BEFNIBEI@?$AAE?$AAX?$AAC?$AAE?$AAP?$AAT?$AAI?$AAO?$AAN?$AA_?$AAF?$AAL?$AAT?$AA_?$AAD?$AAI?$AAV?$AAI?$AAD?$AAE?$AA_?$AAB?$AAY?$AA_?$AAZ?$AAE?$AAR?$AAO?$AA?$AA@ 00018c94     debugger.obj
 0002:00001cd0       ??_C@_1EG@DMGAABDE@?$AAE?$AAX?$AAC?$AAE?$AAP?$AAT?$AAI?$AAO?$AAN?$AA_?$AAN?$AAO?$AAN?$AAC?$AAO?$AAN?$AAT?$AAI?$AAN?$AAU?$AAA?$AAB?$AAL?$AAE?$AA_?$AAE?$AAX?$AAC?$AAE?$AAP?$AAT?$AAI@ 00018cd0     debugger.obj
 0002:00001d18       ??_C@_1DM@BHMFAFLP@?$AAE?$AAX?$AAC?$AAE?$AAP?$AAT?$AAI?$AAO?$AAN?$AA_?$AAI?$AAN?$AAV?$AAA?$AAL?$AAI?$AAD?$AA_?$AAD?$AAI?$AAS?$AAP?$AAO?$AAS?$AAI?$AAT?$AAI?$AAO?$AAN?$AA?$AA@ 00018d18     debugger.obj
 0002:00001d58       ??_C@_1EA@KCJEJHHM@?$AAE?$AAX?$AAC?$AAE?$AAP?$AAT?$AAI?$AAO?$AAN?$AA_?$AAA?$AAR?$AAR?$AAA?$AAY?$AA_?$AAB?$AAO?$AAU?$AAN?$AAD?$AAS?$AA_?$AAE?$AAX?$AAC?$AAE?$AAE?$AAD?$AAE?$AAD?$AA?$AA@ 00018d58     debugger.obj
 0002:00001d98       ??_C@_1DO@EGNONNCH@?$AAE?$AAX?$AAC?$AAE?$AAP?$AAT?$AAI?$AAO?$AAN?$AA_?$AAF?$AAL?$AAT?$AA_?$AAD?$AAE?$AAN?$AAO?$AAR?$AAM?$AAA?$AAL?$AA_?$AAO?$AAP?$AAE?$AAR?$AAA?$AAN?$AAD?$AA?$AA@ 00018d98     debugger.obj
 0002:00001dd8       ??_C@_1DM@JDMIPLGJ@?$AAE?$AAX?$AAC?$AAE?$AAP?$AAT?$AAI?$AAO?$AAN?$AA_?$AAI?$AAL?$AAL?$AAE?$AAG?$AAA?$AAL?$AA_?$AAI?$AAN?$AAS?$AAT?$AAR?$AAU?$AAC?$AAT?$AAI?$AAO?$AAN?$AA?$AA@ 00018dd8     debugger.obj
 0002:00001e18       ??_C@_1EA@DPJMAOIB@?$AAE?$AAX?$AAC?$AAE?$AAP?$AAT?$AAI?$AAO?$AAN?$AA_?$AAD?$AAA?$AAT?$AAA?$AAT?$AAY?$AAP?$AAE?$AA_?$AAM?$AAI?$AAS?$AAA?$AAL?$AAI?$AAG?$AAN?$AAM?$AAE?$AAN?$AAT?$AA?$AA@ 00018e18     debugger.obj
 0002:00001e58       ??_C@_1CK@GFOKFPCI@?$AAE?$AAX?$AAC?$AAE?$AAP?$AAT?$AAI?$AAO?$AAN?$AA_?$AAB?$AAR?$AAE?$AAA?$AAK?$AAP?$AAO?$AAI?$AAN?$AAT?$AA?$AA@ 00018e58     debugger.obj
 0002:00001e84       ??_C@_1CM@IAIFNOBF@?$AAE?$AAX?$AAC?$AAE?$AAP?$AAT?$AAI?$AAO?$AAN?$AA_?$AAS?$AAI?$AAN?$AAG?$AAL?$AAE?$AA_?$AAS?$AAT?$AAE?$AAP?$AA?$AA@ 00018e84     debugger.obj
 0002:00001eb0       ??_C@_1DG@MBKEFPAE@?$AAE?$AAX?$AAC?$AAE?$AAP?$AAT?$AAI?$AAO?$AAN?$AA_?$AAA?$AAC?$AAC?$AAE?$AAS?$AAS?$AA_?$AAV?$AAI?$AAO?$AAL?$AAA?$AAT?$AAI?$AAO?$AAN?$AA?$AA@ 00018eb0     debugger.obj
 0002:00001ee8       ??_C@_1DA@LAKALNNI@?$AAE?$AAX?$AAC?$AAE?$AAP?$AAT?$AAI?$AAO?$AAN?$AA_?$AAI?$AAN?$AA_?$AAP?$AAA?$AAG?$AAE?$AA_?$AAE?$AAR?$AAR?$AAO?$AAR?$AA?$AA@ 00018ee8     debugger.obj
 0002:00001f18       ??_C@_1FM@JNHMKDOD@?$AAS?$AAt?$AAa?$AAr?$AAt?$AAe?$AAd?$AA?5?$AAp?$AAr?$AAo?$AAc?$AAe?$AAs?$AAs?$AA?3?$AA?5?$AA0?$AAx?$AA?$CF?$AAx?$AA?5?$AA?$FL?$AA?$CF?$AAi?$AA?$FN?$AA?0?$AA?5?$AAd?$AAe?$AAb?$AAu@ 00018f18     debugger.obj
 0002:00001f78       ??_C@_1EE@FHAKOAB@?$AAE?$AAx?$AAi?$AAt?$AAe?$AAd?$AA?5?$AAt?$AAh?$AAr?$AAe?$AAa?$AAd?$AA?5?$AAw?$AAi?$AAt?$AAh?$AA?5?$AAi?$AAd?$AA?3?$AA?5?$AA0?$AAx?$AA?$CF?$AAx?$AA?5?$AA?$FL?$AA?$CF?$AAi?$AA?$FN@ 00018f78     debugger.obj
 0002:00001fc0       ??_C@_1GK@KPOOENNK@?$AAE?$AAx?$AAi?$AAt?$AAe?$AAd?$AA?5?$AAp?$AAr?$AAo?$AAc?$AAe?$AAs?$AAs?$AA?5?$AAw?$AAi?$AAt?$AAh?$AA?5?$AAi?$AAd?$AA?3?$AA?5?$AA0?$AAx?$AA?$CF?$AAx?$AA?5?$AA?$FL?$AA?$CF?$AAi@ 00018fc0     debugger.obj
 0002:0000202c       ??_C@_1DE@FNCEJJLM@?$AAS?$AAe?$AAt?$AAE?$AAv?$AAe?$AAn?$AAt?$AA?5?$AAc?$AAr?$AAa?$AAs?$AAh?$AA?5?$AA?$CF?$AAx?$AA?5?$AAe?$AAr?$AAr?$AA?5?$AA?$CF?$AAi?$AA?6?$AA?$AA@ 0001902c     debugger.obj
 0002:00002060       ??_C@_1DM@BMHIECBM@?$AAm?$AAa?$AAl?$AAl?$AAo?$AAc?$AA?5?$AAf?$AAa?$AAi?$AAl?$AAe?$AAd?$AA?5?$AAo?$AAn?$AA?5?$AAC?$AAR?$AAA?$AAS?$AAH?$AA_?$AAI?$AAN?$AAF?$AAO?$AA?4?$AA?6?$AA?$AA@ 00019060     debugger.obj
 0002:0000209c       ??_C@_1DK@PHJNMOPP@?$AAm?$AAa?$AAl?$AAl?$AAo?$AAc?$AA?5?$AAf?$AAa?$AAi?$AAl?$AAe?$AAd?$AA?5?$AAo?$AAn?$AA?5?$AAC?$AAR?$AAA?$AAS?$AAH?$AA_?$AAI?$AAN?$AAF?$AAO?$AA?6?$AA?$AA@ 0001909c     debugger.obj
 0002:000020d8       ??_C@_1GE@CJFFGJHP@?$AAC?$AAo?$AAn?$AAt?$AAi?$AAn?$AAu?$AAe?$AAD?$AAe?$AAb?$AAu?$AAg?$AAE?$AAv?$AAe?$AAn?$AAt?$AA?5?$AAF?$AAA?$AAI?$AAL?$AAE?$AAD?$AA?5?$AAe?$AAr?$AAr?$AA?3?$AA?$CF?$AAi@ 000190d8     debugger.obj
 0002:00002140       ??_C@_1GC@BDLLOADH@?$AAW?$AAa?$AAi?$AAt?$AAF?$AAo?$AAr?$AAD?$AAe?$AAb?$AAu?$AAg?$AAE?$AAv?$AAe?$AAn?$AAt?$AA?5?$AAF?$AAA?$AAI?$AAL?$AAE?$AAD?$AA?5?$AAe?$AAr?$AAr?$AA?3?$AA?$CF?$AAi?$AA?5@ 00019140     debugger.obj
 0002:000021a4       ??_C@_1DC@BMJPEHON@?$AAS?$AAe?$AAt?$AAE?$AAv?$AAe?$AAn?$AAt?$AA?5?$AAd?$AAo?$AAn?$AAe?$AA?5?$AA?$CF?$AAx?$AA?5?$AAe?$AAr?$AAr?$AA?5?$AA?$CF?$AAi?$AA?6?$AA?$AA@ 000191a4     debugger.obj
 0002:000021d8       ??_C@_1CI@MKOAGPAI@?$AAC?$AAr?$AAe?$AAa?$AAt?$AAe?$AAP?$AAr?$AAo?$AAc?$AAe?$AAs?$AAs?$AA?5?$AA?$CC?$AA?$CF?$AAs?$AA?$CC?$AA?6?$AA?$AA@ 000191d8     debugger.obj
 0002:00002200       ??_C@_1DO@LBDOCCKK@?$AAD?$AAe?$AAb?$AAu?$AAg?$AAA?$AAc?$AAt?$AAi?$AAv?$AAe?$AAP?$AAr?$AAo?$AAc?$AAe?$AAs?$AAs?$AA?5?$AAw?$AAi?$AAt?$AAh?$AA?5?$AAi?$AAd?$AA?5?$AA?$CF?$AAu?$AA?6?$AA?$AA@ 00019200     debugger.obj
 0002:00002240       ??_C@_1DA@PIDFLMCJ@?$AAS?$AAe?$AAt?$AAE?$AAv?$AAe?$AAn?$AAt?$AA?5?$AAa?$AAc?$AAk?$AA?5?$AA?$CF?$AAx?$AA?5?$AAe?$AAr?$AAr?$AA?5?$AA?$CF?$AAi?$AA?6?$AA?$AA@ 00019240     debugger.obj
 0002:00002270       ??_C@_1EO@FCMPJEPN@?$AAf?$AAa?$AAi?$AAl?$AAe?$AAd?$AA?5?$AAt?$AAo?$AA?5?$AAs?$AAt?$AAa?$AAr?$AAt?$AA?5?$AAd?$AAe?$AAb?$AAu?$AAg?$AAe?$AAe?$AA?5?$AA?$CC?$AA?$CF?$AAs?$AA?$CC?$AA?0?$AA?5?$AAe?$AAr@ 00019270     debugger.obj
 0002:000022c0       ??_C@_1GC@GEOCJNAF@?$AAf?$AAa?$AAi?$AAl?$AAe?$AAd?$AA?5?$AAt?$AAo?$AA?5?$AAa?$AAt?$AAt?$AAa?$AAc?$AAh?$AA?5?$AAt?$AAo?$AA?5?$AAp?$AAr?$AAo?$AAc?$AAe?$AAs?$AAs?$AA?5?$AAw?$AAi?$AAt?$AAh@ 000192c0     debugger.obj
 0002:00002328       ??_C@_1FA@FJKPLPIA@?$AAF?$AAa?$AAi?$AAl?$AAe?$AAd?$AA?5?$AAt?$AAo?$AA?5?$AAC?$AAr?$AAe?$AAa?$AAt?$AAe?$AAT?$AAh?$AAr?$AAe?$AAa?$AAd?$AA?5?$AAd?$AAe?$AAb?$AAu?$AAg?$AAe?$AAr?$AA_?$AAp@ 00019328     debugger.obj
 0002:00002378       ??_C@_1EI@ENMAAMFP@?$AAm?$AAa?$AAl?$AAl?$AAo?$AAc?$AA?5?$AAf?$AAa?$AAi?$AAl?$AAe?$AAd?$AA?5?$AAo?$AAn?$AA?5?$AAD?$AAE?$AAB?$AAU?$AAG?$AA_?$AAP?$AAR?$AAO?$AAC?$AAE?$AAS?$AAS?$AA_?$AAA@ 00019378     debugger.obj
 0002:000023c0       ??_C@_1EA@CLOFCKMF@?$AAm?$AAa?$AAl?$AAl?$AAo?$AAc?$AA?5?$AAf?$AAa?$AAi?$AAl?$AAe?$AAd?$AA?5?$AAo?$AAn?$AA?5?$AAD?$AAE?$AAB?$AAU?$AAG?$AA_?$AAS?$AAE?$AAS?$AAS?$AAI?$AAO?$AAN?$AA?6?$AA?$AA@ 000193c0     debugger.obj
 0002:00002400       ??_C@_1EC@LGMDNKJI@?$AAC?$AAa?$AAn?$AAn?$AAo?$AAt?$AA?5?$AAd?$AAe?$AAb?$AAu?$AAg?$AA?5?$AAa?$AAn?$AAy?$AA?5?$AAm?$AAo?$AAr?$AAe?$AA?5?$AAp?$AAr?$AAo?$AAc?$AAe?$AAs?$AAs?$AAe?$AAs?$AA?6@ 00019400     debugger.obj
 0002:00002448       ??_C@_1EG@NBOAGFNM@?$AAd?$AAi?$AAs?$AAc?$AAo?$AAv?$AAe?$AAr?$AAy?$AA?5?$AAs?$AAo?$AAc?$AAk?$AAe?$AAt?$AA?5?$AAb?$AAo?$AAu?$AAn?$AAd?$AA?5?$AAt?$AAo?$AA?5?$AAp?$AAo?$AAr?$AAt?$AA?5?$AA?$CF@ 00019448     DiscoveryServer.obj
 0002:00002490       ??_C@_1FI@KAALOPDA@?$AAE?$AAr?$AAr?$AAo?$AAr?$AA?5?$AAb?$AAi?$AAn?$AAd?$AAi?$AAn?$AAg?$AA?5?$AAU?$AAD?$AAP?$AA?5?$AAd?$AAi?$AAs?$AAc?$AAo?$AAv?$AAe?$AAr?$AAy?$AA?5?$AAs?$AAo?$AAc?$AAk@ 00019490     DiscoveryServer.obj
 0002:000024e8       ??_C@_1GG@CBMIAEFM@?$AAE?$AAr?$AAr?$AAo?$AAr?$AA?5?$AAc?$AAr?$AAe?$AAa?$AAt?$AAi?$AAn?$AAg?$AA?5?$AAU?$AAD?$AAP?$AA?5?$AAd?$AAe?$AAv?$AAi?$AAc?$AAe?$AA?5?$AAd?$AAi?$AAs?$AAc?$AAo?$AAv@ 000194e8     DiscoveryServer.obj
 0002:00002550       ??_C@_1FI@FLBFICLB@?$AAe?$AAr?$AAr?$AAo?$AAr?$AA?5?$AAs?$AAe?$AAn?$AAd?$AAi?$AAn?$AAg?$AA?5?$AAU?$AAD?$AAP?$AA?5?$AAd?$AAi?$AAs?$AAc?$AAo?$AAv?$AAe?$AAr?$AAy?$AA?5?$AAp?$AAa?$AAc?$AAk@ 00019550     DiscoveryServer.obj
 0002:000025a8       ??_C@_1FC@CKPLABON@?$AAd?$AAi?$AAs?$AAc?$AAo?$AAv?$AAe?$AAr?$AAy?$AA?5?$AAs?$AAe?$AAr?$AAv?$AAe?$AAr?$AA?5?$AAs?$AAe?$AAr?$AAv?$AAe?$AA?5?$AAr?$AAe?$AAc?$AAv?$AAf?$AAr?$AAo?$AAm?$AA?5@ 000195a8     DiscoveryServer.obj
 0002:000025fc       ??_C@_03CCGKKFHG@a?$CLt?$AA@ 000195fc     util.obj
 0002:00002600       ??_C@_09FCIJKDPO@cemon?4log?$AA@ 00019600     util.obj
 0002:0000260c       ??_C@_15GANGMFKL@?$AA?$CF?$AAs?$AA?$AA@ 0001960c     util.obj
 0002:00002614       ??_C@_02DKCKIIND@?$CFs?$AA@ 00019614     util.obj
 0002:00002618       ??_C@_1DO@EFPLHCOB@?$AAG?$AAe?$AAt?$AAM?$AAo?$AAd?$AAu?$AAl?$AAe?$AAF?$AAi?$AAl?$AAe?$AAN?$AAa?$AAm?$AAe?$AA?$CI?$AA?$CJ?$AA?5?$AAf?$AAa?$AAi?$AAl?$AAe?$AAd?$AA?5?$AA?$CF?$AAi?$AA?6?$AA?$AA@ 00019618     util.obj
 0002:00002658       ??_C@_1EM@JIAKEEKE@?$AA?$FL?$AA?$CF?$AA0?$AA4?$AAi?$AA?9?$AA?$CF?$AA0?$AA2?$AAi?$AA?9?$AA?$CF?$AA0?$AA2?$AAi?$AA?9?$AA?9?$AA?$CF?$AA0?$AA2?$AAi?$AA?9?$AA?$CF?$AA0?$AA2?$AAi?$AA?9?$AA?$CF?$AA0?$AA2?$AAi?$AA?9@ 00019658     util.obj
 0002:00002730       __IMPORT_DESCRIPTOR_COREDLL 00019730     coredll:COREDLL.dll
 0002:00002744       __IMPORT_DESCRIPTOR_toolhelp 00019744     toolhelp:toolhelp.dll
 0002:00002758       __IMPORT_DESCRIPTOR_WINSOCK 00019758     winsock:WINSOCK.dll
 0002:0000276c       __NULL_IMPORT_DESCRIPTOR   0001976c     coredll:COREDLL.dll
 0003:00000000       __imp_GetLastError         0001a000     coredll:COREDLL.dll
 0003:00000004       __imp_CloseHandle          0001a004     coredll:COREDLL.dll
 0003:00000008       __imp_TerminateProcess     0001a008     coredll:COREDLL.dll
 0003:0000000c       __imp_OpenProcess          0001a00c     coredll:COREDLL.dll
 0003:00000010       __imp_CreateProcessW       0001a010     coredll:COREDLL.dll
 0003:00000014       __imp_GetModuleFileNameW   0001a014     coredll:COREDLL.dll
 0003:00000018       __imp_TerminateThread      0001a018     coredll:COREDLL.dll
 0003:0000001c       __imp_SuspendThread        0001a01c     coredll:COREDLL.dll
 0003:00000020       __imp_ResumeThread         0001a020     coredll:COREDLL.dll
 0003:00000024       __imp_CeSetThreadPriority  0001a024     coredll:COREDLL.dll
 0003:00000028       __imp_CeGetThreadPriority  0001a028     coredll:COREDLL.dll
 0003:0000002c       __imp_SetSystemPowerState  0001a02c     coredll:COREDLL.dll
 0003:00000030       __imp_GetTickCount         0001a030     coredll:COREDLL.dll
 0003:00000034       __imp_GetThreadTimes       0001a034     coredll:COREDLL.dll
 0003:00000038       __imp_QueryPerformanceFrequency 0001a038     coredll:COREDLL.dll
 0003:0000003c       __imp_FreeLibrary          0001a03c     coredll:COREDLL.dll
 0003:00000040       __imp_Sleep                0001a040     coredll:COREDLL.dll
 0003:00000044       __imp_GetSystemInfo        0001a044     coredll:COREDLL.dll
 0003:00000048       __imp_GetProcAddressW      0001a048     coredll:COREDLL.dll
 0003:0000004c       __imp_LoadLibraryW         0001a04c     coredll:COREDLL.dll
 0003:00000050       __imp_EventModify          0001a050     coredll:COREDLL.dll
 0003:00000054       __imp_RegCloseKey          0001a054     coredll:COREDLL.dll
 0003:00000058       __imp_RegQueryValueExW     0001a058     coredll:COREDLL.dll
 0003:0000005c       __imp_RegOpenKeyExW        0001a05c     coredll:COREDLL.dll
 0003:00000060       __imp_DeleteCriticalSection 0001a060     coredll:COREDLL.dll
 0003:00000064       __imp_LeaveCriticalSection 0001a064     coredll:COREDLL.dll
 0003:00000068       __imp_EnterCriticalSection 0001a068     coredll:COREDLL.dll
 0003:0000006c       __imp_WaitForMultipleObjects 0001a06c     coredll:COREDLL.dll
 0003:00000070       __imp_CreateEventW         0001a070     coredll:COREDLL.dll
 0003:00000074       __imp_SetLastError         0001a074     coredll:COREDLL.dll
 0003:00000078       __imp_DebugActiveProcess   0001a078     coredll:COREDLL.dll
 0003:0000007c       __imp_CreateThread         0001a07c     coredll:COREDLL.dll
 0003:00000080       __imp_InitializeCriticalSection 0001a080     coredll:COREDLL.dll
 0003:00000084       __imp_SystemTimeToFileTime 0001a084     coredll:COREDLL.dll
 0003:00000088       __imp_GetLocalTime         0001a088     coredll:COREDLL.dll
 0003:0000008c       __imp_StringCbPrintfW      0001a08c     coredll:COREDLL.dll
 0003:00000090       __imp_OutputDebugStringW   0001a090     coredll:COREDLL.dll
 0003:00000094       __imp_memmove              0001a094     corelibc:COREDLL.dll
 0003:00000098       __imp___rt_udiv64by64      0001a098     corelibc:COREDLL.dll
 0003:0000009c       __imp_memset               0001a09c     corelibc:COREDLL.dll
 0003:000000a0       __imp_free                 0001a0a0     corelibc:COREDLL.dll
 0003:000000a4       __imp_fclose               0001a0a4     corelibc:COREDLL.dll
 0003:000000a8       __imp_fprintf              0001a0a8     corelibc:COREDLL.dll
 0003:000000ac       __imp_fopen                0001a0ac     corelibc:COREDLL.dll
 0003:000000b0       __imp_sprintf              0001a0b0     corelibc:COREDLL.dll
 0003:000000b4       __imp_sscanf               0001a0b4     corelibc:COREDLL.dll
 0003:000000b8       __imp_fgets                0001a0b8     corelibc:COREDLL.dll
 0003:000000bc       __imp_feof                 0001a0bc     corelibc:COREDLL.dll
 0003:000000c0       __imp_strcpy               0001a0c0     corelibc:COREDLL.dll
 0003:000000c4       __imp_strcmp               0001a0c4     corelibc:COREDLL.dll
 0003:000000c8       __imp_strlen               0001a0c8     corelibc:COREDLL.dll
 0003:000000cc       __imp_realloc              0001a0cc     corelibc:COREDLL.dll
 0003:000000d0       __imp_wcscpy               0001a0d0     corelibc:COREDLL.dll
 0003:000000d4       __imp_wcslen               0001a0d4     corelibc:COREDLL.dll
 0003:000000d8       __imp_malloc               0001a0d8     corelibc:COREDLL.dll
 0003:000000dc       __imp__wtoi                0001a0dc     corelibc:COREDLL.dll
 0003:000000e0       __imp_memcpy               0001a0e0     corelibc:COREDLL.dll
 0003:000000e4       __imp___itos               0001a0e4     corelibc:COREDLL.dll
 0003:000000e8       __imp_fwrite               0001a0e8     corelibc:COREDLL.dll
 0003:000000ec       __imp_srand                0001a0ec     corelibc:COREDLL.dll
 0003:000000f0       __imp_memcmp               0001a0f0     corelibc:COREDLL.dll
 0003:000000f4       __imp_fflush               0001a0f4     corelibc:COREDLL.dll
 0003:000000f8       __imp_fwprintf             0001a0f8     corelibc:COREDLL.dll
 0003:000000fc       __imp_wprintf              0001a0fc     corelibc:COREDLL.dll
 0003:00000100       __imp_vswprintf            0001a100     corelibc:COREDLL.dll
 0003:00000104       __imp_printf               0001a104     corelibc:COREDLL.dll
 0003:00000108       __imp_vsprintf             0001a108     corelibc:COREDLL.dll
 0003:0000010c       __imp_wcsrchr              0001a10c     corelibc:COREDLL.dll
 0003:00000110       __imp_wcscat               0001a110     corelibc:COREDLL.dll
 0003:00000114       __imp_iswctype             0001a114     corelibc:COREDLL.dll
 0003:00000118       __imp__XcptFilter          0001a118     corelibc:COREDLL.dll
 0003:0000011c       __imp___security_gen_cookie2 0001a11c     corelibc:COREDLL.dll
 0003:00000120       __imp___report_gsfailure   0001a120     corelibc:COREDLL.dll
 0003:00000124       __imp__msize               0001a124     corelibc:COREDLL.dll
 0003:00000128       __imp___C_specific_handler 0001a128     corelibc:COREDLL.dll
 0003:0000012c       \177COREDLL_NULL_THUNK_DATA 0001a12c     coredll:COREDLL.dll
 0003:00000130       __imp_recv                 0001a130     winsock:WINSOCK.dll
 0003:00000134       __imp_recvfrom             0001a134     winsock:WINSOCK.dll
 0003:00000138       __imp_sendto               0001a138     winsock:WINSOCK.dll
 0003:0000013c       __imp_htonl                0001a13c     winsock:WINSOCK.dll
 0003:00000140       __imp_accept               0001a140     winsock:WINSOCK.dll
 0003:00000144       __imp_socket               0001a144     winsock:WINSOCK.dll
 0003:00000148       __imp_ioctlsocket          0001a148     winsock:WINSOCK.dll
 0003:0000014c       __imp_htons                0001a14c     winsock:WINSOCK.dll
 0003:00000150       __imp_bind                 0001a150     winsock:WINSOCK.dll
 0003:00000154       __imp_ntohs                0001a154     winsock:WINSOCK.dll
 0003:00000158       __imp_WSACleanup           0001a158     winsock:WINSOCK.dll
 0003:0000015c       __imp_WSAStartup           0001a15c     winsock:WINSOCK.dll
 0003:00000160       __imp_send                 0001a160     winsock:WINSOCK.dll
 0003:00000164       __imp_select               0001a164     winsock:WINSOCK.dll
 0003:00000168       __imp_closesocket          0001a168     winsock:WINSOCK.dll
 0003:0000016c       __imp_shutdown             0001a16c     winsock:WINSOCK.dll
 0003:00000170       __imp_listen               0001a170     winsock:WINSOCK.dll
 0003:00000174       __imp_ntohl                0001a174     winsock:WINSOCK.dll
 0003:00000178       \177WINSOCK_NULL_THUNK_DATA 0001a178     winsock:WINSOCK.dll
 0003:0000017c       __imp_Thread32First        0001a17c     toolhelp:toolhelp.dll
 0003:00000180       __imp_Thread32Next         0001a180     toolhelp:toolhelp.dll
 0003:00000184       __imp_Process32First       0001a184     toolhelp:toolhelp.dll
 0003:00000188       __imp_Process32Next        0001a188     toolhelp:toolhelp.dll
 0003:0000018c       __imp_Heap32ListFirst      0001a18c     toolhelp:toolhelp.dll
 0003:00000190       __imp_Heap32First          0001a190     toolhelp:toolhelp.dll
 0003:00000194       __imp_Heap32Next           0001a194     toolhelp:toolhelp.dll
 0003:00000198       __imp_Heap32ListNext       0001a198     toolhelp:toolhelp.dll
 0003:0000019c       __imp_CreateToolhelp32Snapshot 0001a19c     toolhelp:toolhelp.dll
 0003:000001a0       __imp_Module32First        0001a1a0     toolhelp:toolhelp.dll
 0003:000001a4       __imp_Module32Next         0001a1a4     toolhelp:toolhelp.dll
 0003:000001a8       __imp_CloseToolhelp32Snapshot 0001a1a8     toolhelp:toolhelp.dll
 0003:000001ac       \177toolhelp_NULL_THUNK_DATA 0001a1ac     toolhelp:toolhelp.dll
 0003:000001b0       __security_cookie          0001a1b0     corelibc:seccinit.obj
 0003:000001b4       __security_cookie_complement 0001a1b4     corelibc:seccinit.obj
 0003:00007948       __argc                     00021948     corelibc:crtstrtg.obj
 0003:0000794c       __wargv                    0002194c     corelibc:crtstrtg.obj
 0003:00007950       __argv                     00021950     corelibc:crtstrtg.obj
 0003:00007954       _exitflag                  00021954     corelibc:cexit.obj
 0003:00007958       __onexitend                00021958     <common>
 0003:0000795c       __onexitbegin              0002195c     <common>

 entry point at        0001:00004ac8

 Static symbols

 0001:00000b78       do_discovery               00011b78 f   cpumon.obj
 0001:00003368       handle_debug_exception     00014368 f   debugger.obj
 0001:0000471c       ?crtstart_FreeArguments@@YAXXZ 0001571c f   corelibc:mainwcrt.obj
 0001:00004738       ?crtstart_CountSpaceW@@YAXAAH0PBG@Z 00015738 f   corelibc:mainwcrt.obj
 0001:00004810       ?crtstart_ParseArgsWW@@YAHPBG0AAHAAPAPAG@Z 00015810 f   corelibc:mainwcrt.obj
 0001:000049d4       ?mainCRTStartupHelper@@YAXPAUHINSTANCE__@@PBG@Z 000159d4 f   corelibc:mainwcrt.obj
 0001:00004de4       doexit                     00015de4 f   corelibc:cexit.obj
