 cemon.Toradex_CE800

 Timestamp is 5848f396 (Wed Dec 07 23:45:58 2016)

 Preferred load address is 00010000

 Start         Length     Name                   Class
 0001:00000000 0002b2d0H .text                   CODE
 0002:00000000 00000104H .CRT$XCA                DATA
 0002:00000104 00000104H .CRT$XCZ                DATA
 0002:00000208 00000104H .CRT$XIA                DATA
 0002:0000030c 0000010eH .CRT$XIC                DATA
 0002:0000041c 00000104H .CRT$XID                DATA
 0002:00000520 00000104H .CRT$XIZ                DATA
 0002:00000624 00000104H .CRT$XPA                DATA
 0002:00000728 00000104H .CRT$XPX                DATA
 0002:0000082c 00000104H .CRT$XPXA               DATA
 0002:00000930 00000104H .CRT$XPZ                DATA
 0002:00000a34 00000104H .CRT$XTA                DATA
 0002:00000b38 00000104H .CRT$XTZ                DATA
 0002:00000c40 00009695H .rdata                  DATA
 0002:0000a2d8 0000016eH .rdata$debug            DATA
 0002:0000a448 00000104H .rtc$IAA                DATA
 0002:0000a54c 00000104H .rtc$IZZ                DATA
 0002:0000a650 00000104H .rtc$TAA                DATA
 0002:0000a754 00000104H .rtc$TZZ                DATA
 0002:0000a858 00001a15H .xdata                  DATA
 0002:0000c26d 00000000H .edata                  DATA
 0003:00000000 0000186bH .data                   DATA
 0003:00001880 0000aeb8H .bss                    DATA
 0004:00000000 000017d8H .pdata                  DATA
 0005:00000000 0000003cH .idata$2                DATA
 0005:0000003c 00000014H .idata$3                DATA
 0005:00000050 000002d0H .idata$4                DATA
 0005:00000320 000002d0H .idata$5                DATA
 0005:000005f0 0000030bH .idata$6                DATA

  Address         Publics by Value              Rva+Base       Lib:Object

 0000:00000000       ___safe_se_handler_table   00000000     <absolute>
 0000:00000000       ___safe_se_handler_count   00000000     <absolute>
 0000:00000000       _load_config_used          00010000     <linker-defined>
 0001:00000964       WinTimeToUnixTime          00011964 f   util.obj
 0001:000009bc       UnixTimeToFileTime         000119bc f   util.obj
 0001:000009f4       strstri                    000119f4 f   util.obj
 0001:00000adc       get_num_bits               00011adc f   util.obj
 0001:00000afc       atof_                      00011afc f   util.obj
 0001:00000c88       mytime                     00011c88 f   util.obj
 0001:00000cb0       localTime                  00011cb0 f   util.obj
 0001:00000d10       myswprintf                 00011d10 f   util.obj
 0001:00000d30       logg_begin                 00011d30 f   util.obj
 0001:00000d6c       logg_end                   00011d6c f   util.obj
 0001:00000d94       logt                       00011d94 f   util.obj
 0001:00000e14       wcscpy2                    00011e14 f   util.obj
 0001:00000e38       wcscpy3                    00011e38 f   util.obj
 0001:00000e5c       reallocf                   00011e5c f   util.obj
 0001:00000e84       addFileTime                00011e84 f   util.obj
 0001:00000ea4       subFileTime                00011ea4 f   util.obj
 0001:00000ec4       splitString                00011ec4 f   util.obj
 0001:0000100c       hexdec                     0001200c f   util.obj
 0001:0000107c       logg                       0001207c f   util.obj
 0001:0000110c       makeTimeString             0001210c f   util.obj
 0001:00001148       strtime                    00012148 f   util.obj
 0001:000011b0       full_path                  000121b0 f   util.obj
 0001:000012c0       GetNumClients              000122c0 f   comm.obj
 0001:000012e0       winsock_end                000122e0 f   comm.obj
 0001:000012e4       winsock_init               000122e4 f   comm.obj
 0001:00001328       socket_write               00012328 f   comm.obj
 0001:0000143c       socket_read                0001243c f   comm.obj
 0001:000014a8       socket_server_init         000124a8 f   comm.obj
 0001:0000160c       socket_find_client         0001260c f   comm.obj
 0001:00001668       socket_set_client_state    00012668 f   comm.obj
 0001:000016b0       socket_unset_client_state  000126b0 f   comm.obj
 0001:000016fc       socket_unset_clients_state 000126fc f   comm.obj
 0001:00001730       socket_is_any_client_state 00012730 f   comm.obj
 0001:00001780       socket_close_client        00012780 f   comm.obj
 0001:00001868       socket_client_init         00012868 f   comm.obj
 0001:000018a8       socket_client_connect2     000128a8 f   comm.obj
 0001:0000194c       socket_set_broadcast       0001294c f   comm.obj
 0001:0000199c       socket_nonblocking         0001299c f   comm.obj
 0001:000019e4       socket_blocking            000129e4 f   comm.obj
 0001:00001a2c       socket_ready               00012a2c f   comm.obj
 0001:00001b1c       socket_accept              00012b1c f   comm.obj
 0001:00001c78       socket_server_end          00012c78 f   comm.obj
 0001:00001df8       socket_write_client        00012df8 f   comm.obj
 0001:00001e20       socket_write_clients       00012e20 f   comm.obj
 0001:00001ec0       socket_read_clienti        00012ec0 f   comm.obj
 0001:00002010       socket_remove_overdue_clients 00013010 f   comm.obj
 0001:0000216c       socket_client_connect      0001316c f   comm.obj
 0001:0000219c       socket_read_client         0001319c f   comm.obj
 0001:000021c0       dieRtm                     000131c0 f   cpumon.obj
 0001:00002200       __GetUserKData             00013200 f   cpumon.obj
 0001:000022b8       processesIndex             000132b8 f   cpumon.obj
 0001:000022e8       saveSettings               000132e8 f   cpumon.obj
 0001:000023b0       readSettings               000133b0 f   cpumon.obj
 0001:00002694       readThreadsFile            00013694 f   cpumon.obj
 0001:000027f4       alloc_parray               000137f4 f   cpumon.obj
 0001:00002850       alloc_tarray               00013850 f   cpumon.obj
 0001:000028ac       get_ps_path                000138ac f   cpumon.obj
 0001:00002990       KillProcess                00013990 f   cpumon.obj
 0001:00002b70       debug_ps_ack               00013b70 f   cpumon.obj
 0001:00002b9c       handle_thread              00013b9c f   cpumon.obj
 0001:00002c60       set_thread_priority        00013c60 f   cpumon.obj
 0001:00002cd4       get_thread_priority        00013cd4 f   cpumon.obj
 0001:00002d2c       start                      00013d2c f   cpumon.obj
 0001:00002e3c       createToolHelpSnapshot     00013e3c f   cpumon.obj
 0001:00002e80       deleteToolHelpSnapshot     00013e80 f   cpumon.obj
 0001:00003040       GetCurrentThreadId         00014040 f i cpumon.obj
 0001:00003044       get_thread_names           00014044 f   cpumon.obj
 0001:00003090       increasePsList             00014090 f   cpumon.obj
 0001:00003144       increaseThList             00014144 f   cpumon.obj
 0001:000031f8       handle_process             000141f8 f   cpumon.obj
 0001:00003520       getThStats                 00014520 f   cpumon.obj
 0001:000036f4       getPsStats                 000146f4 f   cpumon.obj
 0001:00003840       expandList                 00014840 f   cpumon.obj
 0001:000038a0       process_client_request     000148a0 f   cpumon.obj
 0001:00003c10       service_clients            00014c10 f   cpumon.obj
 0001:00003c9c       WinMain                    00014c9c f   cpumon.obj
 0001:000046c0       SetEvent                   000156c0 f i debugger.obj
 0001:000046c8       set_kdump_dir              000156c8 f   debugger.obj
 0001:00004734       get_kdump_dir              00015734 f   debugger.obj
 0001:00004808       delete_cinfo               00015808 f   debugger.obj
 0001:00004838       delete_dinfo               00015838 f   debugger.obj
 0001:0000485c       debug_ack                  0001585c f   debugger.obj
 0001:000048b8       create_dbgr_handles        000158b8 f   debugger.obj
 0001:00004978       close_dbgr_handles         00015978 f   debugger.obj
 0001:000049c0       process_frames             000159c0 f   debugger.obj
 0001:000049f8       handle_exception           000159f8 f   debugger.obj
 0001:00004b54       debug_crashed              00015b54 f   debugger.obj
 0001:00004bd0       debug_done                 00015bd0 f   debugger.obj
 0001:00004ccc       get_callstack              00015ccc f   debugger.obj
 0001:00004d2c       debug_check                00015d2c f   debugger.obj
 0001:00005060       continue_processing_debug_events 00016060 f   debugger.obj
 0001:00005154       continue_debug             00016154 f   debugger.obj
 0001:00005274       debuger_proc               00016274 f   debugger.obj
 0001:0000541c       debug_process              0001641c f   debugger.obj
 0001:0000566c       DiscoveryServerInit        0001666c f   DiscoveryServer.obj
 0001:0000575c       DiscoveryServerServe       0001675c f   DiscoveryServer.obj
 0001:00005960       GetLocalTime               00016960 f   coredll:COREDLL.dll
 0001:0000596c       SystemTimeToFileTime       0001696c f   coredll:COREDLL.dll
 0001:00005978       StringCbPrintfW            00016978 f   coredll:COREDLL.dll
 0001:00005984       OutputDebugStringW         00016984 f   coredll:COREDLL.dll
 0001:00005990       GetModuleFileNameW         00016990 f   coredll:COREDLL.dll
 0001:0000599c       GetLastError               0001699c f   coredll:COREDLL.dll
 0001:000059a8       OpenProcess                000169a8 f   coredll:COREDLL.dll
 0001:000059b4       TerminateProcess           000169b4 f   coredll:COREDLL.dll
 0001:000059c0       CloseHandle                000169c0 f   coredll:COREDLL.dll
 0001:000059cc       ResumeThread               000169cc f   coredll:COREDLL.dll
 0001:000059d8       SuspendThread              000169d8 f   coredll:COREDLL.dll
 0001:000059e4       TerminateThread            000169e4 f   coredll:COREDLL.dll
 0001:000059f0       CeSetThreadPriority        000169f0 f   coredll:COREDLL.dll
 0001:000059fc       CeGetThreadPriority        000169fc f   coredll:COREDLL.dll
 0001:00005a08       QueryPerformanceFrequency  00016a08 f   coredll:COREDLL.dll
 0001:00005a14       CreateProcessW             00016a14 f   coredll:COREDLL.dll
 0001:00005a20       GetThreadTimes             00016a20 f   coredll:COREDLL.dll
 0001:00005a2c       GetTickCount               00016a2c f   coredll:COREDLL.dll
 0001:00005a38       SetSystemPowerState        00016a38 f   coredll:COREDLL.dll
 0001:00005a44       LoadLibraryW               00016a44 f   coredll:COREDLL.dll
 0001:00005a50       GetProcAddressW            00016a50 f   coredll:COREDLL.dll
 0001:00005a5c       GetSystemInfo              00016a5c f   coredll:COREDLL.dll
 0001:00005a68       Sleep                      00016a68 f   coredll:COREDLL.dll
 0001:00005a74       FreeLibrary                00016a74 f   coredll:COREDLL.dll
 0001:00005a80       EventModify                00016a80 f   coredll:COREDLL.dll
 0001:00005a8c       RegOpenKeyExW              00016a8c f   coredll:COREDLL.dll
 0001:00005a98       RegQueryValueExW           00016a98 f   coredll:COREDLL.dll
 0001:00005aa4       RegCloseKey                00016aa4 f   coredll:COREDLL.dll
 0001:00005ab0       DeleteCriticalSection      00016ab0 f   coredll:COREDLL.dll
 0001:00005abc       CreateEventW               00016abc f   coredll:COREDLL.dll
 0001:00005ac8       EnterCriticalSection       00016ac8 f   coredll:COREDLL.dll
 0001:00005ad4       LeaveCriticalSection       00016ad4 f   coredll:COREDLL.dll
 0001:00005ae0       WaitForMultipleObjects     00016ae0 f   coredll:COREDLL.dll
 0001:00005aec       SetLastError               00016aec f   coredll:COREDLL.dll
 0001:00005af8       DebugActiveProcess         00016af8 f   coredll:COREDLL.dll
 0001:00005b04       InitializeCriticalSection  00016b04 f   coredll:COREDLL.dll
 0001:00005b10       CreateThread               00016b10 f   coredll:COREDLL.dll
 0001:00005b1c       _vswprintf_helper          00016b1c f   LIBCMT:vswprnc.obj
 0001:00005be4       _vswprintf_p_l             00016be4 f   LIBCMT:vswprnc.obj
 0001:00005c10       _vswprintf_p               00016c10 f   LIBCMT:vswprnc.obj
 0001:00005c3c       _vsnwprintf_s_l            00016c3c f   LIBCMT:vswprnc.obj
 0001:00005d10       _vswprintf_s_l             00016d10 f   LIBCMT:vswprnc.obj
 0001:00005d64       _vswprintf_c_l             00016d64 f   LIBCMT:vswprnc.obj
 0001:00005d90       _vswprintf_c               00016d90 f   LIBCMT:vswprnc.obj
 0001:00005dbc       _vsnwprintf_s              00016dbc f   LIBCMT:vswprnc.obj
 0001:00005dd4       vswprintf_s                00016dd4 f   LIBCMT:vswprnc.obj
 0001:00005de8       _invoke_watson_if_error    00016de8 f i LIBCMT:loctim64.obj
 0001:00005e10       _localtime64_s             00016e10 f   LIBCMT:loctim64.obj
 0001:0000607c       _localtime64               0001707c f   LIBCMT:loctim64.obj
 0001:000060a0       _time64                    000170a0 f   LIBCMT:time64.obj
 0001:000060f4       __i64tod                   000170f4 f   LIBCMT:i64tofp.obj
 0001:00006190       __u64tod                   00017190 f   LIBCMT:i64tofp.obj
 0001:0000621c       __i64tos                   0001721c f   LIBCMT:i64tofp.obj
 0001:000062b4       __u64tos                   000172b4 f   LIBCMT:i64tofp.obj
 0001:0000633c       __i64tofp_exception_helper 0001733c f   LIBCMT:i64tofp.obj
 0001:00006368       __dtoi64                   00017368 f   LIBCMT:fptoi64.obj
 0001:00006464       __dtou64                   00017464 f   LIBCMT:fptoi64.obj
 0001:00006550       __stoi64                   00017550 f   LIBCMT:fptoi64.obj
 0001:00006648       __stou64                   00017648 f   LIBCMT:fptoi64.obj
 0001:00006730       __fptoi64_exception_helper 00017730 f   LIBCMT:fptoi64.obj
 0001:0000675c       _cfltcvt_init              0001775c f   LIBCMT:fpinit.obj
 0001:000067b0       __setfflag                 000177b0 f   LIBCMT:fpinit.obj
 0001:000067c0       _fpmath                    000177c0 f   LIBCMT:fpinit.obj
 0001:000067c4       ??0_LocaleUpdate@@QAA@PAUlocaleinfo_struct@@@Z 000177c4 f i LIBCMT:tolower.obj
 0001:000067f4       ??1_LocaleUpdate@@QAA@XZ   000177f4 f i LIBCMT:tolower.obj
 0001:00006814       ?GetLocaleT@_LocaleUpdate@@QAAPAUlocaleinfo_struct@@XZ 00017814 f i LIBCMT:tolower.obj
 0001:00006818       _tolower                   00017818 f   LIBCMT:tolower.obj
 0001:0000681c       _tolower_l                 0001781c f   LIBCMT:tolower.obj
 0001:00006914       tolower                    00017914 f   LIBCMT:tolower.obj
 0001:0000695c       pow                        0001795c f   LIBCMT:pow.obj
 0001:00006f28       _fsopen                    00017f28 f   LIBCMT:fopen.obj
 0001:00006fb8       fopen_s                    00017fb8 f   LIBCMT:fopen.obj
 0001:00006ff4       fopen                      00017ff4 f   LIBCMT:fopen.obj
 0001:00006ffc       _fclose_nolock             00017ffc f   LIBCMT:fclose.obj
 0001:0000705c       fclose                     0001805c f   LIBCMT:fclose.obj
 0001:000070b8       strlen                     000180b8 f   LIBCMT:strlen.obj
 0001:000070c8       _vsprintf_l                000180c8 f   LIBCMT:vsprintf.obj
 0001:00007140       _vscprintf_helper          00018140 f   LIBCMT:vsprintf.obj
 0001:00007194       vsprintf                   00018194 f   LIBCMT:vsprintf.obj
 0001:0000719c       _vscprintf_p_l             0001819c f   LIBCMT:vsprintf.obj
 0001:000071ac       _vscprintf_p               000181ac f   LIBCMT:vsprintf.obj
 0001:000071bc       _vscprintf_l               000181bc f   LIBCMT:vsprintf.obj
 0001:000071cc       _vscprintf                 000181cc f   LIBCMT:vsprintf.obj
 0001:000071dc       printf                     000181dc f   LIBCMT:printf.obj
 0001:0000725c       _printf_l                  0001825c f   LIBCMT:printf.obj
 0001:00007274       _printf_s_l                00018274 f   LIBCMT:printf.obj
 0001:0000728c       printf_s                   0001828c f   LIBCMT:printf.obj
 0001:000072a8       _printf_p_l                000182a8 f   LIBCMT:printf.obj
 0001:000072c0       _printf_p                  000182c0 f   LIBCMT:printf.obj
 0001:000072dc       _set_printf_count_output   000182dc f   LIBCMT:printf.obj
 0001:00007314       _get_printf_count_output   00018314 f   LIBCMT:printf.obj
 0001:00007334       realloc                    00018334 f   LIBCMT:realloc.obj
 0001:000073cc       free                       000183cc f   LIBCMT:free.obj
 0001:000073fc       __memcpy_forward           000183fc     LIBCMT:memcpy.obj
 0001:000073fc       memcpy                     000183fc f   LIBCMT:memcpy.obj
 0001:000074fc       __memcpy_large             000184fc f   LIBCMT:memcpy.obj
 0001:000075c0       memmove                    000185c0 f   LIBCMT:memcpy.obj
 0001:000075cc       __memmove_reverse          000185cc     LIBCMT:memcpy.obj
 0001:000076b8       __memmove_large            000186b8 f   LIBCMT:memcpy.obj
 0001:0000779c       _memcpy_strict_align       0001879c f   LIBCMT:memcpy.obj
 0001:000078fc       _heap_alloc                000188fc f i LIBCMT:malloc.obj
 0001:00007934       malloc                     00018934 f   LIBCMT:malloc.obj
 0001:00007bac       _strtoul_l                 00018bac f   LIBCMT:strtol.obj
 0001:00007bcc       strtoul                    00018bcc f   LIBCMT:strtol.obj
 0001:00007c00       _strtol_l                  00018c00 f   LIBCMT:strtol.obj
 0001:00007c20       strtol                     00018c20 f   LIBCMT:strtol.obj
 0001:00007c54       wprintf                    00018c54 f   LIBCMT:wprintf.obj
 0001:00007cd4       _wprintf_l                 00018cd4 f   LIBCMT:wprintf.obj
 0001:00007cec       _wprintf_s_l               00018cec f   LIBCMT:wprintf.obj
 0001:00007d04       wprintf_s                  00018d04 f   LIBCMT:wprintf.obj
 0001:00007d20       _wprintf_p_l               00018d20 f   LIBCMT:wprintf.obj
 0001:00007d38       _wprintf_p                 00018d38 f   LIBCMT:wprintf.obj
 0001:00007d54       fwprintf                   00018d54 f   LIBCMT:fwprintf.obj
 0001:00007dbc       _fwprintf_l                00018dbc f   LIBCMT:fwprintf.obj
 0001:00007dd4       _fwprintf_s_l              00018dd4 f   LIBCMT:fwprintf.obj
 0001:00007dec       fwprintf_s                 00018dec f   LIBCMT:fwprintf.obj
 0001:00007e08       _fwprintf_p_l              00018e08 f   LIBCMT:fwprintf.obj
 0001:00007e20       _fwprintf_p                00018e20 f   LIBCMT:fwprintf.obj
 0001:00007e3c       _flush                     00018e3c f   LIBCMT:fflush.obj
 0001:00007e98       _fflush_nolock             00018e98 f   LIBCMT:fflush.obj
 0001:00007fa8       _flushall                  00018fa8 f   LIBCMT:fflush.obj
 0001:00007fb0       fflush                     00018fb0 f   LIBCMT:fflush.obj
 0001:00007ff0       _Gettnames                 00018ff0 f   LIBCMT:strftime.obj
 0001:00007ff8       _Strftime_l                00018ff8 f   LIBCMT:strftime.obj
 0001:00008124       _Getmonths_l               00019124 f   LIBCMT:strftime.obj
 0001:00008210       _Getdays_l                 00019210 f   LIBCMT:strftime.obj
 0001:000082fc       _Strftime                  000192fc f   LIBCMT:strftime.obj
 0001:00008314       strftime                   00019314 f   LIBCMT:strftime.obj
 0001:0000832c       _strftime_l                0001932c f   LIBCMT:strftime.obj
 0001:00008344       _Getmonths                 00019344 f   LIBCMT:strftime.obj
 0001:0000834c       _Getdays                   0001934c f   LIBCMT:strftime.obj
 0001:00008354       memset                     00019354 f   LIBCMT:memset.obj
 0001:000083c0       wcsrchr                    000193c0 f   LIBCMT:wcsrchr.obj
 0001:000083e0       __rt_udiv                  000193e0 f   LIBCMT:divide.obj
 0001:00008548       __rt_sdiv                  00019548 f   LIBCMT:divide.obj
 0001:000086cc       __rt_udiv64                000196cc f   LIBCMT:divide.obj
 0001:0000876c       __rt_sdiv64                0001976c f   LIBCMT:divide.obj
 0001:00008838       fprintf                    00019838 f   LIBCMT:fprintf.obj
 0001:0000892c       _fprintf_l                 0001992c f   LIBCMT:fprintf.obj
 0001:00008944       _fprintf_s_l               00019944 f   LIBCMT:fprintf.obj
 0001:0000895c       fprintf_s                  0001995c f   LIBCMT:fprintf.obj
 0001:00008978       _fprintf_p_l               00019978 f   LIBCMT:fprintf.obj
 0001:00008990       _fprintf_p                 00019990 f   LIBCMT:fprintf.obj
 0001:000089ac       strcmp                     000199ac f   LIBCMT:strcmp.obj
 0001:000089e0       strcat                     000199e0 f   LIBCMT:strcat.obj
 0001:00008a04       strcpy                     00019a04 f   LIBCMT:strcat.obj
 0001:00008a18       __chkstk                   00019a18 f   LIBCMT:chkstk.obj
 0001:00008a18       _alloca_probe              00019a18     LIBCMT:chkstk.obj
 0001:00008a1c       feof                       00019a1c f   LIBCMT:feoferr.obj
 0001:00008a40       ferror                     00019a40 f   LIBCMT:feoferr.obj
 0001:00008a64       fgets                      00019a64 f   LIBCMT:fgets.obj
 0001:00008bf4       _sscanf_s_l                00019bf4 f   LIBCMT:sscanf.obj
 0001:00008c20       sscanf_s                   00019c20 f   LIBCMT:sscanf.obj
 0001:00008c48       _sscanf_l                  00019c48 f   LIBCMT:sscanf.obj
 0001:00008c74       sscanf                     00019c74 f   LIBCMT:sscanf.obj
 0001:00008c9c       sprintf                    00019c9c f   LIBCMT:sprintf.obj
 0001:00008d18       _sprintf_l                 00019d18 f   LIBCMT:sprintf.obj
 0001:00008d30       sprintf_s                  00019d30 f   LIBCMT:sprintf.obj
 0001:00008d50       _sprintf_s_l               00019d50 f   LIBCMT:sprintf.obj
 0001:00008d6c       _snprintf_s                00019d6c f   LIBCMT:sprintf.obj
 0001:00008d8c       _snprintf_s_l              00019d8c f   LIBCMT:sprintf.obj
 0001:00008dac       _sprintf_p                 00019dac f   LIBCMT:sprintf.obj
 0001:00008dcc       _sprintf_p_l               00019dcc f   LIBCMT:sprintf.obj
 0001:00008de8       _scprintf                  00019de8 f   LIBCMT:sprintf.obj
 0001:00008e00       _scprintf_p                00019e00 f   LIBCMT:sprintf.obj
 0001:00008e18       _scprintf_l                00019e18 f   LIBCMT:sprintf.obj
 0001:00008e30       _scprintf_p_l              00019e30 f   LIBCMT:sprintf.obj
 0001:00008e48       _wtol                      00019e48 f   LIBCMT:wtox.obj
 0001:00008e50       _wtol_l                    00019e50 f   LIBCMT:wtox.obj
 0001:00008e5c       _wtoi64                    00019e5c f   LIBCMT:wtox.obj
 0001:00008e64       _wtoi64_l                  00019e64 f   LIBCMT:wtox.obj
 0001:00008e70       _wtoi                      00019e70 f   LIBCMT:wtox.obj
 0001:00008e78       _wtoi_l                    00019e78 f   LIBCMT:wtox.obj
 0001:00008e84       srand                      00019e84 f   LIBCMT:rand.obj
 0001:00008e9c       rand                       00019e9c f   LIBCMT:rand.obj
 0001:00008ec4       _fwrite_nolock             00019ec4 f   LIBCMT:fwrite.obj
 0001:00008ff4       fwrite                     00019ff4 f   LIBCMT:fwrite.obj
 0001:00009050       memcmp                     0001a050 f   LIBCMT:memcmp.obj
 0001:000091e0       WinMainCRTStartup          0001a1e0 f   LIBCMT:wincrt0.obj
 0001:00009204       _get_errno_from_oserr      0001a204 f   LIBCMT:dosmap.obj
 0001:0000924c       _errno                     0001a24c f   LIBCMT:dosmap.obj
 0001:00009264       __doserrno                 0001a264 f   LIBCMT:dosmap.obj
 0001:00009280       _get_errno                 0001a280 f   LIBCMT:dosmap.obj
 0001:000092ac       _set_errno                 0001a2ac f   LIBCMT:dosmap.obj
 0001:000092cc       _get_doserrno              0001a2cc f   LIBCMT:dosmap.obj
 0001:000092f0       _set_doserrno              0001a2f0 f   LIBCMT:dosmap.obj
 0001:00009308       _dosmaperr                 0001a308 f   LIBCMT:dosmap.obj
 0001:00009334       _initp_misc_invarg         0001a334 f   LIBCMT:invarg.obj
 0001:00009340       _invoke_watson             0001a340 f   LIBCMT:invarg.obj
 0001:00009344       _set_invalid_parameter_handler 0001a344 f   LIBCMT:invarg.obj
 0001:00009354       _get_invalid_parameter_handler 0001a354 f   LIBCMT:invarg.obj
 0001:00009360       _invalid_parameter         0001a360 f   LIBCMT:invarg.obj
 0001:0000937c       ?_invoke_watson@@YAXPBG00II@Z 0001a37c f   LIBCMT:invarg.obj
 0001:00009380       ?_invalid_parameter@@YAXPBG00II@Z 0001a380 f   LIBCMT:invarg.obj
 0001:0000939c       _invalid_parameter_noinfo_noreturn 0001a39c f   LIBCMT:invarg.obj
 0001:000093bc       _invalid_parameter_noinfo  0001a3bc f   LIBCMT:invarg.obj
 0001:000093dc       _flsbuf                    0001a3dc f   LIBCMT:_flsbuf.obj
 0001:00009518       _validate_param_reuseW     0001a518 f   LIBCMT:woutputp.obj
 0001:00009668       get_int_arg                0001a668 f i LIBCMT:woutputp.obj
 0001:0000967c       get_int64_arg              0001a67c f i LIBCMT:woutputp.obj
 0001:00009730       _woutput_p_l               0001a730 f   LIBCMT:woutputp.obj
 0001:0000a5a8       _woutput_s_l               0001b5a8 f   LIBCMT:woutputs.obj
 0001:0000af0c       _woutput_l                 0001bf0c f   LIBCMT:woutput.obj
 0001:0000b770       _set_daylight              0001c770 f i LIBCMT:tzset.obj
 0001:0000b784       _set_dstbias               0001c784 f i LIBCMT:tzset.obj
 0001:0000b798       _set_timezone              0001c798 f i LIBCMT:tzset.obj
 0001:0000bdec       _tzset                     0001cdec f   LIBCMT:tzset.obj
 0001:0000be14       __tzset                    0001ce14 f   LIBCMT:tzset.obj
 0001:0000be50       _isindst                   0001ce50 f   LIBCMT:tzset.obj
 0001:0000be80       _get_daylight              0001ce80 f   LIBCMT:timeset.obj
 0001:0000bea8       _get_dstbias               0001cea8 f   LIBCMT:timeset.obj
 0001:0000bed0       _get_timezone              0001ced0 f   LIBCMT:timeset.obj
 0001:0000bef8       _get_tzname                0001cef8 f   LIBCMT:timeset.obj
 0001:0000bf60       __daylight                 0001cf60 f   LIBCMT:timeset.obj
 0001:0000bf68       __dstbias                  0001cf68 f   LIBCMT:timeset.obj
 0001:0000bf70       __timezone                 0001cf70 f   LIBCMT:timeset.obj
 0001:0000bf78       __tzname                   0001cf78 f   LIBCMT:timeset.obj
 0001:0000bf80       _gmtime64_s                0001cf80 f   LIBCMT:gmtime64.obj
 0001:0000c1b8       _gmtime64                  0001d1b8 f   LIBCMT:gmtime64.obj
 0001:0000c1dc       _gmtime32_s                0001d1dc f   LIBCMT:gmtime.obj
 0001:0000c334       __getgmtimebuf             0001d334 f   LIBCMT:gmtime.obj
 0001:0000c368       _gmtime32                  0001d368 f   LIBCMT:gmtime.obj
 0001:0000c38c       __fphelper_raise_exception 0001d38c f   LIBCMT:helpexcept.obj
 0001:0000c5d0       __helper_divide_by_0       0001d5d0 f   LIBCMT:helpexcept.obj
 0001:0000c5e0       _initp_misc_cfltcvt_tab    0001d5e0 f   LIBCMT:cmiscdat.obj
 0001:0000c5f0       ?strrchr@@YAPADPADH@Z      0001d5f0 f i LIBCMT:cvt.obj
 0001:0000c5f4       _positive                  0001d5f4 f   LIBCMT:cvt.obj
 0001:0000c60c       _fassign_l                 0001d60c f   LIBCMT:cvt.obj
 0001:0000c660       _cropzeros_l               0001d660 f   LIBCMT:cvt.obj
 0001:0000c70c       _forcdecpt_l               0001d70c f   LIBCMT:cvt.obj
 0001:0000c7a0       _fassign                   0001d7a0 f   LIBCMT:cvt.obj
 0001:0000ca7c       _cropzeros                 0001da7c f   LIBCMT:cvt.obj
 0001:0000ca84       _forcdecpt                 0001da84 f   LIBCMT:cvt.obj
 0001:0000ca8c       _cftof_l                   0001da8c f   LIBCMT:cvt.obj
 0001:0000cb24       _cftog_l                   0001db24 f   LIBCMT:cvt.obj
 0001:0000cc00       _cftoe_l                   0001dc00 f   LIBCMT:cvt.obj
 0001:0000ccb0       _cftof                     0001dcb0 f   LIBCMT:cvt.obj
 0001:0000ccc4       _cftog                     0001dcc4 f   LIBCMT:cvt.obj
 0001:0000ccdc       _cftoe                     0001dcdc f   LIBCMT:cvt.obj
 0001:0000ccf4       _cftoa_l                   0001dcf4 f   LIBCMT:cvt.obj
 0001:0000d040       _cfltcvt_l                 0001e040 f   LIBCMT:cvt.obj
 0001:0000d09c       _cftoa                     0001e09c f   LIBCMT:cvt.obj
 0001:0000d0b4       _cfltcvt                   0001e0b4 f   LIBCMT:cvt.obj
 0001:0000d0d4       __addlocaleref             0001e0d4 f   LIBCMT:localref.obj
 0001:0000d140       __removelocaleref          0001e140 f   LIBCMT:localref.obj
 0001:0000d1b0       __freetlocinfo             0001e1b0 f   LIBCMT:localref.obj
 0001:0000d2ac       __get_locinfo_addref       0001e2ac f   LIBCMT:localref.obj
 0001:0000d2e0       __locinfo_release          0001e2e0 f   LIBCMT:localref.obj
 0001:0000d328       _updatetlocinfoEx_nolock   0001e328 f   LIBCMT:localref.obj
 0001:0000d55c       __get_mbcinfo_addref       0001e55c f   LIBCMT:mbctype.obj
 0001:0000d590       __mbcinfo_release          0001e590 f   LIBCMT:mbctype.obj
 0001:0000d5d4       _getmbcp                   0001e5d4 f   LIBCMT:mbctype.obj
 0001:0000d68c       _setmbcp_nolock            0001e68c f   LIBCMT:mbctype.obj
 0001:0000d824       _setmbcp                   0001e824 f   LIBCMT:mbctype.obj
 0001:0000d974       __initmbctable             0001e974 f   LIBCMT:mbctype.obj
 0001:0000d998       _isctype_l                 0001e998 f   LIBCMT:isctype.obj
 0001:0000da64       _isctype                   0001ea64 f   LIBCMT:isctype.obj
 0001:0000da88       _iswalpha_l                0001ea88 f i LIBCMT:_wctype.obj
 0001:0000da90       iswalpha                   0001ea90 f i LIBCMT:_wctype.obj
 0001:0000da98       _iswupper_l                0001ea98 f i LIBCMT:_wctype.obj
 0001:0000daa0       iswupper                   0001eaa0 f i LIBCMT:_wctype.obj
 0001:0000daa8       _iswlower_l                0001eaa8 f i LIBCMT:_wctype.obj
 0001:0000dab0       iswlower                   0001eab0 f i LIBCMT:_wctype.obj
 0001:0000dab8       _iswdigit_l                0001eab8 f i LIBCMT:_wctype.obj
 0001:0000dac0       iswdigit                   0001eac0 f i LIBCMT:_wctype.obj
 0001:0000dac8       _iswxdigit_l               0001eac8 f i LIBCMT:_wctype.obj
 0001:0000dad0       iswxdigit                  0001ead0 f i LIBCMT:_wctype.obj
 0001:0000dad8       _iswspace_l                0001ead8 f i LIBCMT:_wctype.obj
 0001:0000dae0       iswspace                   0001eae0 f i LIBCMT:_wctype.obj
 0001:0000dae8       _iswpunct_l                0001eae8 f i LIBCMT:_wctype.obj
 0001:0000daf0       iswpunct                   0001eaf0 f i LIBCMT:_wctype.obj
 0001:0000daf8       _iswalnum_l                0001eaf8 f i LIBCMT:_wctype.obj
 0001:0000db00       iswalnum                   0001eb00 f i LIBCMT:_wctype.obj
 0001:0000db08       _iswprint_l                0001eb08 f i LIBCMT:_wctype.obj
 0001:0000db10       iswprint                   0001eb10 f i LIBCMT:_wctype.obj
 0001:0000db18       _iswgraph_l                0001eb18 f i LIBCMT:_wctype.obj
 0001:0000db20       iswgraph                   0001eb20 f i LIBCMT:_wctype.obj
 0001:0000db28       _iswcntrl_l                0001eb28 f i LIBCMT:_wctype.obj
 0001:0000db30       iswcntrl                   0001eb30 f i LIBCMT:_wctype.obj
 0001:0000db38       iswascii                   0001eb38 f i LIBCMT:_wctype.obj
 0001:0000db44       _iswcsym_l                 0001eb44 f i LIBCMT:_wctype.obj
 0001:0000db68       __iswcsym                  0001eb68 f i LIBCMT:_wctype.obj
 0001:0000db8c       _iswcsymf_l                0001eb8c f i LIBCMT:_wctype.obj
 0001:0000dbb0       __iswcsymf                 0001ebb0 f i LIBCMT:_wctype.obj
 0001:0000dbd4       _isleadbyte_l              0001ebd4 f i LIBCMT:_wctype.obj
 0001:0000dc28       isleadbyte                 0001ec28 f i LIBCMT:_wctype.obj
 0001:0000dc70       _MarkAllocaS               0001ec70 f i LIBCMT:a_map.obj
 0001:0000dc78       _freea                     0001ec78 f i LIBCMT:a_map.obj
 0001:0000deb0       __crtLCMapStringA          0001eeb0 f   LIBCMT:a_map.obj
 0001:0000df20       ___setlc_active_func       0001ef20 f   LIBCMT:wsetloca.obj
 0001:0000df2c       ___unguarded_readlc_active_add_func 0001ef2c f   LIBCMT:wsetloca.obj
 0001:0000df5c       _locterm                   0001ef5c f   LIBCMT:wsetloca.obj
 0001:0000dfc8       _free_locale               0001efc8 f   LIBCMT:wsetloca.obj
 0001:0000e04c       _get_current_locale        0001f04c f   LIBCMT:wsetloca.obj
 0001:0000e0c0       __init_dummy               0001f0c0 f   LIBCMT:wsetloca.obj
 0001:0000e0c4       __copy_locale_name         0001f0c4 f   LIBCMT:wsetloca.obj
 0001:0000e114       __lc_wcstolc               0001f114 f   LIBCMT:wsetloca.obj
 0001:0000e218       _wcscats                   0001f218 f   LIBCMT:wsetloca.obj
 0001:0000e268       __free_locale              0001f268 f   LIBCMT:wsetloca.obj
 0001:0000e26c       __get_current_locale       0001f26c f   LIBCMT:wsetloca.obj
 0001:0000e380       __lc_lctowcs               0001f380 f   LIBCMT:wsetloca.obj
 0001:0000e3e0       _expandlocale              0001f3e0 f   LIBCMT:wsetloca.obj
 0001:0000e9a0       _wsetlocale                0001f9a0 f   LIBCMT:wsetloca.obj
 0001:0000ea9c       _wcreate_locale            0001fa9c f   LIBCMT:wsetloca.obj
 0001:0000eb50       _create_locale             0001fb50 f   LIBCMT:wsetloca.obj
 0001:0000eb94       __create_locale            0001fb94 f   LIBCMT:wsetloca.obj
 0001:0000ec30       _frnd                      0001fc30 f   LIBCMT:frnd.obj
 0001:0000eddc       log                        0001fddc f   LIBCMT:log.obj
 0001:0000f024       _statfp                    00020024 f   LIBCMT:fpctrl.obj
 0001:0000f030       _clrfp                     00020030 f   LIBCMT:fpctrl.obj
 0001:0000f048       _ctrlfp                    00020048 f   LIBCMT:fpctrl.obj
 0001:0000f070       _set_statfp                00020070 f   LIBCMT:fpctrl.obj
 0001:0000f084       _scalb                     00020084 f   LIBCMT:ieeemisc.obj
 0001:0000f088       _nextafter                 00020088 f   LIBCMT:ieeemisc.obj
 0001:0000f284       _isnan                     00020284 f   LIBCMT:ieeemisc.obj
 0001:0000f2c0       _fpclass                   000202c0 f   LIBCMT:ieeemisc.obj
 0001:0000f344       _isnanf                    00020344 f   LIBCMT:ieeemisc.obj
 0001:0000f378       _isunordered               00020378 f   LIBCMT:ieeemisc.obj
 0001:0000f3d4       _isunorderedf              000203d4 f   LIBCMT:ieeemisc.obj
 0001:0000f420       _d_inttype                 00020420 f   LIBCMT:powhlp.obj
 0001:0000f478       _powhlp                    00020478 f   LIBCMT:powhlp.obj
 0001:0000f580       _set_exp                   00020580 f   LIBCMT:util.obj
 0001:0000f5b0       _get_exp                   000205b0 f   LIBCMT:util.obj
 0001:0000f5d4       _set_bexp                  000205d4 f   LIBCMT:util.obj
 0001:0000f600       _sptype                    00020600 f   LIBCMT:util.obj
 0001:0000f65c       _decomp                    0002065c f   LIBCMT:util.obj
 0001:0000f744       _add_exp                   00020744 f   LIBCMT:util.obj
 0001:0000f784       _copysign                  00020784 f   LIBCMT:_copysign.obj
 0001:0000f7a0       _raise_exc_ex              000207a0 f   LIBCMT:fpexcept.obj
 0001:0000fa94       _handle_exc                00020a94 f   LIBCMT:fpexcept.obj
 0001:0000fc54       _set_errno_from_matherr    00020c54 f   LIBCMT:fpexcept.obj
 0001:0000fca8       _errcode                   00020ca8 f   LIBCMT:fpexcept.obj
 0001:0000fce0       _raise_excf                00020ce0 f   LIBCMT:fpexcept.obj
 0001:0000fd00       _raise_exc                 00020d00 f   LIBCMT:fpexcept.obj
 0001:0000fd20       _umatherr                  00020d20 f   LIBCMT:fpexcept.obj
 0001:0000fdb8       _except2                   00020db8 f   LIBCMT:fpexcept.obj
 0001:0000fe78       _except1                   00020e78 f   LIBCMT:fpexcept.obj
 0001:0000ff38       _handle_qnan2              00020f38 f   LIBCMT:fpexcept.obj
 0001:0000ff88       _handle_qnan1              00020f88 f   LIBCMT:fpexcept.obj
 0001:0000ffe4       IsKModeAddr                00020fe4 f i LIBCMT:jmpunwd.obj
 0001:0000fff0       IsFpuUsed                  00020ff0 f   LIBCMT:jmpunwd.obj
 0001:00010008       __jump_unwind              00021008 f   LIBCMT:jmpunwd.obj
 0001:000100a8       __C_specific_handler       000210a8 f   LIBCMT:chandler.obj
 0001:000101d8       _getstream                 000211d8 f   LIBCMT:stream.obj
 0001:000102cc       _openfile                  000212cc f   LIBCMT:_open.obj
 0001:000104ec       __iob_func                 000214ec f   LIBCMT:_file.obj
 0001:000104f4       __initstdio                000214f4 f   LIBCMT:_file.obj
 0001:00010554       __endstdio                 00021554 f   LIBCMT:_file.obj
 0001:00010584       _lock_file                 00021584 f   LIBCMT:_file.obj
 0001:000105c4       _lock_file2                000215c4 f   LIBCMT:_file.obj
 0001:000105f0       _unlock_file               000215f0 f   LIBCMT:_file.obj
 0001:0001061c       _unlock_file2              0002161c f   LIBCMT:_file.obj
 0001:00010638       _freebuf                   00021638 f   LIBCMT:_freebuf.obj
 0001:0001066c       _fileno                    0002166c f   LIBCMT:fileno.obj
 0001:000106cc       _close_nolock              000216cc f   LIBCMT:close.obj
 0001:0001078c       _close                     0002178c f   LIBCMT:close.obj
 0001:00010890       get_short_arg              00021890 f i LIBCMT:output.obj
 0001:00010940       _output_l                  00021940 f   LIBCMT:output.obj
 0001:0001119c       _validate_param_reuseA     0002219c f   LIBCMT:outputp.obj
 0001:00011300       get_crtdouble_arg          00022300 f i LIBCMT:outputp.obj
 0001:000113b0       _output_p_l                000223b0 f   LIBCMT:outputp.obj
 0001:000120fc       _stbuf                     000230fc f   LIBCMT:_sftbuf.obj
 0001:0001218c       _ftbuf                     0002318c f   LIBCMT:_sftbuf.obj
 0001:000121bc       vprintf_helper             000231bc f   LIBCMT:vprintf.obj
 0001:00012224       _vprintf_p                 00023224 f   LIBCMT:vprintf.obj
 0001:00012234       vprintf_s                  00023234 f   LIBCMT:vprintf.obj
 0001:00012244       vprintf                    00023244 f   LIBCMT:vprintf.obj
 0001:00012254       _vprintf_p_l               00023254 f   LIBCMT:vprintf.obj
 0001:00012264       _vprintf_s_l               00023264 f   LIBCMT:vprintf.obj
 0001:00012274       _vprintf_l                 00023274 f   LIBCMT:vprintf.obj
 0001:00012284       _heap_init                 00023284 f   LIBCMT:heapinit.obj
 0001:000122a4       _heap_term                 000232a4 f   LIBCMT:heapinit.obj
 0001:000122b0       _get_heap_handle           000232b0 f   LIBCMT:heapinit.obj
 0001:000122bc       _initp_heap_handler        000232bc f   LIBCMT:handler.obj
 0001:000122c8       ?_set_new_handler@@YAP6AHI@ZP6AHI@Z@Z 000232c8 f   LIBCMT:handler.obj
 0001:000122f0       ?_query_new_handler@@YAP6AHI@ZXZ 000232f0 f   LIBCMT:handler.obj
 0001:000122fc       _callnewh                  000232fc f   LIBCMT:handler.obj
 0001:0001231c       ?_set_new_handler@@YAP6AHI@ZH@Z 0002331c f   LIBCMT:handler.obj
 0001:00012324       _GET_RTERRMSG              00023324 f   LIBCMT:crt0msg.obj
 0001:00012354       _NMSG_WRITE                00023354 f   LIBCMT:crt0msg.obj
 0001:0001250c       _FF_MSGBANNER              0002350c f   LIBCMT:crt0msg.obj
 0001:00012540       GetCurrentProcess          00023540 f i LIBCMT:crt0dat.obj
 0001:00012544       __freeCrtMemory            00023544 f   LIBCMT:crt0dat.obj
 0001:0001260c       __crtCorExitProcess        0002360c f   LIBCMT:crt0dat.obj
 0001:00012610       _lockexit                  00023610 f   LIBCMT:crt0dat.obj
 0001:00012618       _unlockexit                00023618 f   LIBCMT:crt0dat.obj
 0001:00012620       _init_pointers             00023620 f   LIBCMT:crt0dat.obj
 0001:00012670       _initterm_e                00023670 f   LIBCMT:crt0dat.obj
 0001:00012694       _get_wpgmptr               00023694 f   LIBCMT:crt0dat.obj
 0001:000126c0       _get_pgmptr                000236c0 f   LIBCMT:crt0dat.obj
 0001:000126ec       __copy_path_to_wide_string 000236ec f   LIBCMT:crt0dat.obj
 0001:0001276c       __crtExitProcess           0002376c f   LIBCMT:crt0dat.obj
 0001:00012774       _cinit                     00023774 f   LIBCMT:crt0dat.obj
 0001:000128b4       _c_exit                    000238b4 f   LIBCMT:crt0dat.obj
 0001:000128c0       _cexit                     000238c0 f   LIBCMT:crt0dat.obj
 0001:000128cc       _exit                      000238cc f   LIBCMT:crt0dat.obj
 0001:000128d4       exit                       000238d4 f   LIBCMT:crt0dat.obj
 0001:000128dc       _amsg_exit                 000238dc f   LIBCMT:crt0dat.obj
 0001:000128fc       __initlocale               000238fc f   LIBCMT:nlsdata.obj
 0001:00012914       vwprintf_helper            00023914 f   LIBCMT:vwprintf.obj
 0001:0001297c       _vwprintf_p                0002397c f   LIBCMT:vwprintf.obj
 0001:0001298c       vwprintf_s                 0002398c f   LIBCMT:vwprintf.obj
 0001:0001299c       vwprintf                   0002399c f   LIBCMT:vwprintf.obj
 0001:000129ac       _vwprintf_p_l              000239ac f   LIBCMT:vwprintf.obj
 0001:000129bc       _vwprintf_s_l              000239bc f   LIBCMT:vwprintf.obj
 0001:000129cc       _vwprintf_l                000239cc f   LIBCMT:vwprintf.obj
 0001:000129dc       vfwprintf_helper           000239dc f   LIBCMT:vfwprint.obj
 0001:00012a40       _vfwprintf_p               00023a40 f   LIBCMT:vfwprint.obj
 0001:00012a60       vfwprintf_s                00023a60 f   LIBCMT:vfwprint.obj
 0001:00012a80       vfwprintf                  00023a80 f   LIBCMT:vfwprint.obj
 0001:00012aa0       _vfwprintf_p_l             00023aa0 f   LIBCMT:vfwprint.obj
 0001:00012ac0       _vfwprintf_s_l             00023ac0 f   LIBCMT:vfwprint.obj
 0001:00012ae0       _vfwprintf_l               00023ae0 f   LIBCMT:vfwprint.obj
 0001:00012b90       _write_nolock              00023b90 f   LIBCMT:write.obj
 0001:00012fe0       _write                     00023fe0 f   LIBCMT:write.obj
 0001:000130ac       _commit                    000240ac f   LIBCMT:commit.obj
 0001:00013174       _mtinitlocks               00024174 f   LIBCMT:mlock.obj
 0001:000131a8       _mtdeletelocks             000241a8 f   LIBCMT:mlock.obj
 0001:000131f8       _lock                      000241f8 f   LIBCMT:mlock.obj
 0001:00013228       _unlock                    00024228 f   LIBCMT:mlock.obj
 0001:00013238       _lockerr_exit              00024238 f   LIBCMT:mlock.obj
 0001:00013240       _mtinitlocknum             00024240 f   LIBCMT:mlock.obj
 0001:000136a0       _W_Gettnames_l             000246a0 f   LIBCMT:wcsftime.obj
 0001:00013c5c       _W_Getmonths_l             00024c5c f   LIBCMT:wcsftime.obj
 0001:00013d5c       _W_Getdays_l               00024d5c f   LIBCMT:wcsftime.obj
 0001:00013f0c       _W_Gettnames               00024f0c f   LIBCMT:wcsftime.obj
 0001:00013f14       _W_Getmonths               00024f14 f   LIBCMT:wcsftime.obj
 0001:00013f1c       _W_Getdays                 00024f1c f   LIBCMT:wcsftime.obj
 0001:00014378       _Wcsftime_l                00025378 f   LIBCMT:wcsftime.obj
 0001:00014484       wcsftime                   00025484 f   LIBCMT:wcsftime.obj
 0001:0001449c       _wcsftime_l                0002549c f   LIBCMT:wcsftime.obj
 0001:000144b4       _Wcsftime                  000254b4 f   LIBCMT:wcsftime.obj
 0001:000144cc       wait_a_bit                 000254cc f i LIBCMT:crtheap.obj
 0001:000144f4       _set_malloc_crt_max_wait   000254f4 f   LIBCMT:crtheap.obj
 0001:00014504       _recalloc_crt              00025504 f   LIBCMT:crtheap.obj
 0001:00014550       _realloc_crt               00025550 f   LIBCMT:crtheap.obj
 0001:00014598       _calloc_crt                00025598 f   LIBCMT:crtheap.obj
 0001:000145e0       _malloc_crt                000255e0 f   LIBCMT:crtheap.obj
 0001:00014624       strcpy_s                   00025624 f   LIBCMT:strcpy_s.obj
 0001:0001467c       InitializeCriticalSectionAndSpinCount 0002567c f i LIBCMT:ioinit.obj
 0001:0001468c       __InitStdHandle            0002568c f   LIBCMT:ioinit.obj
 0001:000146d8       _ioinit0                   000256d8 f   LIBCMT:ioinit.obj
 0001:000146fc       _ioterm                    000256fc f   LIBCMT:ioinit.obj
 0001:0001476c       _ioinitCallback            0002576c f   LIBCMT:ioinit.obj
 0001:00014874       _ioinit                    00025874 f   LIBCMT:ioinit.obj
 0001:0001489c       vfprintf_helper            0002589c f   LIBCMT:vfprintf.obj
 0001:00014988       _vfprintf_p                00025988 f   LIBCMT:vfprintf.obj
 0001:000149a8       vfprintf_s                 000259a8 f   LIBCMT:vfprintf.obj
 0001:000149c8       vfprintf                   000259c8 f   LIBCMT:vfprintf.obj
 0001:000149e8       _vfprintf_p_l              000259e8 f   LIBCMT:vfprintf.obj
 0001:00014a08       _vfprintf_s_l              00025a08 f   LIBCMT:vfprintf.obj
 0001:00014a28       _vfprintf_l                00025a28 f   LIBCMT:vfprintf.obj
 0001:00014a48       _filbuf                    00025a48 f   LIBCMT:_filbuf.obj
 0001:00014c04       _INTRN_LOCALE_CONV         00025c04 f i LIBCMT:inputs.obj
 0001:00014c3c       _input_s_l                 00025c3c f   LIBCMT:inputs.obj
 0001:0001596c       _input_l                   0002696c f   LIBCMT:input.obj
 0001:000164dc       _vsnprintf_helper          000274dc f   LIBCMT:vsnprnc.obj
 0001:0001657c       _vsprintf_p_l              0002757c f   LIBCMT:vsnprnc.obj
 0001:000165a8       _vsprintf_p                000275a8 f   LIBCMT:vsnprnc.obj
 0001:000165d4       _vsnprintf_s_l             000275d4 f   LIBCMT:vsnprnc.obj
 0001:000166a8       _vsprintf_s_l              000276a8 f   LIBCMT:vsnprnc.obj
 0001:000166fc       _vsnprintf_c_l             000276fc f   LIBCMT:vsnprnc.obj
 0001:00016728       _vsnprintf_c               00027728 f   LIBCMT:vsnprnc.obj
 0001:00016754       _vsnprintf_s               00027754 f   LIBCMT:vsnprnc.obj
 0001:0001676c       vsprintf_s                 0002776c f   LIBCMT:vsnprnc.obj
 0001:0001690c       _wcstoul_l                 0002790c f   LIBCMT:wcstol.obj
 0001:00016914       wcstoul                    00027914 f   LIBCMT:wcstol.obj
 0001:0001691c       _wcstol_l                  0002791c f   LIBCMT:wcstol.obj
 0001:00016924       wcstol                     00027924 f   LIBCMT:wcstol.obj
 0001:00016b5c       _wcstoui64_l               00027b5c f   LIBCMT:wcstoq.obj
 0001:00016b7c       _wcstoui64                 00027b7c f   LIBCMT:wcstoq.obj
 0001:00016bb0       _wcstoi64_l                00027bb0 f   LIBCMT:wcstoq.obj
 0001:00016bd0       _wcstoi64                  00027bd0 f   LIBCMT:wcstoq.obj
 0001:00016c04       _set_error_mode            00027c04 f   LIBCMT:errmode.obj
 0001:00016c40       __set_app_type             00027c40 f   LIBCMT:errmode.obj
 0001:00016c4c       GetCurrentThread           00027c4c f i LIBCMT:tidtable.obj
 0001:00016c50       __get_flsindex             00027c50 f   LIBCMT:tidtable.obj
 0001:00016c5c       _mtterm                    00027c5c f   LIBCMT:tidtable.obj
 0001:00016c84       _initptd                   00027c84 f   LIBCMT:tidtable.obj
 0001:00016ca0       _freefls                   00027ca0 f   LIBCMT:tidtable.obj
 0001:00016d00       __threadhandle             00027d00 f   LIBCMT:tidtable.obj
 0001:00016d04       __threadid                 00027d04 f   LIBCMT:tidtable.obj
 0001:00016d0c       _getptd_noexit             00027d0c f   LIBCMT:tidtable.obj
 0001:00016d78       _freeptd                   00027d78 f   LIBCMT:tidtable.obj
 0001:00016dac       _getptd                    00027dac f   LIBCMT:tidtable.obj
 0001:00016dc8       _mtinit                    00027dc8 f   LIBCMT:tidtable.obj
 0001:00016e00       _RTC_Initialize            00027e00 f   LIBCMT:initsect.obj
 0001:00016e2c       _RTC_Terminate             00027e2c f   LIBCMT:initsect.obj
 0001:00016e58       _setenvp                   00027e58 f   LIBCMT:noenv.obj
 0001:00016e5c       __crtGetEnvironmentStringsA 00027e5c f   LIBCMT:noenv.obj
 0001:00016e60       _wsetenvp                  00027e60 f   LIBCMT:noenv.obj
 0001:00016e64       __crtGetEnvironmentStringsW 00027e64 f   LIBCMT:noenv.obj
 0001:00016e68       _set_pgmptr                00027e68 f i LIBCMT:stdargv.obj
 0001:00017144       _setargv                   00028144 f   LIBCMT:stdargv.obj
 0001:000171f4       __crt_set_acmdln           000281f4 f   LIBCMT:stdargv.obj
 0001:000172b0       _XcptFilter                000282b0 f   LIBCMT:winxfltr.obj
 0001:000173c0       __CppXcptFilter            000283c0 f   LIBCMT:winxfltr.obj
 0001:000173d4       __crtGetTickCount64        000283d4 f   LIBCMT:gs_support.obj
 0001:000173e4       __security_init_cookie     000283e4 f   LIBCMT:gs_support.obj
 0001:0001745c       _isatty                    0002845c f   LIBCMT:isatty.obj
 0001:000174c4       _getbuf                    000284c4 f   LIBCMT:_getbuf.obj
 0001:00017510       _lseeki64_nolock           00028510 f   LIBCMT:lseeki64.obj
 0001:0001757c       _lseeki64                  0002857c f   LIBCMT:lseeki64.obj
 0001:00017660       _fputwc_nolock             00028660 f   LIBCMT:fputwc.obj
 0001:000177d0       fputwc                     000287d0 f   LIBCMT:fputwc.obj
 0001:00017824       putwc                      00028824 f   LIBCMT:fputwc.obj
 0001:0001790c       _output_s_l                0002890c f   LIBCMT:outputs.obj
 0001:00018188       __security_push_cookie     00029188 f   LIBCMT:secpushpop.obj
 0001:000181a0       __security_pop_cookie      000291a0 f   LIBCMT:secpushpop.obj
 0001:000181bc       __ppgsfailure              000291bc f   LIBCMT:secpushpop.obj
 0001:000181d4       __GSHandlerCheckCommon     000291d4 f   LIBCMT:gshandler.obj
 0001:000181ec       __GSHandlerCheck           000291ec f   LIBCMT:gshandler.obj
 0001:00018210       _mbtowc_l                  00029210 f   LIBCMT:mbtowc.obj
 0001:000182f4       mbtowc                     000292f4 f   LIBCMT:mbtowc.obj
 0001:000182fc       __init_ctype               000292fc f   LIBCMT:initctyp.obj
 0001:000185b8       ___mb_cur_max_func         000295b8 f   LIBCMT:initctyp.obj
 0001:000185e8       ___lc_codepage_func        000295e8 f   LIBCMT:initctyp.obj
 0001:00018618       ___lc_collate_cp_func      00029618 f   LIBCMT:initctyp.obj
 0001:00018648       ___lc_locale_name_func     00029648 f   LIBCMT:initctyp.obj
 0001:00018678       ___mb_cur_max_l_func       00029678 f   LIBCMT:initctyp.obj
 0001:00018684       strncpy_s                  00029684 f   LIBCMT:strncpy_s.obj
 0001:00018720       atol                       00029720 f   LIBCMT:atox.obj
 0001:00018728       _atol_l                    00029728 f   LIBCMT:atox.obj
 0001:00018734       _atoi64                    00029734 f   LIBCMT:atox.obj
 0001:0001873c       _atoi64_l                  0002973c f   LIBCMT:atox.obj
 0001:00018748       atoi                       00029748 f   LIBCMT:atox.obj
 0001:00018750       _atoi_l                    00029750 f   LIBCMT:atox.obj
 0001:0001875c       _fptrap                    0002975c f   LIBCMT:crt0fp.obj
 0001:00018764       strrchr                    00029764 f   LIBCMT:strrchr.obj
 0001:00018798       _atoflt_l                  00029798 f   LIBCMT:atodbl.obj
 0001:00018830       _atoldbl_l                 00029830 f   LIBCMT:atodbl.obj
 0001:000188cc       _atodbl_l                  000298cc f   LIBCMT:atodbl.obj
 0001:00018964       _atoflt                    00029964 f   LIBCMT:atodbl.obj
 0001:0001896c       _atoldbl                   0002996c f   LIBCMT:atodbl.obj
 0001:00018974       _atodbl                    00029974 f   LIBCMT:atodbl.obj
 0001:0001897c       __isascii                  0002997c f i LIBCMT:_ctype.obj
 0001:00018988       __toascii                  00029988 f i LIBCMT:_ctype.obj
 0001:00018990       _iscntrl_l                 00029990 f i LIBCMT:_ctype.obj
 0001:000189fc       _isgraph_l                 000299fc f i LIBCMT:_ctype.obj
 0001:00018a6c       _isprint_l                 00029a6c f i LIBCMT:_ctype.obj
 0001:00018adc       _isalnum_l                 00029adc f i LIBCMT:_ctype.obj
 0001:00018b4c       _ispunct_l                 00029b4c f i LIBCMT:_ctype.obj
 0001:00018bb8       _isspace_l                 00029bb8 f i LIBCMT:_ctype.obj
 0001:00018c24       _isxdigit_l                00029c24 f i LIBCMT:_ctype.obj
 0001:00018c90       _isdigit_l                 00029c90 f i LIBCMT:_ctype.obj
 0001:00018cfc       _islower_l                 00029cfc f i LIBCMT:_ctype.obj
 0001:00018d68       _isupper_l                 00029d68 f i LIBCMT:_ctype.obj
 0001:00018dd4       _isalpha_l                 00029dd4 f i LIBCMT:_ctype.obj
 0001:00018e44       iscntrl                    00029e44 f i LIBCMT:_ctype.obj
 0001:00018e68       isgraph                    00029e68 f i LIBCMT:_ctype.obj
 0001:00018e90       isprint                    00029e90 f i LIBCMT:_ctype.obj
 0001:00018eb8       _iscsym_l                  00029eb8 f i LIBCMT:_ctype.obj
 0001:00018ed8       isalnum                    00029ed8 f i LIBCMT:_ctype.obj
 0001:00018f00       ispunct                    00029f00 f i LIBCMT:_ctype.obj
 0001:00018f24       isspace                    00029f24 f i LIBCMT:_ctype.obj
 0001:00018f48       isxdigit                   00029f48 f i LIBCMT:_ctype.obj
 0001:00018f6c       isdigit                    00029f6c f i LIBCMT:_ctype.obj
 0001:00018f90       islower                    00029f90 f i LIBCMT:_ctype.obj
 0001:00018fb4       isupper                    00029fb4 f i LIBCMT:_ctype.obj
 0001:00018fd8       _iscsymf_l                 00029fd8 f i LIBCMT:_ctype.obj
 0001:00018ff8       isalpha                    00029ff8 f i LIBCMT:_ctype.obj
 0001:00019020       __iscsym                   0002a020 f i LIBCMT:_ctype.obj
 0001:00019064       __iscsymf                  0002a064 f i LIBCMT:_ctype.obj
 0001:000190a8       _set_output_format         0002a0a8 f   LIBCMT:outputformat.obj
 0001:000190d4       _get_output_format         0002a0d4 f   LIBCMT:outputformat.obj
 0001:000190e0       __dtold                    0002a0e0 f   LIBCMT:cfout.obj
 0001:00019174       _fltout2                   0002a174 f   LIBCMT:cfout.obj
 0001:000191e8       _fptostr                   0002a1e8 f   LIBCMT:_fptostr.obj
 0001:000192a0       localeconv                 0002a2a0 f   LIBCMT:lconv.obj
 0001:000192e0       __free_lconv_mon           0002a2e0 f   LIBCMT:initmon.obj
 0001:00019394       __init_monetary            0002a394 f   LIBCMT:initmon.obj
 0001:00019700       __free_lconv_num           0002a700 f   LIBCMT:initnum.obj
 0001:00019754       __init_numeric             0002a754 f   LIBCMT:initnum.obj
 0001:0001a154       __free_lc_time             0002b154 f   LIBCMT:inittime.obj
 0001:0001a3e0       __init_time                0002b3e0 f   LIBCMT:inittime.obj
 0001:0001a530       __crtGetStringTypeA        0002b530 f   LIBCMT:a_str.obj
 0001:0001a598       iswctype                   0002b598 f   LIBCMT:iswctype.obj
 0001:0001a5f0       _iswctype_l                0002b5f0 f   LIBCMT:iswctype.obj
 0001:0001a5f4       is_wctype                  0002b5f4 f   LIBCMT:iswctype.obj
 0001:0001a5f8       __wcsnicmp_ascii           0002b5f8 f   LIBCMT:winapinls.obj
 0001:0001a638       GetTableIndexFromLcid      0002b638 f   LIBCMT:winapinls.obj
 0001:0001a674       __crtCompareStringEx       0002b674 f   LIBCMT:winapinls.obj
 0001:0001a698       __crtEnumSystemLocalesEx   0002b698 f   LIBCMT:winapinls.obj
 0001:0001a6a0       __crtGetDateFormatEx       0002b6a0 f   LIBCMT:winapinls.obj
 0001:0001a6c0       __crtGetLocaleInfoEx       0002b6c0 f   LIBCMT:winapinls.obj
 0001:0001a6c4       __crtGetTimeFormatEx       0002b6c4 f   LIBCMT:winapinls.obj
 0001:0001a6dc       __crtGetUserDefaultLocaleName 0002b6dc f   LIBCMT:winapinls.obj
 0001:0001a6e0       __crtIsValidLocaleName     0002b6e0 f   LIBCMT:winapinls.obj
 0001:0001a6e4       __crtLCMapStringEx         0002b6e4 f   LIBCMT:winapinls.obj
 0001:0001a708       GetTableIndexFromLocaleName 0002b708 f   LIBCMT:winapinls.obj
 0001:0001a750       __crtDownlevelLCIDToLocaleName 0002b750 f   LIBCMT:winapinls.obj
 0001:0001a7c0       __crtDownlevelLocaleNameToLCID 0002b7c0 f   LIBCMT:winapinls.obj
 0001:0001a7e8       __init_collate             0002b7e8 f   LIBCMT:initcoll.obj
 0001:0001a7ec       __pwctype_func             0002b7ec f   LIBCMT:ctype.obj
 0001:0001a7f8       __pctype_func              0002b7f8 f   LIBCMT:ctype.obj
 0001:0001a82c       wcsnlen                    0002b82c f   LIBCMT:wcslen_s.obj
 0001:0001a840       wcsncpy_s                  0002b840 f   LIBCMT:wcsncpy_s.obj
 0001:0001a8dc       wcscspn                    0002b8dc f   LIBCMT:wcscspn.obj
 0001:0001a910       wcscat_s                   0002b910 f   LIBCMT:wcscat_s.obj
 0001:0001a97c       wcscmp                     0002b97c f   LIBCMT:wcscmp.obj
 0001:0001a9b0       wcscpy_s                   0002b9b0 f   LIBCMT:wcscpy_s.obj
 0001:0001aa08       wcslen                     0002ba08 f   LIBCMT:wcslen.obj
 0001:0001aa1c       CeTlsAlloc                 0002ba1c f i LIBCMT:winapisupp.obj
 0001:0001aa24       CeTlsFree                  0002ba24 f i LIBCMT:winapisupp.obj
 0001:0001aa2c       __crtIsPackagedApp         0002ba2c f   LIBCMT:winapisupp.obj
 0001:0001aa30       __crtSetUnhandledExceptionFilter 0002ba30 f   LIBCMT:winapisupp.obj
 0001:0001aa34       __crtFlsGetValue           0002ba34 f   LIBCMT:winapisupp.obj
 0001:0001aa38       __crtFlsSetValue           0002ba38 f   LIBCMT:winapisupp.obj
 0001:0001aa3c       __crtInitializeCriticalSectionEx 0002ba3c f   LIBCMT:winapisupp.obj
 0001:0001aa5c       __crtInitOnceExecuteOnce   0002ba5c f   LIBCMT:winapisupp.obj
 0001:0001aab8       __crtCreateSemaphoreExW    0002bab8 f   LIBCMT:winapisupp.obj
 0001:0001aae0       __crtSetThreadStackGuarantee 0002bae0 f   LIBCMT:winapisupp.obj
 0001:0001aaf0       __crtCreateThreadpoolTimer 0002baf0 f   LIBCMT:winapisupp.obj
 0001:0001ab00       __crtSetThreadpoolTimer    0002bb00 f   LIBCMT:winapisupp.obj
 0001:0001ab18       __crtWaitForThreadpoolTimerCallbacks 0002bb18 f   LIBCMT:winapisupp.obj
 0001:0001ab28       __crtCloseThreadpoolTimer  0002bb28 f   LIBCMT:winapisupp.obj
 0001:0001ab38       __crtCreateThreadpoolWait  0002bb38 f   LIBCMT:winapisupp.obj
 0001:0001ab48       __crtSetThreadpoolWait     0002bb48 f   LIBCMT:winapisupp.obj
 0001:0001ab58       __crtCloseThreadpoolWait   0002bb58 f   LIBCMT:winapisupp.obj
 0001:0001ab68       __crtFlushProcessWriteBuffers 0002bb68 f   LIBCMT:winapisupp.obj
 0001:0001ab78       __crtFreeLibraryWhenCallbackReturns 0002bb78 f   LIBCMT:winapisupp.obj
 0001:0001ab88       __crtGetCurrentProcessorNumber 0002bb88 f   LIBCMT:winapisupp.obj
 0001:0001ab98       __crtGetLogicalProcessorInformation 0002bb98 f   LIBCMT:winapisupp.obj
 0001:0001abb8       __crtCreateSymbolicLinkW   0002bbb8 f   LIBCMT:winapisupp.obj
 0001:0001abd8       __crtGetModuleFileNameA    0002bbd8 f   LIBCMT:winapisupp.obj
 0001:0001ac50       __crtLoadWinApiPointers    0002bc50 f   LIBCMT:winapisupp.obj
 0001:0001ae20       __crtLoadSystemLibraryUsingFullPath 0002be20 f   LIBCMT:winapisupp.obj
 0001:0001ae28       __crtFlsAlloc              0002be28 f   LIBCMT:winapisupp.obj
 0001:0001ae30       __crtFlsFree               0002be30 f   LIBCMT:winapisupp.obj
 0001:0001b3f4       __get_qualified_locale_downlevel 0002c3f4 f   LIBCMT:getqloc_downlevel.obj
 0001:0001bb4c       __get_qualified_locale     0002cb4c f   LIBCMT:getqloc.obj
 0001:0001bd50       wcsncmp                    0002cd50 f   LIBCMT:wcsncmp.obj
 0001:0001bd7c       wcspbrk                    0002cd7c f   LIBCMT:wcspbrk.obj
 0001:0001bdac       __security_check_cookie    0002cdac f   LIBCMT:armsecgs.obj
 0001:0001bdc0       __gsfailure                0002cdc0 f   LIBCMT:armsecgs.obj
 0001:0001bdf4       __report_rangecheckfailure 0002cdf4 f   LIBCMT:armsecgs.obj
 0001:0001bed8       _handle_error              0002ced8 f   LIBCMT:libm_error.obj
 0001:0001bfc8       _handle_errorf             0002cfc8 f   LIBCMT:libm_error.obj
 0001:0001c0c4       ldexp                      0002d0c4 f   LIBCMT:ldexp.obj
 0001:0001c230       _matherr                   0002d230 f   LIBCMT:matherr.obj
 0001:0001c234       __C_ExecuteExceptionFilter 0002d234 f   LIBCMT:jmpuwind.obj
 0001:0001c234       __C_ExecuteTerminationHandler 0002d234     LIBCMT:jmpuwind.obj
 0001:0001c248       _mbsnbcmp_l                0002d248 f   LIBCMT:mbsnbcmp.obj
 0001:0001c344       _mbsnbcmp                  0002d344 f   LIBCMT:mbsnbcmp.obj
 0001:0001c34c       _mbsnbicmp_l               0002d34c f   LIBCMT:mbsnbicm.obj
 0001:0001c4a4       _mbsnbicmp                 0002d4a4 f   LIBCMT:mbsnbicm.obj
 0001:0001c4ac       _sopen_nolock              0002d4ac f   LIBCMT:open.obj
 0001:0001c4f8       _sopen_helper              0002d4f8 f   LIBCMT:open.obj
 0001:0001c59c       _open                      0002d59c f   LIBCMT:open.obj
 0001:0001c64c       _sopen_s                   0002d64c f   LIBCMT:open.obj
 0001:0001c670       _sopen                     0002d670 f   LIBCMT:open.obj
 0001:0001c6ac       _fcloseall                 0002d6ac f   LIBCMT:closeall.obj
 0001:0001c738       _set_osfhnd                0002d738 f   LIBCMT:osfinfo.obj
 0001:0001c788       _free_osfhnd               0002d788 f   LIBCMT:osfinfo.obj
 0001:0001c7e4       _get_osfhandle             0002d7e4 f   LIBCMT:osfinfo.obj
 0001:0001c85c       __lock_fhandle             0002d85c f   LIBCMT:osfinfo.obj
 0001:0001c8cc       _unlock_fhandle            0002d8cc f   LIBCMT:osfinfo.obj
 0001:0001c8e8       _alloc_osfhnd              0002d8e8 f   LIBCMT:osfinfo.obj
 0001:0001ca54       _wctomb_s_l                0002da54 f   LIBCMT:wctomb.obj
 0001:0001cb74       wctomb                     0002db74 f   LIBCMT:wctomb.obj
 0001:0001cba4       _wctomb_l                  0002dba4 f   LIBCMT:wctomb.obj
 0001:0001cc0c       wctomb_s                   0002dc0c f   LIBCMT:wctomb.obj
 0001:0001cc20       __crtMessageBoxWaitThreadW 0002dc20 f   LIBCMT:crtmboxw.obj
 0001:0001cc40       IsDebuggerPresent          0002dc40 f i LIBCMT:crtmboxw.obj
 0001:0001cc5c       __crtMessageBoxW           0002dc5c f   LIBCMT:crtmboxw.obj
 0001:0001cd08       _initp_misc_purevirt       0002dd08 f   LIBCMT:inithelp.obj
 0001:0001cd14       __getlocaleinfo            0002dd14 f   LIBCMT:inithelp.obj
 0001:0001ce28       _initp_misc_rand_s         0002de28 f   LIBCMT:rand_s.obj
 0001:0001ce34       rand_s                     0002de34 f   LIBCMT:rand_s.obj
 0001:0001ced4       _initp_misc_winsig         0002ded4 f   LIBCMT:winsig.obj
 0001:0001cf20       __get_sigabrt              0002df20 f   LIBCMT:winsig.obj
 0001:0001cf2c       __fpecode                  0002df2c f   LIBCMT:winsig.obj
 0001:0001cf3c       __pxcptinfoptrs            0002df3c f   LIBCMT:winsig.obj
 0001:0001cf4c       raise                      0002df4c f   LIBCMT:winsig.obj
 0001:0001d0bc       signal                     0002e0bc f   LIBCMT:winsig.obj
 0001:0001d1f0       ?terminate@@YAXXZ          0002e1f0 f   LIBCMT:hooks.obj
 0001:0001d20c       _initp_eh_hooks            0002e20c f   LIBCMT:hooks.obj
 0001:0001d21c       ?_inconsistency@@YAXXZ     0002e21c f   LIBCMT:hooks.obj
 0001:0001d238       ?unexpected@@YAXXZ         0002e238 f   LIBCMT:hooks.obj
 0001:0001d2d8       __onexitinit               0002e2d8 f   LIBCMT:onexit.obj
 0001:0001d308       _onexit                    0002e308 f   LIBCMT:onexit.obj
 0001:0001d3a8       atexit                     0002e3a8 f   LIBCMT:onexit.obj
 0001:0001d3c0       _wcsicmp_l                 0002e3c0 f   LIBCMT:wcsicmp.obj
 0001:0001d474       _wcsicmp                   0002e474 f   LIBCMT:wcsicmp.obj
 0001:0001d4d0       _mbstowcs_l_helper         0002e4d0 f   LIBCMT:mbstowcs.obj
 0001:0001d614       _mbstowcs_s_l              0002e614 f   LIBCMT:mbstowcs.obj
 0001:0001d704       _mbstowcs_l                0002e704 f   LIBCMT:mbstowcs.obj
 0001:0001d708       mbstowcs_s                 0002e708 f   LIBCMT:mbstowcs.obj
 0001:0001d720       mbstowcs                   0002e720 f   LIBCMT:mbstowcs.obj
 0001:0001d738       _recalloc                  0002e738 f   LIBCMT:recalloc.obj
 0001:0001d798       _calloc_impl               0002e798 f   LIBCMT:calloc_impl.obj
 0001:0001d810       _read_nolock               0002e810 f   LIBCMT:read.obj
 0001:0001dd4c       _read                      0002ed4c f   LIBCMT:read.obj
 0001:0001de30       _ungetc_nolock             0002ee30 f   LIBCMT:ungetc.obj
 0001:0001df28       ungetc                     0002ef28 f   LIBCMT:ungetc.obj
 0001:0001df80       _ismbcspace_l              0002ef80 f   LIBCMT:ismbspc.obj
 0001:0001e044       _ismbcspace                0002f044 f   LIBCMT:ismbspc.obj
 0001:0001e04c       _wchartodigit              0002f04c f   LIBCMT:wchtodig.obj
 0001:0001e1f4       _ismbbkana_l               0002f1f4 f   LIBCMT:ismbbyte.obj
 0001:0001e258       _ismbbtrail                0002f258 f   LIBCMT:ismbbyte.obj
 0001:0001e264       _ismbbtrail_l              0002f264 f   LIBCMT:ismbbyte.obj
 0001:0001e280       _ismbblead                 0002f280 f   LIBCMT:ismbbyte.obj
 0001:0001e28c       _ismbblead_l               0002f28c f   LIBCMT:ismbbyte.obj
 0001:0001e2a8       _ismbbpunct                0002f2a8 f   LIBCMT:ismbbyte.obj
 0001:0001e2b4       _ismbbpunct_l              0002f2b4 f   LIBCMT:ismbbyte.obj
 0001:0001e2d0       _ismbbprint                0002f2d0 f   LIBCMT:ismbbyte.obj
 0001:0001e2e0       _ismbbprint_l              0002f2e0 f   LIBCMT:ismbbyte.obj
 0001:0001e2fc       _ismbbgraph                0002f2fc f   LIBCMT:ismbbyte.obj
 0001:0001e30c       _ismbbgraph_l              0002f30c f   LIBCMT:ismbbyte.obj
 0001:0001e328       _ismbbalpha                0002f328 f   LIBCMT:ismbbyte.obj
 0001:0001e338       _ismbbalpha_l              0002f338 f   LIBCMT:ismbbyte.obj
 0001:0001e354       _ismbbalnum                0002f354 f   LIBCMT:ismbbyte.obj
 0001:0001e364       _ismbbalnum_l              0002f364 f   LIBCMT:ismbbyte.obj
 0001:0001e380       _ismbbkpunct               0002f380 f   LIBCMT:ismbbyte.obj
 0001:0001e38c       _ismbbkpunct_l             0002f38c f   LIBCMT:ismbbyte.obj
 0001:0001e3a8       _ismbbkprint               0002f3a8 f   LIBCMT:ismbbyte.obj
 0001:0001e3b4       _ismbbkprint_l             0002f3b4 f   LIBCMT:ismbbyte.obj
 0001:0001e3d0       _ismbbkalnum               0002f3d0 f   LIBCMT:ismbbyte.obj
 0001:0001e3dc       _ismbbkalnum_l             0002f3dc f   LIBCMT:ismbbyte.obj
 0001:0001e3f8       _ismbbkana                 0002f3f8 f   LIBCMT:ismbbyte.obj
 0001:0001e400       _flswbuf                   0002f400 f   LIBCMT:_flswbuf.obj
 0001:0001e780       _strtoui64_l               0002f780 f   LIBCMT:strtoq.obj
 0001:0001e7a0       _strtoui64                 0002f7a0 f   LIBCMT:strtoq.obj
 0001:0001e7d4       _strtoi64_l                0002f7d4 f   LIBCMT:strtoq.obj
 0001:0001e7f4       _strtoi64                  0002f7f4 f   LIBCMT:strtoq.obj
 0001:0001e828       __addl                     0002f828 f i LIBCMT:strgtold.obj
 0001:0001e848       __shl_12                   0002f848 f i LIBCMT:strgtold.obj
 0001:0001e884       __shr_12                   0002f884 f i LIBCMT:strgtold.obj
 0001:0001e8c0       __ld12mul                  0002f8c0 f i LIBCMT:strgtold.obj
 0001:0001eb18       __multtenpow12             0002fb18 f i LIBCMT:strgtold.obj
 0001:0001ee18       __strgtold12_l             0002fe18 f   LIBCMT:strgtold.obj
 0001:0001f49c       __STRINGTOLD_L             0003049c f   LIBCMT:strgtold.obj
 0001:0001f4dc       _ZeroTail                  000304dc f i LIBCMT:intrncvt.obj
 0001:0001f528       _CopyMan                   00030528 f i LIBCMT:intrncvt.obj
 0001:0001f538       _FillZeroMan               00030538 f i LIBCMT:intrncvt.obj
 0001:0001f548       _IsZeroMan                 00030548 f i LIBCMT:intrncvt.obj
 0001:0001f560       _ShrMan                    00030560 f i LIBCMT:intrncvt.obj
 0001:0001f5c8       _IncMan                    000305c8 f i LIBCMT:intrncvt.obj
 0001:0001f628       _RoundMan                  00030628 f i LIBCMT:intrncvt.obj
 0001:0001f708       _ld12told                  00030708 f   LIBCMT:intrncvt.obj
 0001:0001f7a4       _ld12cvt                   000307a4 f i LIBCMT:intrncvt.obj
 0001:0001fc24       _ld12tof                   00030c24 f   LIBCMT:intrncvt.obj
 0001:000200a8       _ld12tod                   000310a8 f   LIBCMT:intrncvt.obj
 0001:0002052c       __add_12                   0003152c f i LIBCMT:x10fout.obj
 0001:00020590       $I10_OUTPUT                00031590 f   LIBCMT:x10fout.obj
 0001:00020e7c       _wcstombs_l_helper         00031e7c f   LIBCMT:wcstombs.obj
 0001:00021058       _wcstombs_s_l              00032058 f   LIBCMT:wcstombs.obj
 0001:00021100       wcstombs                   00032100 f   LIBCMT:wcstombs.obj
 0001:00021108       _wcstombs_l                00032108 f   LIBCMT:wcstombs.obj
 0001:0002110c       wcstombs_s                 0003210c f   LIBCMT:wcstombs.obj
 0001:00021124       _wcsnicmp_l                00032124 f   LIBCMT:wcsnicmp.obj
 0001:000211e4       _wcsnicmp                  000321e4 f   LIBCMT:wcsnicmp.obj
 0001:000213d4       _ultow_s                   000323d4 f   LIBCMT:xtows.obj
 0001:000213e8       _ltow_s                    000323e8 f   LIBCMT:xtows.obj
 0001:00021408       _itow_s                    00032408 f   LIBCMT:xtows.obj
 0001:0002142c       _ui64tow_s                 0003242c f   LIBCMT:xtows.obj
 0001:00021444       _i64tow_s                  00032444 f   LIBCMT:xtows.obj
 0001:00021470       wcschr                     00032470 f   LIBCMT:wcschr.obj
 0001:00021488       __report_gsfailure         00032488 f   LIBCMT:armsechr.obj
 0001:000214e8       strncmp                    000324e8 f   LIBCMT:strncmp.obj
 0001:00021594       __ascii_strnicmp           00032594 f   LIBCMT:strnicmp.obj
 0001:000215d0       _strnicmp_l                000325d0 f   LIBCMT:strnicmp.obj
 0001:0002167c       _strnicmp                  0003267c f   LIBCMT:strnicmp.obj
 0001:000216f4       _wsopen_nolock             000326f4 f   LIBCMT:wopen.obj
 0001:00021d04       _wsopen_helper             00032d04 f   LIBCMT:wopen.obj
 0001:00021da8       _wopen                     00032da8 f   LIBCMT:wopen.obj
 0001:00021e58       _wsopen_s                  00032e58 f   LIBCMT:wopen.obj
 0001:00021e7c       _wsopen                    00032e7c f   LIBCMT:wopen.obj
 0001:00021fa8       __crtGetLocaleInfoA        00032fa8 f   LIBCMT:a_loc.obj
 0001:00022008       abort                      00033008 f   LIBCMT:abort.obj
 0001:00022024       _set_abort_behavior        00033024 f   LIBCMT:abort.obj
 0001:00022048       _msize                     00033048 f   LIBCMT:msize.obj
 0001:00022078       _towlower_l                00033078 f   LIBCMT:towlower.obj
 0001:0002212c       towlower                   0003312c f   LIBCMT:towlower.obj
 0001:00022134       __mtold12                  00033134 f   LIBCMT:mantold.obj
 0001:000222dc       __report_gsfailure_context 000332dc f   LIBCMT:gscore.obj
 0001:000222e8       _setmode_nolock            000332e8 f   LIBCMT:setmode.obj
 0001:000223a8       _set_fmode                 000333a8 f   LIBCMT:setmode.obj
 0001:000223e4       _get_fmode                 000333e4 f   LIBCMT:setmode.obj
 0001:0002240c       _setmode                   0003340c f   LIBCMT:setmode.obj
 0001:000224e4       _chsize_nolock             000334e4 f   LIBCMT:chsize.obj
 0001:0002264c       _chsize_s                  0003364c f   LIBCMT:chsize.obj
 0001:00022738       _chsize                    00033738 f   LIBCMT:chsize.obj
 0001:00022754       __crtLCMapStringW          00033754 f   LIBCMT:w_map.obj
 0001:0002278c       CreateToolhelp32Snapshot   0003378c f   toolhelp:toolhelp.dll
 0001:00022798       Module32First              00033798 f   toolhelp:toolhelp.dll
 0001:000227a4       Module32Next               000337a4 f   toolhelp:toolhelp.dll
 0001:000227b0       CloseToolhelp32Snapshot    000337b0 f   toolhelp:toolhelp.dll
 0001:000227bc       Heap32ListFirst            000337bc f   toolhelp:toolhelp.dll
 0001:000227c8       Heap32First                000337c8 f   toolhelp:toolhelp.dll
 0001:000227d4       Heap32Next                 000337d4 f   toolhelp:toolhelp.dll
 0001:000227e0       Heap32ListNext             000337e0 f   toolhelp:toolhelp.dll
 0001:000227ec       Thread32First              000337ec f   toolhelp:toolhelp.dll
 0001:000227f8       Thread32Next               000337f8 f   toolhelp:toolhelp.dll
 0001:00022804       Process32First             00033804 f   toolhelp:toolhelp.dll
 0001:00022810       Process32Next              00033810 f   toolhelp:toolhelp.dll
 0001:0002281c       WSACleanup                 0003381c f   winsock:WINSOCK.dll
 0001:00022828       WSAStartup                 00033828 f   winsock:WINSOCK.dll
 0001:00022834       select                     00033834 f   winsock:WINSOCK.dll
 0001:00022840       send                       00033840 f   winsock:WINSOCK.dll
 0001:0002284c       recv                       0003384c f   winsock:WINSOCK.dll
 0001:00022858       socket                     00033858 f   winsock:WINSOCK.dll
 0001:00022864       ioctlsocket                00033864 f   winsock:WINSOCK.dll
 0001:00022870       htons                      00033870 f   winsock:WINSOCK.dll
 0001:0002287c       bind                       0003387c f   winsock:WINSOCK.dll
 0001:00022888       ntohs                      00033888 f   winsock:WINSOCK.dll
 0001:00022894       ntohl                      00033894 f   winsock:WINSOCK.dll
 0001:000228a0       closesocket                000338a0 f   winsock:WINSOCK.dll
 0001:000228ac       listen                     000338ac f   winsock:WINSOCK.dll
 0001:000228b8       shutdown                   000338b8 f   winsock:WINSOCK.dll
 0001:000228c4       connect                    000338c4 f   winsock:WINSOCK.dll
 0001:000228d0       setsockopt                 000338d0 f   winsock:WINSOCK.dll
 0001:000228dc       accept                     000338dc f   winsock:WINSOCK.dll
 0001:000228e8       inet_addr                  000338e8 f   winsock:WINSOCK.dll
 0001:000228f4       htonl                      000338f4 f   winsock:WINSOCK.dll
 0001:00022900       recvfrom                   00033900 f   winsock:WINSOCK.dll
 0001:0002290c       sendto                     0003390c f   winsock:WINSOCK.dll
 0001:00022918       GetSystemTimeAsFileTime    00033918 f   coredll:COREDLL.dll
 0001:00022924       HeapReAlloc                00033924 f   coredll:COREDLL.dll
 0001:00022930       HeapFree                   00033930 f   coredll:COREDLL.dll
 0001:0002293c       HeapAlloc                  0003393c f   coredll:COREDLL.dll
 0001:00022948       MultiByteToWideChar        00033948 f   coredll:COREDLL.dll
 0001:00022954       WideCharToMultiByte        00033954 f   coredll:COREDLL.dll
 0001:00022960       TlsGetValue                00033960 f   coredll:COREDLL.dll
 0001:0002296c       GetTimeZoneInformation     0003396c f   coredll:COREDLL.dll
 0001:00022978       RaiseException             00033978 f   coredll:COREDLL.dll
 0001:00022984       InterlockedIncrement       00033984 f   coredll:COREDLL.dll
 0001:00022990       InterlockedDecrement       00033990 f   coredll:COREDLL.dll
 0001:0002299c       GetCPInfo                  0003399c f   coredll:COREDLL.dll
 0001:000229a8       GetOEMCP                   000339a8 f   coredll:COREDLL.dll
 0001:000229b4       GetACP                     000339b4 f   coredll:COREDLL.dll
 0001:000229c0       IsValidCodePage            000339c0 f   coredll:COREDLL.dll
 0001:000229cc       RtlCaptureNonVolatileContext 000339cc f   coredll:COREDLL.dll
 0001:000229d8       RtlUnwind                  000339d8 f   coredll:COREDLL.dll
 0001:000229e4       RtlResumeFromContext       000339e4 f   coredll:COREDLL.dll
 0001:000229f0       GetProcessHeap             000339f0 f   coredll:COREDLL.dll
 0001:000229fc       WriteFile                  000339fc f   coredll:COREDLL.dll
 0001:00022a08       FlushFileBuffers           00033a08 f   coredll:COREDLL.dll
 0001:00022a14       OpenStdConsole             00033a14 f   coredll:COREDLL.dll
 0001:00022a20       GetCommandLineW            00033a20 f   coredll:COREDLL.dll
 0001:00022a2c       QueryPerformanceCounter    00033a2c f   coredll:COREDLL.dll
 0001:00022a38       SetFilePointer             00033a38 f   coredll:COREDLL.dll
 0001:00022a44       GetStringTypeW             00033a44 f   coredll:COREDLL.dll
 0001:00022a50       CompareStringEx            00033a50 f   coredll:COREDLL.dll
 0001:00022a5c       EnumSystemLocalesEx        00033a5c f   coredll:COREDLL.dll
 0001:00022a68       GetDateFormatEx            00033a68 f   coredll:COREDLL.dll
 0001:00022a74       GetLocaleInfoEx            00033a74 f   coredll:COREDLL.dll
 0001:00022a80       GetTimeFormatEx            00033a80 f   coredll:COREDLL.dll
 0001:00022a8c       GetUserDefaultLocaleName   00033a8c f   coredll:COREDLL.dll
 0001:00022a98       IsValidLocaleName          00033a98 f   coredll:COREDLL.dll
 0001:00022aa4       LCMapStringEx              00033aa4 f   coredll:COREDLL.dll
 0001:00022ab0       TlsCall                    00033ab0 f   coredll:COREDLL.dll
 0001:00022abc       TlsSetValue                00033abc f   coredll:COREDLL.dll
 0001:00022ac8       InterlockedCompareExchange 00033ac8 f   coredll:COREDLL.dll
 0001:00022ad4       InterlockedExchange        00033ad4 f   coredll:COREDLL.dll
 0001:00022ae0       CreateSemaphoreW           00033ae0 f   coredll:COREDLL.dll
 0001:00022aec       GetModuleHandleW           00033aec f   coredll:COREDLL.dll
 0001:00022af8       LoadLibraryExW             00033af8 f   coredll:COREDLL.dll
 0001:00022b04       GetUserDefaultLCID         00033b04 f   coredll:COREDLL.dll
 0001:00022b10       GetLocaleInfoW             00033b10 f   coredll:COREDLL.dll
 0001:00022b1c       EnumSystemLocalesW         00033b1c f   coredll:COREDLL.dll
 0001:00022b28       IsValidLocale              00033b28 f   coredll:COREDLL.dll
 0001:00022b34       CheckRemoteDebuggerPresent 00033b34 f   coredll:COREDLL.dll
 0001:00022b40       GetProcAddressA            00033b40 f   coredll:COREDLL.dll
 0001:00022b4c       CeGenRandom                00033b4c f   coredll:COREDLL.dll
 0001:00022b58       ReadFile                   00033b58 f   coredll:COREDLL.dll
 0001:00022b64       CreateFileW                00033b64 f   coredll:COREDLL.dll
 0001:00022b70       HeapSize                   00033b70 f   coredll:COREDLL.dll
 0001:00022b7c       __crt_fatal                00033b7c f   coredll:COREDLL.dll
 0001:00022b88       SetEndOfFile               00033b88 f   coredll:COREDLL.dll
 0002:00000000       __xc_a                     0003d000     LIBCMT:crt0init.obj
 0002:00000104       __xc_z                     0003d104     LIBCMT:crt0init.obj
[...]
 0002:00008e78       __rg_country               00045e78     LIBCMT:getqloc.obj
 0002:00008f8c       ??_C@_1BI@IENOMFML@?$AAC?$AAO?$AAR?$AAE?$AAD?$AAL?$AAL?$AA?4?$AAD?$AAL?$AAL?$AA?$AA@ 00045f8c     LIBCMT:crtmboxw.obj
 0002:00008fa4       ??_C@_1BI@OGPGOOGK@?$AAM?$AAe?$AAs?$AAs?$AAa?$AAg?$AAe?$AAB?$AAo?$AAx?$AAW?$AA?$AA@ 00045fa4     LIBCMT:crtmboxw.obj
 0002:00008fbc       ??_C@_1CG@MKBKDNCP@?$AAG?$AAe?$AAt?$AAL?$AAa?$AAs?$AAt?$AAA?$AAc?$AAt?$AAi?$AAv?$AAe?$AAP?$AAo?$AAp?$AAu?$AAp?$AA?$AA@ 00045fbc     LIBCMT:crtmboxw.obj
 0002:00008fe4       ??_C@_1CA@HNKPMKAN@?$AAG?$AAe?$AAt?$AAA?$AAc?$AAt?$AAi?$AAv?$AAe?$AAW?$AAi?$AAn?$AAd?$AAo?$AAw?$AA?$AA@ 00045fe4     LIBCMT:crtmboxw.obj
 0002:00009004       ??_C@_1BG@OACMLAMN@?$AAB?$AAC?$AAR?$AAY?$AAP?$AAT?$AA?4?$AAD?$AAL?$AAL?$AA?$AA@ 00046004     LIBCMT:rand_s.obj
 0002:0000901c       ??_C@_0BA@OEECKJGD@BCryptGenRandom?$AA@ 0004601c     LIBCMT:rand_s.obj
 0002:0000902c       ??_C@_06PGGFOGJG@1?$CDSNAN?$AA@ 0004602c     LIBCMT:x10fout.obj
 0002:00009034       ??_C@_05PHHOCPM@1?$CDIND?$AA@ 00046034     LIBCMT:x10fout.obj
 0002:0000903c       ??_C@_05DNEBIAHO@1?$CDINF?$AA@ 0004603c     LIBCMT:x10fout.obj
 0002:00009044       ??_C@_06IMKFLFPG@1?$CDQNAN?$AA@ 00046044     LIBCMT:x10fout.obj
 0002:0000a448       __rtc_iaa                  00047448     LIBCMT:initsect.obj
 0002:0000a54c       __rtc_izz                  0004754c     LIBCMT:initsect.obj
 0002:0000a650       __rtc_taa                  00047650     LIBCMT:initsect.obj
 0002:0000a754       __rtc_tzz                  00047754     LIBCMT:initsect.obj
 0003:00000000       _fltused                   0004a000     LIBCMT:fpinit.obj
 0003:00000004       _ldused                    0004a004     LIBCMT:fpinit.obj
 0003:00000198       _timezone                  0004a198     LIBCMT:timeset.obj
 0003:0000019c       _daylight                  0004a19c     LIBCMT:timeset.obj
 0003:000001a0       _dstbias                   0004a1a0     LIBCMT:timeset.obj
 0003:00000228       _tzname                    0004a228     LIBCMT:timeset.obj
 0003:00000230       _cfltcvt_tab               0004a230     LIBCMT:cmiscdat.obj
 0003:0000025c       __ptmbcinfo                0004a25c     LIBCMT:mbctype.obj
 0003:00000350       _mbctype                   0004a350     LIBCMT:mbctype.obj
 0003:00000458       _mbcasemap                 0004a458     LIBCMT:mbctype.obj
 0003:00000558       __initialmbcinfo           0004a558     LIBCMT:mbctype.obj
 0003:00000780       _d_inf                     0004a780     LIBCMT:util.obj
 0003:00000788       _d_ind                     0004a788     LIBCMT:util.obj
 0003:00000790       _d_max                     0004a790     LIBCMT:util.obj
 0003:00000798       _d_min                     0004a798     LIBCMT:util.obj
 0003:000007a0       _d_mzero                   0004a7a0     LIBCMT:util.obj
 0003:00000890       _iob                       0004a890     LIBCMT:_file.obj
 0003:00000b10       __nullstring               0004ab10     LIBCMT:output.obj
 0003:00000b14       __wnullstring              0004ab14     LIBCMT:output.obj
 0003:00000b18       __security_cookie          0004ab18     LIBCMT:gs_cookie.obj
 0003:00000b1c       __security_cookie_complement 0004ab1c     LIBCMT:gs_cookie.obj
 0003:00000b20       __mb_cur_max               0004ab20     LIBCMT:nlsdata.obj
 0003:00000b24       __wclocalestr              0004ab24     LIBCMT:nlsdata.obj
 0003:00000b28       __lc_time_c                0004ab28     LIBCMT:nlsdata.obj
 0003:00000c90       __initiallocinfo           0004ac90     LIBCMT:nlsdata.obj
 0003:00000d48       __ptlocinfo                0004ad48     LIBCMT:nlsdata.obj
 0003:00000d4c       __initiallocalestructinfo  0004ad4c     LIBCMT:nlsdata.obj
 0003:00000e78       __badioinfo                0004ae78     LIBCMT:ioinit.obj
 0003:00000eb8       __error_mode               0004aeb8     LIBCMT:errmode.obj
 0003:00000ebc       __flsindex                 0004aebc     LIBCMT:tidtable.obj
 0003:00000ec0       _days                      0004aec0     LIBCMT:days.obj
 0003:00000ef4       _lpdays                    0004aef4     LIBCMT:days.obj
 0003:00000f28       __lconv_static_decimal     0004af28     LIBCMT:lconv.obj
 0003:00000f2c       __lconv_static_W_decimal   0004af2c     LIBCMT:lconv.obj
 0003:00000f30       __lconv_c                  0004af30     LIBCMT:lconv.obj
 0003:00000f80       __lconv                    0004af80     LIBCMT:lconv.obj
 0003:00000f84       _pctype                    0004af84     LIBCMT:ctype.obj
 0003:00000f88       _pwctype                   0004af88     LIBCMT:ctype.obj
 0003:00000f8c       _matherr_flag              0004af8c     LIBCMT:matherr.obj
 0003:00000f90       _lookuptrailbytes          0004af90     LIBCMT:read.obj
 0003:000010c0       __abort_behavior           0004b0c0     LIBCMT:abort.obj
 0003:000010c8       _pow10pos                  0004b0c8     LIBCMT:constpow.obj
 0003:00001228       _pow10neg                  0004b228     LIBCMT:constpow.obj
 0003:0000a7f8       __fastflag                 000547f8     LIBCMT:fpinit.obj
 0003:0000a800       _aenvptr                   00054800     LIBCMT:wincrt0.obj
 0003:0000a804       _wenvptr                   00054804     LIBCMT:wincrt0.obj
 0003:0000a808       __pInvalidArgHandler       00054808     LIBCMT:invarg.obj
 0003:0000a8cc       __mbulinfo                 000548cc     LIBCMT:mbctype.obj
 0003:0000a8d8       __mblocalename             000548d8     LIBCMT:mbctype.obj
 0003:0000a8dc       __mbcodepage               000548dc     LIBCMT:mbctype.obj
 0003:0000a8e0       __ismbcodepage             000548e0     LIBCMT:mbctype.obj
 0003:0000a8e4       __locale_changed           000548e4     LIBCMT:wsetloca.obj
 0003:0000a8e8       _cflush                    000548e8     LIBCMT:_file.obj
 0003:0000a8ec       _stdbuf                    000548ec     LIBCMT:_sftbuf.obj
 0003:0000a8f4       _newmode                   000548f4     LIBCMT:_newmode.obj
 0003:0000a8f8       _crtheap                   000548f8     LIBCMT:heapinit.obj
 0003:0000a8fc       ?_pnhHeap@@3P6AHI@ZA       000548fc     LIBCMT:handler.obj
 0003:0000af28       __app_type                 00054f28     LIBCMT:crt0msg.obj
 0003:0000af2c       __argc                     00054f2c     LIBCMT:crt0dat.obj
 0003:0000af30       __argv                     00054f30     LIBCMT:crt0dat.obj
 0003:0000af34       __wargv                    00054f34     LIBCMT:crt0dat.obj
 0003:0000af38       _environ                   00054f38     LIBCMT:crt0dat.obj
 0003:0000af3c       _wenviron                  00054f3c     LIBCMT:crt0dat.obj
 0003:0000af40       _pgmptr                    00054f40     LIBCMT:crt0dat.obj
 0003:0000af44       _wpgmptr                   00054f44     LIBCMT:crt0dat.obj
 0003:0000af48       _C_Exit_Done               00054f48     LIBCMT:crt0dat.obj
 0003:0000af4c       _umaskval                  00054f4c     LIBCMT:crt0dat.obj
 0003:0000af50       _exitflag                  00054f50     LIBCMT:crt0dat.obj
 0003:0000af54       _C_Termination_Done        00054f54     LIBCMT:crt0dat.obj
 0003:0000af58       __winitenv                 00054f58     LIBCMT:crt0dat.obj
 0003:0000af5c       __initenv                  00054f5c     LIBCMT:crt0dat.obj
 0003:0000af60       _acmdln                    00054f60     LIBCMT:crt0dat.obj
 0003:0000af64       _wcmdln                    00054f64     LIBCMT:crt0dat.obj
 0003:0000b080       _maxwait                   00055080     LIBCMT:crtheap.obj
 0003:0000b084       __ioInitOnce               00055084     LIBCMT:ioinit.obj
 0003:0000b190       _outputformat              00055190     LIBCMT:outputformat.obj
 0003:0000b194       __lconv_static_null        00055194     LIBCMT:lconv.obj
 0003:0000b198       __lconv_static_W_null      00055198     LIBCMT:lconv.obj
 0003:0000b1a4       _commode                   000551a4     LIBCMT:ncommode.obj
 0003:0000b1b4       __pPurecall                000551b4     LIBCMT:inithelp.obj
 0003:0000b1c8       ?__pTerminate@@3P6AXXZA    000551c8     LIBCMT:hooks.obj
 0003:0000b1cc       ?__pUnexpected@@3P6AXXZA   000551cc     LIBCMT:hooks.obj
 0003:0000b1d0       ?__pInconsistency@@3P6AXXZA 000551d0     LIBCMT:hooks.obj
 0003:0000b1d4       _fmode                     000551d4     LIBCMT:txtmode.obj
 0003:0000b1e0       encodedKERNEL32Functions   000551e0     <common>
 0003:0000b280       __pioinfo                  00055280     <common>
 0003:0000b3bc       _nhandle                   000553bc     <common>
 0003:0000b3c0       __mbctype_initialized      000553c0     <common>
 0003:0000b3d0       __onexitbegin              000553d0     <common>
 0003:0000b3d4       __onexitend                000553d4     <common>
 0003:0000b3d8       __env_initialized          000553d8     <common>
 0003:0000b3dc       _nstream                   000553dc     <common>
 0003:0000b720       _bufin                     00055720     <common>
 0003:0000c720       __piob                     00056720     <common>
 0003:0000c724       __unguarded_readlc_active  00056724     <common>
 0003:0000c734       __setlc_active             00056734     <common>
 0005:00000000       __IMPORT_DESCRIPTOR_COREDLL 00059000     coredll:COREDLL.dll
 0005:00000014       __IMPORT_DESCRIPTOR_toolhelp 00059014     toolhelp:toolhelp.dll
 0005:00000028       __IMPORT_DESCRIPTOR_WINSOCK 00059028     winsock:WINSOCK.dll
 0005:0000003c       __NULL_IMPORT_DESCRIPTOR   0005903c     coredll:COREDLL.dll
 0005:00000320       __imp_GetLocalTime         00059320     coredll:COREDLL.dll
 0005:00000324       __imp_SystemTimeToFileTime 00059324     coredll:COREDLL.dll
 0005:00000328       __imp_StringCbPrintfW      00059328     coredll:COREDLL.dll
 0005:0000032c       __imp_OutputDebugStringW   0005932c     coredll:COREDLL.dll
 0005:00000330       __imp_GetModuleFileNameW   00059330     coredll:COREDLL.dll
 0005:00000334       __imp_GetLastError         00059334     coredll:COREDLL.dll
 0005:00000338       __imp_OpenProcess          00059338     coredll:COREDLL.dll
 0005:0000033c       __imp_TerminateProcess     0005933c     coredll:COREDLL.dll
 0005:00000340       __imp_CloseHandle          00059340     coredll:COREDLL.dll
 0005:00000344       __imp_ResumeThread         00059344     coredll:COREDLL.dll
 0005:00000348       __imp_SuspendThread        00059348     coredll:COREDLL.dll
 0005:0000034c       __imp_TerminateThread      0005934c     coredll:COREDLL.dll
 0005:00000350       __imp_CeSetThreadPriority  00059350     coredll:COREDLL.dll
 0005:00000354       __imp_CeGetThreadPriority  00059354     coredll:COREDLL.dll
 0005:00000358       __imp_QueryPerformanceFrequency 00059358     coredll:COREDLL.dll
 0005:0000035c       __imp_CreateProcessW       0005935c     coredll:COREDLL.dll
 0005:00000360       __imp_GetThreadTimes       00059360     coredll:COREDLL.dll
 0005:00000364       __imp_GetTickCount         00059364     coredll:COREDLL.dll
 0005:00000368       __imp_SetSystemPowerState  00059368     coredll:COREDLL.dll
 0005:0000036c       __imp_LoadLibraryW         0005936c     coredll:COREDLL.dll
 0005:00000370       __imp_GetProcAddressW      00059370     coredll:COREDLL.dll
 0005:00000374       __imp_GetSystemInfo        00059374     coredll:COREDLL.dll
 0005:00000378       __imp_Sleep                00059378     coredll:COREDLL.dll
 0005:0000037c       __imp_FreeLibrary          0005937c     coredll:COREDLL.dll
 0005:00000380       __imp_EventModify          00059380     coredll:COREDLL.dll
 0005:00000384       __imp_RegOpenKeyExW        00059384     coredll:COREDLL.dll
 0005:00000388       __imp_RegQueryValueExW     00059388     coredll:COREDLL.dll
 0005:0000038c       __imp_RegCloseKey          0005938c     coredll:COREDLL.dll
 0005:00000390       __imp_DeleteCriticalSection 00059390     coredll:COREDLL.dll
 0005:00000394       __imp_CreateEventW         00059394     coredll:COREDLL.dll
 0005:00000398       __imp_EnterCriticalSection 00059398     coredll:COREDLL.dll
 0005:0000039c       __imp_LeaveCriticalSection 0005939c     coredll:COREDLL.dll
 0005:000003a0       __imp_WaitForMultipleObjects 000593a0     coredll:COREDLL.dll
 0005:000003a4       __imp_SetLastError         000593a4     coredll:COREDLL.dll
 0005:000003a8       __imp_DebugActiveProcess   000593a8     coredll:COREDLL.dll
 0005:000003ac       __imp_InitializeCriticalSection 000593ac     coredll:COREDLL.dll
 0005:000003b0       __imp_CreateThread         000593b0     coredll:COREDLL.dll
 0005:000003b4       __imp___crt_fatal          000593b4     coredll:COREDLL.dll
 0005:000003b8       __imp_HeapSize             000593b8     coredll:COREDLL.dll
 0005:000003bc       __imp_CreateFileW          000593bc     coredll:COREDLL.dll
 0005:000003c0       __imp_ReadFile             000593c0     coredll:COREDLL.dll
 0005:000003c4       __imp_CeGenRandom          000593c4     coredll:COREDLL.dll
 0005:000003c8       __imp_GetProcAddressA      000593c8     coredll:COREDLL.dll
 0005:000003cc       __imp_CheckRemoteDebuggerPresent 000593cc     coredll:COREDLL.dll
 0005:000003d0       __imp_IsValidLocale        000593d0     coredll:COREDLL.dll
 0005:000003d4       __imp_EnumSystemLocalesW   000593d4     coredll:COREDLL.dll
 0005:000003d8       __imp_GetLocaleInfoW       000593d8     coredll:COREDLL.dll
 0005:000003dc       __imp_GetUserDefaultLCID   000593dc     coredll:COREDLL.dll
 0005:000003e0       __imp_LoadLibraryExW       000593e0     coredll:COREDLL.dll
 0005:000003e4       __imp_GetModuleHandleW     000593e4     coredll:COREDLL.dll
 0005:000003e8       __imp_CreateSemaphoreW     000593e8     coredll:COREDLL.dll
 0005:000003ec       __imp_InterlockedExchange  000593ec     coredll:COREDLL.dll
 0005:000003f0       __imp_InterlockedCompareExchange 000593f0     coredll:COREDLL.dll
 0005:000003f4       __imp_TlsSetValue          000593f4     coredll:COREDLL.dll
 0005:000003f8       __imp_TlsCall              000593f8     coredll:COREDLL.dll
 0005:000003fc       __imp_LCMapStringEx        000593fc     coredll:COREDLL.dll
 0005:00000400       __imp_IsValidLocaleName    00059400     coredll:COREDLL.dll
 0005:00000404       __imp_GetUserDefaultLocaleName 00059404     coredll:COREDLL.dll
 0005:00000408       __imp_GetTimeFormatEx      00059408     coredll:COREDLL.dll
 0005:0000040c       __imp_GetLocaleInfoEx      0005940c     coredll:COREDLL.dll
 0005:00000410       __imp_GetDateFormatEx      00059410     coredll:COREDLL.dll
 0005:00000414       __imp_EnumSystemLocalesEx  00059414     coredll:COREDLL.dll
 0005:00000418       __imp_SetEndOfFile         00059418     coredll:COREDLL.dll
 0005:0000041c       __imp_CompareStringEx      0005941c     coredll:COREDLL.dll
 0005:00000420       __imp_GetStringTypeW       00059420     coredll:COREDLL.dll
 0005:00000424       __imp_SetFilePointer       00059424     coredll:COREDLL.dll
 0005:00000428       __imp_QueryPerformanceCounter 00059428     coredll:COREDLL.dll
 0005:0000042c       __imp_GetCommandLineW      0005942c     coredll:COREDLL.dll
 0005:00000430       __imp_OpenStdConsole       00059430     coredll:COREDLL.dll
 0005:00000434       __imp_FlushFileBuffers     00059434     coredll:COREDLL.dll
 0005:00000438       __imp_WriteFile            00059438     coredll:COREDLL.dll
 0005:0000043c       __imp_GetProcessHeap       0005943c     coredll:COREDLL.dll
 0005:00000440       __imp_GetSystemTimeAsFileTime 00059440     coredll:COREDLL.dll
 0005:00000444       __imp_HeapReAlloc          00059444     coredll:COREDLL.dll
 0005:00000448       __imp_HeapFree             00059448     coredll:COREDLL.dll
 0005:0000044c       __imp_HeapAlloc            0005944c     coredll:COREDLL.dll
 0005:00000450       __imp_MultiByteToWideChar  00059450     coredll:COREDLL.dll
 0005:00000454       __imp_WideCharToMultiByte  00059454     coredll:COREDLL.dll
 0005:00000458       __imp_TlsGetValue          00059458     coredll:COREDLL.dll
 0005:0000045c       __imp_GetTimeZoneInformation 0005945c     coredll:COREDLL.dll
 0005:00000460       __imp_RaiseException       00059460     coredll:COREDLL.dll
 0005:00000464       __imp_InterlockedIncrement 00059464     coredll:COREDLL.dll
 0005:00000468       __imp_InterlockedDecrement 00059468     coredll:COREDLL.dll
 0005:0000046c       __imp_GetCPInfo            0005946c     coredll:COREDLL.dll
 0005:00000470       __imp_GetOEMCP             00059470     coredll:COREDLL.dll
 0005:00000474       __imp_GetACP               00059474     coredll:COREDLL.dll
 0005:00000478       __imp_IsValidCodePage      00059478     coredll:COREDLL.dll
 0005:0000047c       __imp_RtlCaptureNonVolatileContext 0005947c     coredll:COREDLL.dll
 0005:00000480       __imp_RtlUnwind            00059480     coredll:COREDLL.dll
 0005:00000484       __imp_RtlResumeFromContext 00059484     coredll:COREDLL.dll
 0005:00000488       \177COREDLL_NULL_THUNK_DATA 00059488     coredll:COREDLL.dll
 0005:000004fc       __imp_sendto               000594fc     winsock:WINSOCK.dll
 0005:00000500       __imp_recvfrom             00059500     winsock:WINSOCK.dll
 0005:00000504       __imp_htonl                00059504     winsock:WINSOCK.dll
 0005:00000508       __imp_inet_addr            00059508     winsock:WINSOCK.dll
 0005:0000050c       __imp_accept               0005950c     winsock:WINSOCK.dll
 0005:00000510       __imp_setsockopt           00059510     winsock:WINSOCK.dll
 0005:00000514       __imp_connect              00059514     winsock:WINSOCK.dll
 0005:00000518       __imp_shutdown             00059518     winsock:WINSOCK.dll
 0005:0000051c       __imp_closesocket          0005951c     winsock:WINSOCK.dll
 0005:00000520       __imp_ntohl                00059520     winsock:WINSOCK.dll
 0005:00000524       __imp_ntohs                00059524     winsock:WINSOCK.dll
 0005:00000528       __imp_bind                 00059528     winsock:WINSOCK.dll
 0005:0000052c       __imp_htons                0005952c     winsock:WINSOCK.dll
 0005:00000530       __imp_ioctlsocket          00059530     winsock:WINSOCK.dll
 0005:00000534       __imp_socket               00059534     winsock:WINSOCK.dll
 0005:00000538       __imp_recv                 00059538     winsock:WINSOCK.dll
 0005:0000053c       __imp_send                 0005953c     winsock:WINSOCK.dll
 0005:00000540       __imp_select               00059540     winsock:WINSOCK.dll
 0005:00000544       __imp_WSAStartup           00059544     winsock:WINSOCK.dll
 0005:00000548       __imp_WSACleanup           00059548     winsock:WINSOCK.dll
 0005:0000054c       __imp_listen               0005954c     winsock:WINSOCK.dll
 0005:00000550       \177WINSOCK_NULL_THUNK_DATA 00059550     winsock:WINSOCK.dll
 0005:0000058c       __imp_Process32Next        0005958c     toolhelp:toolhelp.dll
 0005:00000590       __imp_Process32First       00059590     toolhelp:toolhelp.dll
 0005:00000594       __imp_Thread32Next         00059594     toolhelp:toolhelp.dll
 0005:00000598       __imp_Thread32First        00059598     toolhelp:toolhelp.dll
 0005:0000059c       __imp_Heap32ListNext       0005959c     toolhelp:toolhelp.dll
 0005:000005a0       __imp_Heap32Next           000595a0     toolhelp:toolhelp.dll
 0005:000005a4       __imp_Heap32First          000595a4     toolhelp:toolhelp.dll
 0005:000005a8       __imp_Heap32ListFirst      000595a8     toolhelp:toolhelp.dll
 0005:000005ac       __imp_CloseToolhelp32Snapshot 000595ac     toolhelp:toolhelp.dll
 0005:000005b0       __imp_Module32Next         000595b0     toolhelp:toolhelp.dll
 0005:000005b4       __imp_Module32First        000595b4     toolhelp:toolhelp.dll
 0005:000005b8       __imp_CreateToolhelp32Snapshot 000595b8     toolhelp:toolhelp.dll
 0005:000005bc       \177toolhelp_NULL_THUNK_DATA 000595bc     toolhelp:toolhelp.dll

 entry point at        0001:000091e0

