 cemon.Smartphone 2003 (ARMV4)

 Timestamp is 59fbd5e1 (Thu Nov 02 21:35:13 2017)

 Preferred load address is 00010000

 Start         Length     Name                   Class
 0001:00000000 000055a8H .text                   CODE
 0002:00000000 000026aeH .rdata                  DATA
 0002:000026b0 00000056H .rdata$debug            DATA
 0002:00002708 00000014H .xdata                  DATA
 0002:0000271c 0000003cH .idata$2                DATA
 0002:00002758 00000014H .idata$3                DATA
 0002:0000276c 000001b0H .idata$4                DATA
 0002:0000291c 000001b8H .idata$6                DATA
 0002:00002ad4 00000000H .edata                  DATA
 0003:00000000 000001b0H .idata$5                DATA
 0003:000001b0 00000004H .CRT$XCA                DATA
 0003:000001b4 00000004H .CRT$XCZ                DATA
 0003:000001b8 00000004H .CRT$XIA                DATA
 0003:000001bc 00000004H .CRT$XIZ                DATA
 0003:000001c0 00000004H .CRT$XPA                DATA
 0003:000001c4 00000004H .CRT$XPZ                DATA
 0003:000001c8 00000004H .CRT$XTA                DATA
 0003:000001cc 00000004H .CRT$XTZ                DATA
 0003:000001d0 000077a8H .bss                    DATA
 0004:00000000 00000290H .pdata                  DATA

  Address         Publics by Value              Rva+Base       Lib:Object

 0000:00000000       ___safe_se_handler_count   00000000     <absolute>
 0000:00000000       ___safe_se_handler_table   00000000     <absolute>
 0001:00000000       GetNumClients              00011000 f   comm.obj
 0001:00000010       winsock_end                00011010 f   comm.obj
 0001:00000014       winsock_init               00011014 f   comm.obj
 0001:00000058       socket_write               00011058 f   comm.obj
 0001:00000178       socket_read                00011178 f   comm.obj
 0001:000001e0       socket_server_end          000111e0 f   comm.obj
 0001:000002a8       socket_server_init         000112a8 f   comm.obj
 0001:00000428       socket_accept              00011428 f   comm.obj
 0001:000005b8       socket_set_client_state    000115b8 f   comm.obj
 0001:000005fc       socket_unset_client_state  000115fc f   comm.obj
 0001:0000064c       socket_unset_clients_state 0001164c f   comm.obj
 0001:00000688       socket_is_any_client_state 00011688 f   comm.obj
 0001:000006d8       socket_close_client        000116d8 f   comm.obj
 0001:000007c0       socket_nonblocking         000117c0 f   comm.obj
 0001:00000814       socket_remove_overdue_clients 00011814 f   comm.obj
 0001:000008ac       socket_read_clienti        000118ac f   comm.obj
 0001:00000a20       socket_write_clients       00011a20 f   comm.obj
 0001:00000ac0       socket_write_client        00011ac0 f   comm.obj
 0001:00000adc       dieRtm                     00011adc f   cpumon.obj
 0001:00000be4       saveSettings               00011be4 f   cpumon.obj
 0001:00000cbc       readSettings               00011cbc f   cpumon.obj
 0001:00000fb0       readThreadsFile            00011fb0 f   cpumon.obj
 0001:00001138       alloc_parray               00012138 f   cpumon.obj
 0001:00001194       increasePsList             00012194 f   cpumon.obj
 0001:00001224       alloc_tarray               00012224 f   cpumon.obj
 0001:00001280       get_ps_path                00012280 f   cpumon.obj
 0001:00001344       KillProcess                00012344 f   cpumon.obj
 0001:00001394       handle_process             00012394 f   cpumon.obj
 0001:00001740       handle_thread              00012740 f   cpumon.obj
 0001:0000182c       set_thread_priority        0001282c f   cpumon.obj
 0001:000018b0       get_thread_names           000128b0 f   cpumon.obj
 0001:000018f8       process_client_request     000128f8 f   cpumon.obj
 0001:00001c68       service_clients            00012c68 f   cpumon.obj
 0001:00001d10       createToolHelpSnapshot     00012d10 f   cpumon.obj
 0001:00001d44       getPsStats                 00012d44 f   cpumon.obj
 0001:00001f98       getThStats                 00012f98 f   cpumon.obj
 0001:000021a0       wmain                      000131a0 f   cpumon.obj
 0001:00002d08       set_kdump_dir              00013d08 f   debugger.obj
 0001:00002d48       get_kdump_dir              00013d48 f   debugger.obj
 0001:00002e24       delete_cinfo               00013e24 f   debugger.obj
 0001:00002e58       debug_ack                  00013e58 f   debugger.obj
 0001:00002eb4       debug_crashed              00013eb4 f   debugger.obj
 0001:00002f24       debug_done                 00013f24 f   debugger.obj
 0001:00003024       debug_check                00014024 f   debugger.obj
 0001:000030a4       create_dbgr_handles        000140a4 f   debugger.obj
 0001:0000316c       close_dbgr_handles         0001416c f   debugger.obj
 0001:000031b4       process_frames             000141b4 f   debugger.obj
 0001:000031ec       get_callstack              000141ec f   debugger.obj
 0001:00003538       continue_processing_debug_events 00014538 f   debugger.obj
 0001:00003634       handle_exception           00014634 f   debugger.obj
 0001:00003788       continue_debug             00014788 f   debugger.obj
 0001:000038d4       debuger_proc               000148d4 f   debugger.obj
 0001:00003ad8       debug_process              00014ad8 f   debugger.obj
 0001:00003cdc       DiscoveryServerInit        00014cdc f   DiscoveryServer.obj
 0001:00003de4       DiscoveryServerServe       00014de4 f   DiscoveryServer.obj
 0001:00003f40       mytime                     00014f40 f   util.obj
 0001:00003f68       localTime                  00014f68 f   util.obj
 0001:00003fd0       myswprintf                 00014fd0 f   util.obj
 0001:00003ff0       logg_begin                 00014ff0 f   util.obj
 0001:00004024       logg_end                   00015024 f   util.obj
 0001:0000404c       logg                       0001504c f   util.obj
 0001:000040ac       logt                       000150ac f   util.obj
 0001:0000413c       wcscpy2                    0001513c f   util.obj
 0001:00004164       full_path                  00015164 f   util.obj
 0001:000042a0       reallocf                   000152a0 f   util.obj
 0001:000042c4       addFileTime                000152c4 f   util.obj
 0001:000042e4       subFileTime                000152e4 f   util.obj
 0001:00004304       strtime                    00015304 f   util.obj
 0001:0000436c       GetLastError               0001536c f   coredll:COREDLL.dll
 0001:00004378       memmove                    00015378 f   coredll:COREDLL.dll
 0001:00004384       memset                     00015384 f   coredll:COREDLL.dll
 0001:00004390       free                       00015390 f   coredll:COREDLL.dll
 0001:0000439c       fclose                     0001539c f   coredll:COREDLL.dll
 0001:000043a8       fprintf                    000153a8 f   coredll:COREDLL.dll
 0001:000043b4       fopen                      000153b4 f   coredll:COREDLL.dll
 0001:000043c0       sprintf                    000153c0 f   coredll:COREDLL.dll
 0001:000043cc       sscanf                     000153cc f   coredll:COREDLL.dll
 0001:000043d8       fgets                      000153d8 f   coredll:COREDLL.dll
 0001:000043e4       feof                       000153e4 f   coredll:COREDLL.dll
 0001:000043f0       strcpy                     000153f0 f   coredll:COREDLL.dll
 0001:000043fc       strcmp                     000153fc f   coredll:COREDLL.dll
 0001:00004408       strlen                     00015408 f   coredll:COREDLL.dll
 0001:00004414       realloc                    00015414 f   coredll:COREDLL.dll
 0001:00004420       wcscpy                     00015420 f   coredll:COREDLL.dll
 0001:0000442c       wcslen                     0001542c f   coredll:COREDLL.dll
 0001:00004438       CloseHandle                00015438 f   coredll:COREDLL.dll
 0001:00004444       TerminateProcess           00015444 f   coredll:COREDLL.dll
 0001:00004450       OpenProcess                00015450 f   coredll:COREDLL.dll
 0001:0000445c       CreateProcessW             0001545c f   coredll:COREDLL.dll
 0001:00004468       GetModuleFileNameW         00015468 f   coredll:COREDLL.dll
 0001:00004474       malloc                     00015474 f   coredll:COREDLL.dll
 0001:00004480       TerminateThread            00015480 f   coredll:COREDLL.dll
 0001:0000448c       SuspendThread              0001548c f   coredll:COREDLL.dll
 0001:00004498       ResumeThread               00015498 f   coredll:COREDLL.dll
 0001:000044a4       CeSetThreadPriority        000154a4 f   coredll:COREDLL.dll
 0001:000044b0       CeGetThreadPriority        000154b0 f   coredll:COREDLL.dll
 0001:000044bc       SetSystemPowerState        000154bc f   coredll:COREDLL.dll
 0001:000044c8       _wtol                      000154c8 f   coredll:COREDLL.dll
 0001:000044d4       memcpy                     000154d4 f   coredll:COREDLL.dll
 0001:000044e0       GetTickCount               000154e0 f   coredll:COREDLL.dll
 0001:000044ec       GetThreadTimes             000154ec f   coredll:COREDLL.dll
 0001:000044f8       QueryPerformanceFrequency  000154f8 f   coredll:COREDLL.dll
 0001:00004504       FreeLibrary                00015504 f   coredll:COREDLL.dll
 0001:00004510       Sleep                      00015510 f   coredll:COREDLL.dll
 0001:0000451c       fwrite                     0001551c f   coredll:COREDLL.dll
 0001:00004528       GetSystemInfo              00015528 f   coredll:COREDLL.dll
 0001:00004534       srand                      00015534 f   coredll:COREDLL.dll
 0001:00004540       GetProcAddressW            00015540 f   coredll:COREDLL.dll
 0001:0000454c       LoadLibraryW               0001554c f   coredll:COREDLL.dll
 0001:00004558       EventModify                00015558 f   coredll:COREDLL.dll
 0001:00004564       RegCloseKey                00015564 f   coredll:COREDLL.dll
 0001:00004570       RegQueryValueExW           00015570 f   coredll:COREDLL.dll
 0001:0000457c       RegOpenKeyExW              0001557c f   coredll:COREDLL.dll
 0001:00004588       DeleteCriticalSection      00015588 f   coredll:COREDLL.dll
 0001:00004594       LeaveCriticalSection       00015594 f   coredll:COREDLL.dll
 0001:000045a0       EnterCriticalSection       000155a0 f   coredll:COREDLL.dll
 0001:000045ac       WaitForMultipleObjects     000155ac f   coredll:COREDLL.dll
 0001:000045b8       CreateEventW               000155b8 f   coredll:COREDLL.dll
 0001:000045c4       SetLastError               000155c4 f   coredll:COREDLL.dll
 0001:000045d0       DebugActiveProcess         000155d0 f   coredll:COREDLL.dll
 0001:000045dc       CreateThread               000155dc f   coredll:COREDLL.dll
 0001:000045e8       InitializeCriticalSection  000155e8 f   coredll:COREDLL.dll
 0001:000045f4       memcmp                     000155f4 f   coredll:COREDLL.dll
 0001:00004600       SystemTimeToFileTime       00015600 f   coredll:COREDLL.dll
 0001:0000460c       GetLocalTime               0001560c f   coredll:COREDLL.dll
 0001:00004618       StringCbPrintfW            00015618 f   coredll:COREDLL.dll
 0001:00004624       fflush                     00015624 f   coredll:COREDLL.dll
 0001:00004630       fwprintf                   00015630 f   coredll:COREDLL.dll
 0001:0000463c       wprintf                    0001563c f   coredll:COREDLL.dll
 0001:00004648       OutputDebugStringW         00015648 f   coredll:COREDLL.dll
 0001:00004654       vswprintf                  00015654 f   coredll:COREDLL.dll
 0001:00004660       printf                     00015660 f   coredll:COREDLL.dll
 0001:0000466c       vsprintf                   0001566c f   coredll:COREDLL.dll
 0001:00004678       wcsrchr                    00015678 f   coredll:COREDLL.dll
 0001:00004684       wcscat                     00015684 f   coredll:COREDLL.dll
 0001:00004698       mainWCRTStartup            00015698 f   corelibc:crtstrtw.obj
 0001:00004a58       _cinit                     00015a58 f   corelibc:crt0dat.obj
 0001:00004ab8       exit                       00015ab8 f   corelibc:crt0dat.obj
 0001:00004b98       CloseToolhelp32Snapshot    00015b98 f   toolhelp:toolhelp.dll
 0001:00004ba4       Module32Next               00015ba4 f   toolhelp:toolhelp.dll
 0001:00004bb0       Module32First              00015bb0 f   toolhelp:toolhelp.dll
 0001:00004bbc       CreateToolhelp32Snapshot   00015bbc f   toolhelp:toolhelp.dll
 0001:00004bc8       Heap32ListNext             00015bc8 f   toolhelp:toolhelp.dll
 0001:00004bd4       Heap32Next                 00015bd4 f   toolhelp:toolhelp.dll
 0001:00004be0       Heap32First                00015be0 f   toolhelp:toolhelp.dll
 0001:00004bec       Heap32ListFirst            00015bec f   toolhelp:toolhelp.dll
 0001:00004bf8       Process32Next              00015bf8 f   toolhelp:toolhelp.dll
 0001:00004c04       Process32First             00015c04 f   toolhelp:toolhelp.dll
 0001:00004c10       Thread32Next               00015c10 f   toolhelp:toolhelp.dll
 0001:00004c1c       Thread32First              00015c1c f   toolhelp:toolhelp.dll
 0001:00004c28       WSACleanup                 00015c28 f   winsock:WINSOCK.dll
 0001:00004c34       WSAStartup                 00015c34 f   winsock:WINSOCK.dll
 0001:00004c40       send                       00015c40 f   winsock:WINSOCK.dll
 0001:00004c4c       select                     00015c4c f   winsock:WINSOCK.dll
 0001:00004c58       recv                       00015c58 f   winsock:WINSOCK.dll
 0001:00004c64       closesocket                00015c64 f   winsock:WINSOCK.dll
 0001:00004c70       shutdown                   00015c70 f   winsock:WINSOCK.dll
 0001:00004c7c       listen                     00015c7c f   winsock:WINSOCK.dll
 0001:00004c88       ntohl                      00015c88 f   winsock:WINSOCK.dll
 0001:00004c94       ntohs                      00015c94 f   winsock:WINSOCK.dll
 0001:00004ca0       bind                       00015ca0 f   winsock:WINSOCK.dll
 0001:00004cac       htons                      00015cac f   winsock:WINSOCK.dll
 0001:00004cb8       ioctlsocket                00015cb8 f   winsock:WINSOCK.dll
 0001:00004cc4       socket                     00015cc4 f   winsock:WINSOCK.dll
 0001:00004cd0       accept                     00015cd0 f   winsock:WINSOCK.dll
 0001:00004cdc       htonl                      00015cdc f   winsock:WINSOCK.dll
 0001:00004ce8       sendto                     00015ce8 f   winsock:WINSOCK.dll
 0001:00004cf4       recvfrom                   00015cf4 f   winsock:WINSOCK.dll
 0001:00004d00       _XcptFilter                00015d00 f   coredll:COREDLL.dll
 0001:00004d0c       __C_specific_handler       00015d0c f   coredll:COREDLL.dll
 0001:00004d18       wsprintfW                  00015d18 f   coredll:COREDLL.dll
 0001:00004d24       LocalAlloc                 00015d24 f   coredll:COREDLL.dll
 0001:00004d30       iswctype                   00015d30 f   coredll:COREDLL.dll
 0001:00004d3c       LocalFree                  00015d3c f   coredll:COREDLL.dll
 0002:0000001c       ??_C@_1CG@MODGNIFD@?$AAW?$AAS?$AAA?$AAS?$AAt?$AAa?$AAr?$AAt?$AAu?$AAp?$AA?5?$AAe?$AAr?$AAr?$AA?5?$AA?$CF?$AAi?$AA?6?$AA?$AA@ 0001701c     comm.obj
 0002:00000044       ??_C@_1CG@PEEJGJGN@?$AAs?$AAe?$AAn?$AAd?$AA?$CI?$AA?$CJ?$AA?5?$AAi?$AAn?$AAc?$AAo?$AAm?$AAp?$AAl?$AAe?$AAt?$AAe?$AA?6?$AA?$AA@ 00017044     comm.obj
 0002:0000006c       ??_C@_1CE@CCLNFDHF@?$AAs?$AAe?$AAn?$AAd?$AA?$CI?$AA?$CJ?$AA?5?$AAf?$AAa?$AAi?$AAl?$AAe?$AAd?$AA?5?$AA?$CF?$AAi?$AA?6?$AA?$AA@ 0001706c     comm.obj
 0002:00000090       ??_C@_1CE@NMKEFGCG@?$AAr?$AAe?$AAc?$AAv?$AA?$CI?$AA?$CJ?$AA?5?$AAf?$AAa?$AAi?$AAl?$AAe?$AAd?$AA?5?$AA?$CF?$AAi?$AA?6?$AA?$AA@ 00017090     comm.obj
 0002:000000b4       ??_C@_1CG@OKJEHAPN@?$AAs?$AAo?$AAc?$AAk?$AAe?$AAt?$AA_?$AAs?$AAe?$AAr?$AAv?$AAe?$AAr?$AA_?$AAe?$AAn?$AAd?$AA?6?$AA?$AA@ 000170b4     comm.obj
 0002:000000dc       ??_C@_1DK@CFFDLIFF@?$AAc?$AAl?$AAo?$AAs?$AAi?$AAn?$AAg?$AA?5?$AAc?$AAl?$AAi?$AAe?$AAn?$AAt?$AA?5?$AAs?$AAo?$AAc?$AAk?$AAe?$AAt?$AA?3?$AA?5?$AA0?$AAx?$AA?$CF?$AAx?$AA?6?$AA?$AA@ 000170dc     comm.obj
 0002:00000118       ??_C@_1CM@MADNOPIO@?$AAl?$AAi?$AAs?$AAt?$AAe?$AAn?$AAi?$AAn?$AAg?$AA?5?$AAo?$AAn?$AA?5?$AAp?$AAo?$AAr?$AAt?$AA?5?$AA?$CF?$AAi?$AA?6?$AA?$AA@ 00017118     comm.obj
 0002:00000144       ??_C@_1CK@HGPNCABH@?$AAl?$AAi?$AAs?$AAt?$AAe?$AAn?$AA?$CI?$AA?$CJ?$AA?5?$AAf?$AAa?$AAi?$AAl?$AAe?$AAd?$AA?3?$AA?5?$AA?$CF?$AAi?$AA?6?$AA?$AA@ 00017144     comm.obj
 0002:00000170       ??_C@_1DK@MGCIHDEA@?$AAb?$AAi?$AAn?$AAd?$AA?$CI?$AA?$CJ?$AA?5?$AAf?$AAa?$AAi?$AAl?$AAe?$AAd?$AA?3?$AA?5?$AA?$CF?$AAi?$AA?5?$AA?9?$AA?5?$AA0?$AAx?$AA?$CF?$AAx?$AA?3?$AA?$CF?$AAi?$AA?6?$AA?$AA@ 00017170     comm.obj
 0002:000001ac       ??_C@_1DE@FOMDKOLF@?$AAi?$AAo?$AAc?$AAt?$AAl?$AAs?$AAo?$AAc?$AAk?$AAe?$AAt?$AA?$CI?$AA?$CJ?$AA?5?$AAf?$AAa?$AAi?$AAl?$AAe?$AAd?$AA?3?$AA?5?$AA?$CF?$AAi?$AA?6?$AA?$AA@ 000171ac     comm.obj
 0002:000001e0       ??_C@_1CO@OKAIGIFP@?$AAc?$AAa?$AAn?$AA?5?$AAn?$AAo?$AAt?$AA?5?$AAc?$AAr?$AAe?$AAa?$AAt?$AAe?$AA?5?$AAs?$AAo?$AAc?$AAk?$AAe?$AAt?$AA?6?$AA?$AA@ 000171e0     comm.obj
 0002:00000210       ??_C@_1EG@JJLAHAKE@?$AAc?$AAa?$AAn?$AAn?$AAo?$AAt?$AA?5?$AAs?$AAe?$AAr?$AAv?$AAe?$AA?5?$AAm?$AAo?$AAr?$AAe?$AA?5?$AAt?$AAh?$AAa?$AAn?$AA?5?$AA?$CF?$AAi?$AA?5?$AAc?$AAl?$AAi?$AAe?$AAn?$AAt@ 00017210     comm.obj
 0002:00000258       ??_C@_1GE@JIMABGLN@?$AAa?$AAc?$AAc?$AAe?$AAp?$AAt?$AAe?$AAd?$AA?5?$AAc?$AAl?$AAi?$AAe?$AAn?$AAt?$AA?5?$AA?$CD?$AA?5?$AA?$CF?$AAi?$AA?5?$AA?$CF?$AAi?$AA?4?$AA?$CF?$AAi?$AA?4?$AA?$CF?$AAi?$AA?4?$AA?$CF?$AAi@ 00017258     comm.obj
 0002:000002bc       ??_C@_1DA@BACKKFON@?$AAe?$AAr?$AAr?$AAo?$AAr?$AA?5?$AAa?$AAc?$AAc?$AAe?$AAp?$AAt?$AA?5?$AAf?$AAa?$AAi?$AAl?$AAe?$AAd?$AA?5?$AA?$CF?$AAi?$AA?6?$AA?$AA@ 000172bc     comm.obj
 0002:000002ec       ??_C@_1CA@BPHIFFH@?$AAn?$AAu?$AAm?$AA_?$AAc?$AAl?$AAi?$AAe?$AAn?$AAt?$AAs?$AA?5?$AA?$CF?$AAi?$AA?6?$AA?$AA@ 000172ec     comm.obj
 0002:00000310       ??_C@_1EG@CEDLMFGN@?$AAc?$AAl?$AAo?$AAs?$AAe?$AA?5?$AAs?$AAo?$AAc?$AAk?$AAe?$AAt?$AA?5?$AA0?$AAx?$AA?$CF?$AAx?$AA?0?$AA?5?$AAn?$AAu?$AAm?$AA_?$AAc?$AAl?$AAi?$AAe?$AAn?$AAt?$AAs?$AA?5?$AA?$CF@ 00017310     comm.obj
 0002:00000358       ??_C@_1DC@DDCBHJCF@?$AAi?$AAo?$AAc?$AAt?$AAl?$AAs?$AAo?$AAc?$AAk?$AAe?$AAt?$AA?$CI?$AA?$CJ?$AA?5?$AAf?$AAa?$AAi?$AAl?$AAe?$AAd?$AA?5?$AA?$CF?$AAi?$AA?6?$AA?$AA@ 00017358     comm.obj
 0002:0000038c       ??_C@_1DM@DDLGKLOK@?$AAs?$AAo?$AAc?$AAk?$AAe?$AAt?$AA?5?$AAe?$AAr?$AAr?$AAo?$AAr?$AA?5?$AAi?$AAn?$AA?5?$AAr?$AAe?$AAc?$AAv?$AA?0?$AA?5?$AAr?$AAe?$AAt?$AA?5?$AA?$CF?$AAi?$AA?6?$AA?$AA@ 0001738c     comm.obj
 0002:000003cc       ??_C@_06LPOPHAJE@rtmsrv?$AA@ 000173cc     cpumon.obj
 0002:000003d4       ??_C@_06DEBEKHOP@rtmcli?$AA@ 000173d4     cpumon.obj
 0002:000003e0       ??_C@_1FA@IBINMCNL@?$AAd?$AAi?$AAs?$AAc?$AAo?$AAv?$AAe?$AAr?$AAy?$AA?5?$AAs?$AAe?$AAr?$AAv?$AAe?$AAr?$AA?5?$AAf?$AAa?$AAi?$AAl?$AAe?$AAd?$AA?5?$AAt?$AAo?$AA?5?$AAi?$AAn?$AAi?$AAt?$AAi@ 000173e0     cpumon.obj
 0002:00000430       ??_C@_1DO@OHFDLDMD@?$AAd?$AAi?$AAs?$AAc?$AAo?$AAv?$AAe?$AAr?$AAy?$AA?5?$AAs?$AAe?$AAr?$AAv?$AAe?$AAr?$AA?5?$AAi?$AAn?$AAi?$AAt?$AAi?$AAa?$AAl?$AAi?$AAz?$AAe?$AAd?$AA?4?$AA?6?$AA?$AA@ 00017430     cpumon.obj
 0002:00000470       ??_C@_0CN@IAMCNGEK@?$CFlu?3priority?6?$CFi?3capture_on_dev?6?$CF@ 00017470     cpumon.obj
 0002:000004a0       ??_C@_1BG@OLIJNHBC@?$AAs?$AAa?$AAv?$AAi?$AAn?$AAg?$AA?5?$AA?$CF?$AAs?$AA?6?$AA?$AA@ 000174a0     cpumon.obj
 0002:000004b8       ??_C@_02BKFDOEMK@wt?$AA@   000174b8     cpumon.obj
 0002:000004c0       ??_C@_1EO@MIJBIFOE@?$AAf?$AAa?$AAi?$AAl?$AAe?$AAd?$AA?5?$AAt?$AAo?$AA?5?$AAg?$AAe?$AAt?$AA?5?$AAw?$AAo?$AAr?$AAk?$AAi?$AAn?$AAg?$AA?5?$AAd?$AAi?$AAr?$AAe?$AAc?$AAt?$AAo?$AAr?$AAy?$AA?5@ 000174c0     cpumon.obj
 0002:00000510       ??_C@_07OJGBNNLN@rtm?4cfg?$AA@ 00017510     cpumon.obj
 0002:00000518       ??_C@_1BA@HJBAMEKO@?$AAr?$AAt?$AAm?$AA?4?$AAc?$AAf?$AAg?$AA?$AA@ 00017518     cpumon.obj
 0002:00000528       ??_C@_0CI@OHCEMNMB@RTM?5file?5?$CC?$CFs?$CC?5set?5to?5record?5data@ 00017528     cpumon.obj
 0002:00000550       ??_C@_09KCAFNBOA@log?$CFs?4rtm?$AA@ 00017550     cpumon.obj
 0002:0000055c       ??_C@_1BE@CFBJDAHI@?$AAl?$AAo?$AAg?$AA?$CF?$AAs?$AA?4?$AAr?$AAt?$AAm?$AA?$AA@ 0001755c     cpumon.obj
 0002:00000570       ??_C@_1CK@LNCOGGAC@?$AAs?$AAa?$AAv?$AAe?$AA?5?$AAt?$AAo?$AA?5?$AAr?$AAt?$AAm?$AA?5?$AAf?$AAi?$AAl?$AAe?$AA?5?$AA?$CF?$AAs?$AA?6?$AA?$AA@ 00017570     cpumon.obj
 0002:0000059c       ??_C@_0P@GGEAEIJE@capture_on_dev?$AA@ 0001759c     cpumon.obj
 0002:000005ac       ??_C@_1CA@NCKJGCLH@?$AAl?$AAo?$AAg?$AA?5?$AAt?$AAo?$AA?5?$AAf?$AAi?$AAl?$AAe?$AA?5?$AA?$CF?$AAs?$AA?6?$AA?$AA@ 000175ac     cpumon.obj
 0002:000005cc       ??_C@_1BC@LGPIFEA@?$AAd?$AAi?$AAs?$AAa?$AAb?$AAl?$AAe?$AAd?$AA?$AA@ 000175cc     cpumon.obj
 0002:000005e0       ??_C@_1BA@BKMGIBPB@?$AAe?$AAn?$AAa?$AAb?$AAl?$AAe?$AAd?$AA?$AA@ 000175e0     cpumon.obj
 0002:000005f0       ??_C@_07HAFPJOBC@logging?$AA@ 000175f0     cpumon.obj
 0002:000005f8       ??_C@_1CM@IGGFOAJN@?$AAs?$AAe?$AAt?$AA?5?$AAs?$AAn?$AAa?$AAp?$AA?5?$AAi?$AAn?$AAt?$AAe?$AAr?$AAv?$AAa?$AAl?$AA?5?$AA?$CF?$AAi?$AA?6?$AA?$AA@ 000175f8     cpumon.obj
 0002:00000624       ??_C@_08CBFCMNKF@interval?$AA@ 00017624     cpumon.obj
 0002:00000630       ??_C@_1CC@FGEJKKIN@?$AAs?$AAe?$AAt?$AA?5?$AAp?$AAr?$AAi?$AAo?$AAr?$AAi?$AAt?$AAy?$AA?5?$AA?$CF?$AAi?$AA?6?$AA?$AA@ 00017630     cpumon.obj
 0002:00000654       ??_C@_05CIHMGJBO@?$CFi?3?$CFs?$AA@ 00017654     cpumon.obj
 0002:0000065c       ??_C@_08IIJFADMF@priority?$AA@ 0001765c     cpumon.obj
 0002:00000668       ??_C@_1BI@OEACMCCG@?$AAl?$AAo?$AAa?$AAd?$AAi?$AAn?$AAg?$AA?5?$AA?$CF?$AAs?$AA?6?$AA?$AA@ 00017668     cpumon.obj
 0002:00000680       ??_C@_02BMJICGCB@rt?$AA@   00017680     cpumon.obj
 0002:00000684       ??_C@_1O@PODECHNM@?$AA?$CF?$AAi?$AA?3?$AA?$CF?$AAs?$AA?6?$AA?$AA@ 00017684     cpumon.obj
 0002:00000694       ??_C@_06BEBACANP@?$CFlu?3?$CFs?$AA@ 00017694     cpumon.obj
 0002:0000069c       ??_C@_1BO@NKKAKFGC@?$AAp?$AAr?$AAo?$AAc?$AAe?$AAs?$AAs?$AAi?$AAn?$AAg?$AA?5?$AA?$CF?$AAs?$AA?6?$AA?$AA@ 0001769c     cpumon.obj
 0002:000006c0       ??_C@_1IA@PCCHHOA@?$AAN?$AAo?$AA?5?$AA?$CC?$AA?$CF?$AAs?$AA?$CC?$AA?5?$AAf?$AAi?$AAl?$AAe?$AA?5?$AAf?$AAo?$AAu?$AAn?$AAd?$AA?4?$AA?5?$AAY?$AAo?$AAu?$AA?5?$AAc?$AAa?$AAn?$AA?5?$AAs?$AAp?$AAe?$AAc@ 000176c0     cpumon.obj
 0002:00000740       ??_C@_13HGPDMIBE@?$AA?$DP?$AA?$AA@ 00017740     cpumon.obj
 0002:00000744       ??_C@_0M@MICKPBCA@threads?4txt?$AA@ 00017744     cpumon.obj
 0002:00000750       ??_C@_1BI@EENIJIDL@?$AAt?$AAh?$AAr?$AAe?$AAa?$AAd?$AAs?$AA?4?$AAt?$AAx?$AAt?$AA?$AA@ 00017750     cpumon.obj
 0002:00000768       ??_C@_1HC@EKKBFGIN@?$AAf?$AAa?$AAi?$AAl?$AAe?$AAd?$AA?5?$AAt?$AAo?$AA?5?$AAa?$AAl?$AAl?$AAo?$AAc?$AAa?$AAt?$AAe?$AA?5?$AA?$CF?$AAi?$AA?5?$AAb?$AAy?$AAt?$AAe?$AAs?$AA?5?$AAo?$AAf?$AA?5?$AAp@ 00017768     cpumon.obj
 0002:000007dc       ??_C@_1BE@PAKAHDCL@?$AA?$CF?$AAi?$AA?5?$AA?9?$AA?$DO?$AA?5?$AA?$CF?$AAi?$AA?6?$AA?$AA@ 000177dc     cpumon.obj
 0002:000007f0       ??_C@_1FK@JHGKFFNC@?$AAf?$AAa?$AAi?$AAl?$AAe?$AAd?$AA?5?$AAt?$AAo?$AA?5?$AAa?$AAl?$AAl?$AAo?$AAc?$AAa?$AAt?$AAe?$AA?5?$AAp?$AAr?$AAo?$AAc?$AAe?$AAs?$AAs?$AA?5?$AAm?$AAe?$AAm?$AAo?$AAr@ 000177f0     cpumon.obj
 0002:0000084c       ??_C@_1DE@HKBKDOAF@?$AAi?$AAn?$AAc?$AAr?$AAe?$AAa?$AAs?$AAi?$AAn?$AAg?$AA?5?$AAp?$AAs?$AA?5?$AAa?$AAr?$AAr?$AAa?$AAy?$AA?5?$AAs?$AAi?$AAz?$AAe?$AA?6?$AA?$AA@ 0001784c     cpumon.obj
 0002:00000880       ??_C@_1HA@NFJNHHPN@?$AAf?$AAa?$AAi?$AAl?$AAe?$AAd?$AA?5?$AAt?$AAo?$AA?5?$AAa?$AAl?$AAl?$AAo?$AAc?$AAa?$AAt?$AAe?$AA?5?$AA?$CF?$AAi?$AA?5?$AAb?$AAy?$AAt?$AAe?$AAs?$AA?5?$AAo?$AAf?$AA?5?$AAt@ 00017880     cpumon.obj
 0002:000008f0       ??_C@_1FI@KGNCKKMH@?$AAf?$AAa?$AAi?$AAl?$AAe?$AAd?$AA?5?$AAt?$AAo?$AA?5?$AAa?$AAl?$AAl?$AAo?$AAc?$AAa?$AAt?$AAe?$AA?5?$AAt?$AAh?$AAr?$AAe?$AAa?$AAd?$AA?5?$AAm?$AAe?$AAm?$AAo?$AAr?$AAy@ 000178f0     cpumon.obj
 0002:00000948       ??_C@_1FA@CCNNIALB@?$AAT?$AAe?$AAr?$AAm?$AAi?$AAn?$AAa?$AAt?$AAe?$AAP?$AAr?$AAo?$AAc?$AAe?$AAs?$AAs?$AA?5?$AAF?$AAA?$AAI?$AAL?$AAE?$AAD?$AA?5?$AAw?$AAi?$AAt?$AAh?$AA?5?$AAe?$AAr?$AAr@ 00017948     cpumon.obj
 0002:00000998       ??_C@_1FI@MAAJKOIC@?$AAC?$AAe?$AAG?$AAe?$AAt?$AAP?$AAr?$AAo?$AAc?$AAe?$AAs?$AAs?$AAA?$AAf?$AAf?$AAi?$AAn?$AAi?$AAt?$AAy?$AA?5?$AAF?$AAA?$AAI?$AAL?$AAE?$AAD?$AA?5?$AAw?$AAi?$AAt?$AAh@ 00017998     cpumon.obj
 0002:000009f0       ??_C@_1FA@CPPPNDBE@?$AAC?$AAe?$AAS?$AAe?$AAt?$AAP?$AAr?$AAo?$AAc?$AAe?$AAs?$AAs?$AAA?$AAf?$AAf?$AAi?$AAn?$AAi?$AAt?$AAy?$AA?5?$AAf?$AAa?$AAi?$AAl?$AAe?$AAd?$AA?5?$AAw?$AAi?$AAt?$AAh@ 000179f0     cpumon.obj
 0002:00000a40       ??_C@_1EO@MBNOEIMN@?$AAC?$AAe?$AAS?$AAe?$AAt?$AAT?$AAh?$AAr?$AAe?$AAa?$AAd?$AAA?$AAf?$AAf?$AAi?$AAn?$AAi?$AAt?$AAy?$AA?5?$AAf?$AAa?$AAi?$AAl?$AAe?$AAd?$AA?5?$AAw?$AAi?$AAt?$AAh?$AA?5@ 00017a40     cpumon.obj
 0002:00000a90       ??_C@_1EO@IBOCFPH@?$AAf?$AAa?$AAi?$AAl?$AAe?$AAd?$AA?5?$AAt?$AAo?$AA?5?$AAs?$AAt?$AAa?$AAr?$AAt?$AA?5?$AAp?$AAr?$AAo?$AAc?$AAe?$AAs?$AAs?$AA?5?$AA?$CC?$AA?$CF?$AAs?$AA?$CC?$AA?0?$AA?5?$AAe?$AAr@ 00017a90     cpumon.obj
 0002:00000ae0       ??_C@_1EK@LFJPEHJB@?$AAf?$AAa?$AAi?$AAl?$AAe?$AAd?$AA?5?$AAt?$AAo?$AA?5?$AAs?$AAt?$AAa?$AAr?$AAt?$AA?5?$AAc?$AAl?$AAo?$AAn?$AAe?$AA?5?$AA?$CC?$AA?$CF?$AAs?$AA?$CC?$AA?0?$AA?5?$AAe?$AAr?$AAr?$AA?3@ 00017ae0     cpumon.obj
 0002:00000b30       ??_C@_1EC@DDKJKCEG@?$AAf?$AAa?$AAi?$AAl?$AAe?$AAd?$AA?5?$AAt?$AAo?$AA?5?$AAr?$AAe?$AAs?$AAt?$AAa?$AAr?$AAt?$AA?5?$AA?$CC?$AA?$CF?$AAs?$AA?$CC?$AA?0?$AA?5?$AAe?$AAr?$AAr?$AA?3?$AA?5?$AA?$CF?$AAi?$AA?6@ 00017b30     cpumon.obj
 0002:00000b78       ??_C@_1EO@LEFPAMMO@?$AAf?$AAa?$AAi?$AAl?$AAe?$AAd?$AA?5?$AAt?$AAo?$AA?5?$AAr?$AAe?$AAs?$AAt?$AAa?$AAr?$AAt?$AA?5?$AAc?$AAe?$AAm?$AAo?$AAn?$AA?5?$AA?$CC?$AA?$CF?$AAs?$AA?$CC?$AA?0?$AA?5?$AAe?$AAr@ 00017b78     cpumon.obj
 0002:00000bc8       ??_C@_1FA@CPFAMMNK@?$AAC?$AAe?$AAS?$AAe?$AAt?$AAT?$AAh?$AAr?$AAe?$AAa?$AAd?$AAP?$AAr?$AAi?$AAo?$AAr?$AAi?$AAt?$AAy?$AA?5?$AAf?$AAa?$AAi?$AAl?$AAe?$AAd?$AA?5?$AAw?$AAi?$AAt?$AAh?$AA?5@ 00017bc8     cpumon.obj
 0002:00000c18       ??_C@_1FM@FGKJKAPP@?$AAF?$AAa?$AAi?$AAl?$AAe?$AAd?$AA?5?$AAt?$AAo?$AA?5?$AAc?$AAr?$AAe?$AAa?$AAt?$AAe?$AA?5?$AAs?$AAn?$AAa?$AAp?$AAs?$AAh?$AAo?$AAt?$AA?4?$AA?5?$AAE?$AAr?$AAr?$AA?3?$AA?5@ 00017c18     cpumon.obj
 0002:00000c74       ??_C@_1DA@GONFPKP@?$AAP?$AAr?$AAo?$AAc?$AAe?$AAs?$AAs?$AA3?$AA2?$AAF?$AAi?$AAr?$AAs?$AAt?$AA?5?$AAe?$AAr?$AAr?$AA?5?$AA?$CF?$AAi?$AA?4?$AA?6?$AA?$AA@ 00017c74     cpumon.obj
 0002:00000ca4       ??_C@_1DO@JKIGBADO@?$AAG?$AAe?$AAt?$AAT?$AAh?$AAr?$AAe?$AAa?$AAd?$AAT?$AAi?$AAm?$AAe?$AAs?$AA?5?$AAf?$AAa?$AAi?$AAl?$AAe?$AAd?$AA?0?$AA?5?$AAe?$AAr?$AAr?$AA?5?$AA?$CF?$AAi?$AA?6?$AA?$AA@ 00017ca4     cpumon.obj
 0002:00000ce4       ??_C@_1CO@HIJODEKL@?$AAT?$AAh?$AAr?$AAe?$AAa?$AAd?$AA3?$AA2?$AAF?$AAi?$AAr?$AAs?$AAt?$AA?5?$AAe?$AAr?$AAr?$AA?5?$AA?$CF?$AAi?$AA?4?$AA?6?$AA?$AA@ 00017ce4     cpumon.obj
 0002:00000d18       ??_C@_1EI@LPFEBCLL@?$AAC?$AAe?$AAG?$AAe?$AAt?$AAI?$AAd?$AAl?$AAe?$AAT?$AAi?$AAm?$AAe?$AAE?$AAx?$AA?5?$AAf?$AAa?$AAi?$AAl?$AAe?$AAd?$AA?5?$AAf?$AAo?$AAr?$AA?5?$AAc?$AAo?$AAr?$AAe?$AA?5@ 00017d18     cpumon.obj
 0002:00000d60       ??_C@_1BA@LANPECLJ@?$AAE?$AAx?$AAi?$AAt?$AAe?$AAd?$AA?6?$AA?$AA@ 00017d60     cpumon.obj
 0002:00000d70       ??_C@_17CHOLIMHJ@?$AA1?$AA0?$AA0?$AA?$AA@ 00017d70     cpumon.obj
 0002:00000d78       ??_C@_03DOPCBAKB@a?$CLb?$AA@ 00017d78     cpumon.obj
 0002:00000d80       ??_C@_1HG@PCMNBLAM@?$AAf?$AAa?$AAi?$AAl?$AAe?$AAd?$AA?5?$AAt?$AAo?$AA?5?$AAa?$AAl?$AAl?$AAo?$AAc?$AAa?$AAt?$AAe?$AA?5?$AA?$CF?$AAi?$AA?5?$AAb?$AAy?$AAt?$AAe?$AAs?$AA?5?$AAo?$AAf?$AA?5?$AAs@ 00017d80     cpumon.obj
 0002:00000df8       ??_C@_1HE@BOMJIMCC@?$AAf?$AAa?$AAi?$AAl?$AAe?$AAd?$AA?5?$AAt?$AAo?$AA?5?$AAa?$AAl?$AAl?$AAo?$AAc?$AAa?$AAt?$AAe?$AA?5?$AA?$CF?$AAi?$AA?5?$AAb?$AAy?$AAt?$AAe?$AAs?$AA?5?$AAo?$AAf?$AA?5?$AAs@ 00017df8     cpumon.obj
 0002:00000e6c       ??_C@_1DA@FMEKCBD@?$AAs?$AAo?$AAc?$AAk?$AAe?$AAt?$AA_?$AAs?$AAe?$AAr?$AAv?$AAe?$AAr?$AA_?$AAi?$AAn?$AAi?$AAt?$AA?5?$AAo?$AAk?$AA?4?$AA?6?$AA?$AA@ 00017e6c     cpumon.obj
 0002:00000e9c       ??_C@_1CE@PDMFPDAA@?$AAw?$AAi?$AAn?$AAs?$AAo?$AAc?$AAk?$AA_?$AAi?$AAn?$AAi?$AAt?$AA?5?$AAo?$AAk?$AA?4?$AA?6?$AA?$AA@ 00017e9c     cpumon.obj
 0002:00000ec0       ??_C@_1HA@FDAHHHJB@?$AAf?$AAa?$AAi?$AAl?$AAe?$AAd?$AA?5?$AAt?$AAo?$AA?5?$AAa?$AAl?$AAl?$AAo?$AAc?$AAa?$AAt?$AAe?$AA?5?$AA?$CF?$AAi?$AA?5?$AAb?$AAy?$AAt?$AAe?$AAs?$AA?5?$AAo?$AAf?$AA?5?$AAi@ 00017ec0     cpumon.obj
 0002:00000f30       ??_C@_1EC@NKPCLGBL@?$AAs?$AAt?$AAa?$AAr?$AAt?$AA?5?$AAo?$AAk?$AA?4?$AA?5?$AAC?$AAe?$AAm?$AAo?$AAn?$AA?5?$AAv?$AAe?$AAr?$AAs?$AAi?$AAo?$AAn?$AA?5?$AA?$CF?$AAi?$AA?4?$AA?$CF?$AA0?$AA2?$AAi?$AA?6@ 00017f30     cpumon.obj
 0002:00000f74       ??_C@_1DI@EFDBDFK@?$AAC?$AAe?$AAS?$AAe?$AAt?$AAT?$AAh?$AAr?$AAe?$AAa?$AAd?$AAA?$AAf?$AAf?$AAi?$AAn?$AAi?$AAt?$AAy?$AA?5?$AAf?$AAo?$AAu?$AAn?$AAd?$AA?$CB?$AA?6?$AA?$AA@ 00017f74     cpumon.obj
 0002:00000fb0       ??_C@_1EA@IIIHLFCH@?$AAi?$AAn?$AAi?$AAt?$AAi?$AAa?$AAl?$AAi?$AAz?$AAi?$AAn?$AAg?$AA?5?$AAr?$AAa?$AAn?$AAd?$AAo?$AAm?$AA?$CD?$AA?5?$AAg?$AAe?$AAn?$AAe?$AAr?$AAa?$AAt?$AAo?$AAr?$AA?6?$AA?$AA@ 00017fb0     cpumon.obj
 0002:00000ff0       ??_C@_1BK@GAANKGGA@?$AAi?$AAn?$AAi?$AAt?$AAi?$AAa?$AAl?$AAi?$AAz?$AAe?$AAd?$AA?6?$AA?$AA@ 00017ff0     cpumon.obj
 0002:00001010       ??_C@_1EA@JKBOOFDH@?$AAC?$AAe?$AAS?$AAe?$AAt?$AAT?$AAh?$AAr?$AAe?$AAa?$AAd?$AAA?$AAf?$AAf?$AAi?$AAn?$AAi?$AAt?$AAy?$AA?5?$AAn?$AAo?$AAt?$AA?5?$AAf?$AAo?$AAu?$AAn?$AAd?$AA?$CB?$AA?6?$AA?$AA@ 00018010     cpumon.obj
 0002:00001050       ??_C@_1DK@HCKHNAFO@?$AAC?$AAe?$AAS?$AAe?$AAt?$AAP?$AAr?$AAo?$AAc?$AAe?$AAs?$AAs?$AAA?$AAf?$AAf?$AAi?$AAn?$AAi?$AAt?$AAy?$AA?5?$AAf?$AAo?$AAu?$AAn?$AAd?$AA?$CB?$AA?6?$AA?$AA@ 00018050     cpumon.obj
 0002:0000108c       ??_C@_1CI@DNNCLLJP@?$AAC?$AAe?$AAS?$AAe?$AAt?$AAT?$AAh?$AAr?$AAe?$AAa?$AAd?$AAA?$AAf?$AAf?$AAi?$AAn?$AAi?$AAt?$AAy?$AA?$AA@ 0001808c     cpumon.obj
 0002:000010b8       ??_C@_1EC@BLDACALL@?$AAC?$AAe?$AAS?$AAe?$AAt?$AAP?$AAr?$AAo?$AAc?$AAe?$AAs?$AAs?$AAA?$AAf?$AAf?$AAi?$AAn?$AAi?$AAt?$AAy?$AA?5?$AAn?$AAo?$AAt?$AA?5?$AAf?$AAo?$AAu?$AAn?$AAd?$AA?$CB?$AA?6@ 000180b8     cpumon.obj
 0002:000010fc       ??_C@_1DI@FCGLDKLK@?$AAC?$AAe?$AAG?$AAe?$AAt?$AAT?$AAh?$AAr?$AAe?$AAa?$AAd?$AAA?$AAf?$AAf?$AAi?$AAn?$AAi?$AAt?$AAy?$AA?5?$AAf?$AAo?$AAu?$AAn?$AAd?$AA?$CB?$AA?6?$AA?$AA@ 000180fc     cpumon.obj
 0002:00001134       ??_C@_1CK@GBIEJJEA@?$AAC?$AAe?$AAS?$AAe?$AAt?$AAP?$AAr?$AAo?$AAc?$AAe?$AAs?$AAs?$AAA?$AAf?$AAf?$AAi?$AAn?$AAi?$AAt?$AAy?$AA?$AA@ 00018134     cpumon.obj
 0002:00001160       ??_C@_1EA@BMJBADLC@?$AAC?$AAe?$AAG?$AAe?$AAt?$AAT?$AAh?$AAr?$AAe?$AAa?$AAd?$AAA?$AAf?$AAf?$AAi?$AAn?$AAi?$AAt?$AAy?$AA?5?$AAn?$AAo?$AAt?$AA?5?$AAf?$AAo?$AAu?$AAn?$AAd?$AA?$CB?$AA?6?$AA?$AA@ 00018160     cpumon.obj
 0002:000011a0       ??_C@_1DK@GOGLONOG@?$AAC?$AAe?$AAG?$AAe?$AAt?$AAP?$AAr?$AAo?$AAc?$AAe?$AAs?$AAs?$AAA?$AAf?$AAf?$AAi?$AAn?$AAi?$AAt?$AAy?$AA?5?$AAf?$AAo?$AAu?$AAn?$AAd?$AA?$CB?$AA?6?$AA?$AA@ 000181a0     cpumon.obj
 0002:000011dc       ??_C@_1CI@OEMDIBFE@?$AAC?$AAe?$AAG?$AAe?$AAt?$AAT?$AAh?$AAr?$AAe?$AAa?$AAd?$AAA?$AAf?$AAf?$AAi?$AAn?$AAi?$AAt?$AAy?$AA?$AA@ 000181dc     cpumon.obj
 0002:00001208       ??_C@_1EC@BEKNINHH@?$AAC?$AAe?$AAG?$AAe?$AAt?$AAP?$AAr?$AAo?$AAc?$AAe?$AAs?$AAs?$AAA?$AAf?$AAf?$AAi?$AAn?$AAi?$AAt?$AAy?$AA?5?$AAn?$AAo?$AAt?$AA?5?$AAf?$AAo?$AAu?$AAn?$AAd?$AA?$CB?$AA?6@ 00018208     cpumon.obj
 0002:0000124c       ??_C@_1DG@HMOFNIJD@?$AAG?$AAl?$AAo?$AAb?$AAa?$AAl?$AAM?$AAe?$AAm?$AAo?$AAr?$AAy?$AAS?$AAt?$AAa?$AAt?$AAu?$AAs?$AA?5?$AAf?$AAo?$AAu?$AAn?$AAd?$AA?$CB?$AA?6?$AA?$AA@ 0001824c     cpumon.obj
 0002:00001284       ??_C@_1CK@IPIGJHGG@?$AAC?$AAe?$AAG?$AAe?$AAt?$AAP?$AAr?$AAo?$AAc?$AAe?$AAs?$AAs?$AAA?$AAf?$AAf?$AAi?$AAn?$AAi?$AAt?$AAy?$AA?$AA@ 00018284     cpumon.obj
 0002:000012b0       ??_C@_1DO@DENMCJDM@?$AAG?$AAl?$AAo?$AAb?$AAa?$AAl?$AAM?$AAe?$AAm?$AAo?$AAr?$AAy?$AAS?$AAt?$AAa?$AAt?$AAu?$AAs?$AA?5?$AAn?$AAo?$AAt?$AA?5?$AAf?$AAo?$AAu?$AAn?$AAd?$AA?$CB?$AA?6?$AA?$AA@ 000182b0     cpumon.obj
 0002:000012f0       ??_C@_1DO@ONKBBOEC@?$AAG?$AAe?$AAt?$AAS?$AAy?$AAs?$AAt?$AAe?$AAm?$AAP?$AAo?$AAw?$AAe?$AAr?$AAS?$AAt?$AAa?$AAt?$AAu?$AAs?$AAE?$AAx?$AA?5?$AAf?$AAo?$AAu?$AAn?$AAd?$AA?$CB?$AA?6?$AA?$AA@ 000182f0     cpumon.obj
 0002:00001330       ??_C@_1CG@JOGHHDDK@?$AAG?$AAl?$AAo?$AAb?$AAa?$AAl?$AAM?$AAe?$AAm?$AAo?$AAr?$AAy?$AAS?$AAt?$AAa?$AAt?$AAu?$AAs?$AA?$AA@ 00018330     cpumon.obj
 0002:00001358       ??_C@_1EG@CJAJLDNF@?$AAG?$AAe?$AAt?$AAS?$AAy?$AAs?$AAt?$AAe?$AAm?$AAP?$AAo?$AAw?$AAe?$AAr?$AAS?$AAt?$AAa?$AAt?$AAu?$AAs?$AAE?$AAx?$AA?5?$AAn?$AAo?$AAt?$AA?5?$AAf?$AAo?$AAu?$AAn?$AAd@ 00018358     cpumon.obj
 0002:000013a0       ??_C@_1DA@NLMEKFGA@?$AAC?$AAe?$AAG?$AAe?$AAt?$AAI?$AAd?$AAl?$AAe?$AAT?$AAi?$AAm?$AAe?$AAE?$AAx?$AA?5?$AAf?$AAo?$AAu?$AAn?$AAd?$AA?$CB?$AA?6?$AA?$AA@ 000183a0     cpumon.obj
 0002:000013d0       ??_C@_1CO@DOEJNFOA@?$AAG?$AAe?$AAt?$AAS?$AAy?$AAs?$AAt?$AAe?$AAm?$AAP?$AAo?$AAw?$AAe?$AAr?$AAS?$AAt?$AAa?$AAt?$AAu?$AAs?$AAE?$AAx?$AA?$AA@ 000183d0     cpumon.obj
 0002:00001400       ??_C@_1DE@KNEADIAB@?$AAG?$AAe?$AAt?$AAI?$AAd?$AAl?$AAe?$AAT?$AAi?$AAm?$AAe?$AAE?$AAx?$AA?5?$AAn?$AAo?$AAt?$AA?5?$AAf?$AAo?$AAu?$AAn?$AAd?$AA?$CB?$AA?6?$AA?$AA@ 00018400     cpumon.obj
 0002:00001434       ??_C@_1DG@OCOBAFPC@?$AAG?$AAe?$AAt?$AAT?$AAh?$AAr?$AAe?$AAa?$AAd?$AAC?$AAa?$AAl?$AAl?$AAS?$AAt?$AAa?$AAc?$AAk?$AA?5?$AAf?$AAo?$AAu?$AAn?$AAd?$AA?$CB?$AA?6?$AA?$AA@ 00018434     cpumon.obj
 0002:0000146c       ??_C@_1CA@DEFEPFGN@?$AAC?$AAe?$AAG?$AAe?$AAt?$AAI?$AAd?$AAl?$AAe?$AAT?$AAi?$AAm?$AAe?$AAE?$AAx?$AA?$AA@ 0001846c     cpumon.obj
 0002:0000148c       ??_C@_1DO@BHCODAPL@?$AAG?$AAe?$AAt?$AAT?$AAh?$AAr?$AAe?$AAa?$AAd?$AAC?$AAa?$AAl?$AAl?$AAS?$AAt?$AAa?$AAc?$AAk?$AA?5?$AAn?$AAo?$AAt?$AA?5?$AAf?$AAo?$AAu?$AAn?$AAd?$AA?$CB?$AA?6?$AA?$AA@ 0001848c     cpumon.obj
 0002:000014cc       ??_C@_1DG@DACADDBG@?$AAC?$AAo?$AAn?$AAt?$AAi?$AAn?$AAu?$AAe?$AAD?$AAe?$AAb?$AAu?$AAg?$AAE?$AAv?$AAe?$AAn?$AAt?$AA?5?$AAf?$AAo?$AAu?$AAn?$AAd?$AA?$CB?$AA?6?$AA?$AA@ 000184cc     cpumon.obj
 0002:00001504       ??_C@_1CG@BNAPHKFC@?$AAG?$AAe?$AAt?$AAT?$AAh?$AAr?$AAe?$AAa?$AAd?$AAC?$AAa?$AAl?$AAl?$AAS?$AAt?$AAa?$AAc?$AAk?$AA?$AA@ 00018504     cpumon.obj
 0002:0000152c       ??_C@_1DO@PCIGGKCA@?$AAC?$AAo?$AAn?$AAt?$AAi?$AAn?$AAu?$AAe?$AAD?$AAe?$AAb?$AAu?$AAg?$AAE?$AAv?$AAe?$AAn?$AAt?$AA?5?$AAn?$AAo?$AAt?$AA?5?$AAf?$AAo?$AAu?$AAn?$AAd?$AA?$CB?$AA?6?$AA?$AA@ 0001852c     cpumon.obj
 0002:0000156c       ??_C@_1DE@KEPBNEML@?$AAW?$AAa?$AAi?$AAt?$AAF?$AAo?$AAr?$AAD?$AAe?$AAb?$AAu?$AAg?$AAE?$AAv?$AAe?$AAn?$AAt?$AA?5?$AAf?$AAo?$AAu?$AAn?$AAd?$AA?$CB?$AA?6?$AA?$AA@ 0001856c     cpumon.obj
 0002:000015a0       ??_C@_1CG@NOCDNAMN@?$AAC?$AAo?$AAn?$AAt?$AAi?$AAn?$AAu?$AAe?$AAD?$AAe?$AAb?$AAu?$AAg?$AAE?$AAv?$AAe?$AAn?$AAt?$AA?$AA@ 000185a0     cpumon.obj
 0002:000015c8       ??_C@_1DM@FEHNNPCO@?$AAW?$AAa?$AAi?$AAt?$AAF?$AAo?$AAr?$AAD?$AAe?$AAb?$AAu?$AAg?$AAE?$AAv?$AAe?$AAn?$AAt?$AA?5?$AAn?$AAo?$AAt?$AA?5?$AAf?$AAo?$AAu?$AAn?$AAd?$AA?$CB?$AA?6?$AA?$AA@ 000185c8     cpumon.obj
 0002:00001608       ??_C@_1EC@HCMIAPMK@?$AAS?$AAe?$AAt?$AAP?$AAr?$AAo?$AAc?$AAP?$AAe?$AAr?$AAm?$AAi?$AAs?$AAs?$AAi?$AAo?$AAn?$AAs?$AA?$CI?$AA0?$AAx?$AAF?$AAF?$AAF?$AAF?$AAF?$AAF?$AAF?$AAF?$AA?$CJ?$AA?4?$AA?6@ 00018608     cpumon.obj
 0002:0000164c       ??_C@_1CE@DGBECBPM@?$AAW?$AAa?$AAi?$AAt?$AAF?$AAo?$AAr?$AAD?$AAe?$AAb?$AAu?$AAg?$AAE?$AAv?$AAe?$AAn?$AAt?$AA?$AA@ 0001864c     cpumon.obj
 0002:00001670       ??_C@_1FA@MECFMHLK@?$AAS?$AAe?$AAt?$AAP?$AAr?$AAo?$AAc?$AAP?$AAe?$AAr?$AAm?$AAi?$AAs?$AAs?$AAi?$AAo?$AAn?$AAs?$AA?5?$AAn?$AAo?$AAt?$AA?5?$AAf?$AAo?$AAu?$AAn?$AAd?$AA?4?$AA?5?$AAE?$AAx@ 00018670     cpumon.obj
 0002:000016c0       ??_C@_1CG@LECDKENP@?$AAS?$AAe?$AAt?$AAP?$AAr?$AAo?$AAc?$AAP?$AAe?$AAr?$AAm?$AAi?$AAs?$AAs?$AAi?$AAo?$AAn?$AAs?$AA?$AA@ 000186c0     cpumon.obj
 0002:000016e8       ??_C@_1CO@MIGKOGOI@?$AAO?$AAp?$AAe?$AAn?$AAT?$AAh?$AAr?$AAe?$AAa?$AAd?$AA?5?$AAn?$AAo?$AAt?$AA?5?$AAf?$AAo?$AAu?$AAn?$AAd?$AA?$CB?$AA?6?$AA?$AA@ 000186e8     cpumon.obj
 0002:00001718       ??_C@_1CC@EPECNINB@?$AAc?$AAo?$AAr?$AAe?$AAd?$AAl?$AAl?$AA?5?$AAl?$AAo?$AAa?$AAd?$AAe?$AAd?$AA?4?$AA?6?$AA?$AA@ 00018718     cpumon.obj
 0002:0000173c       ??_C@_1BG@JJJAOFJK@?$AAO?$AAp?$AAe?$AAn?$AAT?$AAh?$AAr?$AAe?$AAa?$AAd?$AA?$AA@ 0001873c     cpumon.obj
 0002:00001758       ??_C@_1FE@KCDABPLD@?$AAL?$AAo?$AAa?$AAd?$AAL?$AAi?$AAb?$AAr?$AAa?$AAr?$AAy?$AA?5?$AAc?$AAo?$AAr?$AAe?$AAd?$AAl?$AAl?$AA?4?$AAd?$AAl?$AAl?$AA?5?$AAf?$AAa?$AAi?$AAl?$AAe?$AAd?$AA?4?$AA?5@ 00018758     cpumon.obj
 0002:000017ac       ??_C@_1BI@CJKPFBEK@?$AAc?$AAo?$AAr?$AAe?$AAd?$AAl?$AAl?$AA?4?$AAd?$AAl?$AAl?$AA?$AA@ 000187ac     cpumon.obj
 0002:000017c8       ??_C@_1EM@FDPIGOIB@?$AAR?$AAe?$AAg?$AAQ?$AAu?$AAe?$AAr?$AAy?$AAV?$AAa?$AAl?$AAu?$AAe?$AAE?$AAx?$AA?5?$AAD?$AAu?$AAm?$AAp?$AAD?$AAi?$AAr?$AAe?$AAc?$AAt?$AAo?$AAr?$AAy?$AA?5?$AAe?$AAr@ 000187c8     debugger.obj
 0002:00001814       ??_C@_1BM@PMOMDJNA@?$AAD?$AAu?$AAm?$AAp?$AAD?$AAi?$AAr?$AAe?$AAc?$AAt?$AAo?$AAr?$AAy?$AA?$AA@ 00018814     debugger.obj
 0002:00001830       ??_C@_1DE@KNINEMNF@?$AAR?$AAe?$AAg?$AAO?$AAp?$AAe?$AAn?$AAK?$AAe?$AAy?$AAE?$AAx?$AA?5?$AA?$CC?$AA?$CF?$AAs?$AA?$CC?$AA?5?$AAe?$AAr?$AAr?$AA?3?$AA?$CF?$AAi?$AA?6?$AA?$AA@ 00018830     debugger.obj
 0002:00001868       ??_C@_1EG@PJHCPOF@?$AAS?$AAy?$AAs?$AAt?$AAe?$AAm?$AA?2?$AAE?$AAr?$AAr?$AAo?$AAr?$AAR?$AAe?$AAp?$AAo?$AAr?$AAt?$AAi?$AAn?$AAg?$AA?2?$AAD?$AAu?$AAm?$AAp?$AAS?$AAe?$AAt?$AAt?$AAi?$AAn@ 00018868     debugger.obj
 0002:000018b0       ??_C@_1FE@IJCJIENB@?$AAC?$AAr?$AAe?$AAa?$AAt?$AAe?$AAE?$AAv?$AAe?$AAn?$AAt?$AA?5?$AAg?$AAd?$AAb?$AAg?$AAc?$AAt?$AAx?$AA?4?$AAc?$AAr?$AAa?$AAs?$AAh?$AA?5?$AAf?$AAa?$AAi?$AAl?$AAe?$AAd@ 000188b0     debugger.obj
 0002:00001908       ??_C@_1FA@KGPHMICH@?$AAC?$AAr?$AAe?$AAa?$AAt?$AAe?$AAE?$AAv?$AAe?$AAn?$AAt?$AA?5?$AAg?$AAd?$AAb?$AAg?$AAc?$AAt?$AAx?$AA?4?$AAa?$AAc?$AAk?$AA?5?$AAf?$AAa?$AAi?$AAl?$AAe?$AAd?$AA?5?$AAe@ 00018908     debugger.obj
 0002:00001958       ??_C@_1FC@LGGHJIKL@?$AAC?$AAr?$AAe?$AAa?$AAt?$AAe?$AAE?$AAv?$AAe?$AAn?$AAt?$AA?5?$AAg?$AAd?$AAb?$AAg?$AAc?$AAt?$AAx?$AA?4?$AAd?$AAo?$AAn?$AAe?$AA?5?$AAf?$AAa?$AAi?$AAl?$AAe?$AAd?$AA?5@ 00018958     debugger.obj
 0002:000019ac       ??_C@_1CC@EEPOGMAL@?$AA0?$AAx?$AA?$CF?$AAx?$AA?7?$AA0?$AAx?$AA?$CF?$AAx?$AA?7?$AA0?$AAx?$AA?$CF?$AAx?$AA?7?$AA?6?$AA?$AA@ 000189ac     debugger.obj
 0002:000019d0       ??_C@_1KI@BGMDJNBA@?$AA?$CD?$AA?$CD?$AA?$CD?$AA?5?$AA?$CF?$AAi?$AA?5?$AAc?$AAh?$AAa?$AAn?$AAc?$AAe?$AA?5?$AAe?$AAx?$AAc?$AAe?$AAp?$AAt?$AAi?$AAo?$AAn?$AA?5?$AA?$CF?$AAs?$AA?5?$AAa?$AAt?$AA?5?$AAa?$AAd@ 000189d0     debugger.obj
 0002:00001a78       ??_C@_1DK@EEPECJJJ@?$AAE?$AAX?$AAC?$AAE?$AAP?$AAT?$AAI?$AAO?$AAN?$AA_?$AAI?$AAN?$AAT?$AA_?$AAD?$AAI?$AAV?$AAI?$AAD?$AAE?$AA_?$AAB?$AAY?$AA_?$AAZ?$AAE?$AAR?$AAO?$AA?$AA@ 00018a78     debugger.obj
 0002:00001ab4       ??_C@_1CO@FMAJHLPF@?$AAE?$AAX?$AAC?$AAE?$AAP?$AAT?$AAI?$AAO?$AAN?$AA_?$AAI?$AAN?$AAT?$AA_?$AAO?$AAV?$AAE?$AAR?$AAF?$AAL?$AAO?$AAW?$AA?$AA@ 00018ab4     debugger.obj
 0002:00001ae4       ??_C@_1DG@PNCKAKMD@?$AAE?$AAX?$AAC?$AAE?$AAP?$AAT?$AAI?$AAO?$AAN?$AA_?$AAP?$AAR?$AAI?$AAV?$AA_?$AAI?$AAN?$AAS?$AAT?$AAR?$AAU?$AAC?$AAT?$AAI?$AAO?$AAN?$AA?$AA@ 00018ae4     debugger.obj
 0002:00001b1c       ??_C@_1DC@FCIJDDJO@?$AAE?$AAX?$AAC?$AAE?$AAP?$AAT?$AAI?$AAO?$AAN?$AA_?$AAS?$AAT?$AAA?$AAC?$AAK?$AA_?$AAO?$AAV?$AAE?$AAR?$AAF?$AAL?$AAO?$AAW?$AA?$AA@ 00018b1c     debugger.obj
 0002:00001b50       ??_C@_1BA@LEPJIIOK@?$AAU?$AAn?$AAk?$AAn?$AAo?$AAw?$AAn?$AA?$AA@ 00018b50     debugger.obj
 0002:00001b60       ??_C@_1DA@LOCKLJOH@?$AAE?$AAX?$AAC?$AAE?$AAP?$AAT?$AAI?$AAO?$AAN?$AA_?$AAF?$AAL?$AAT?$AA_?$AAU?$AAN?$AAD?$AAE?$AAR?$AAF?$AAL?$AAO?$AAW?$AA?$AA@ 00018b60     debugger.obj
 0002:00001b90       ??_C@_1DK@JOHFNPA@?$AAE?$AAX?$AAC?$AAE?$AAP?$AAT?$AAI?$AAO?$AAN?$AA_?$AAF?$AAL?$AAT?$AA_?$AAI?$AAN?$AAE?$AAX?$AAA?$AAC?$AAT?$AA_?$AAR?$AAE?$AAS?$AAU?$AAL?$AAT?$AA?$AA@ 00018b90     debugger.obj
 0002:00001bd0       ??_C@_1EA@GFBMCNAN@?$AAE?$AAX?$AAC?$AAE?$AAP?$AAT?$AAI?$AAO?$AAN?$AA_?$AAF?$AAL?$AAT?$AA_?$AAI?$AAN?$AAV?$AAA?$AAL?$AAI?$AAD?$AA_?$AAO?$AAP?$AAE?$AAR?$AAA?$AAT?$AAI?$AAO?$AAN?$AA?$AA@ 00018bd0     debugger.obj
 0002:00001c10       ??_C@_1CO@INIOBGA@?$AAE?$AAX?$AAC?$AAE?$AAP?$AAT?$AAI?$AAO?$AAN?$AA_?$AAF?$AAL?$AAT?$AA_?$AAO?$AAV?$AAE?$AAR?$AAF?$AAL?$AAO?$AAW?$AA?$AA@ 00018c10     debugger.obj
 0002:00001c40       ??_C@_1DE@PBANJDHK@?$AAE?$AAX?$AAC?$AAE?$AAP?$AAT?$AAI?$AAO?$AAN?$AA_?$AAF?$AAL?$AAT?$AA_?$AAS?$AAT?$AAA?$AAC?$AAK?$AA_?$AAC?$AAH?$AAE?$AAC?$AAK?$AA?$AA@ 00018c40     debugger.obj
 0002:00001c74       ??_C@_1DK@BEFNIBEI@?$AAE?$AAX?$AAC?$AAE?$AAP?$AAT?$AAI?$AAO?$AAN?$AA_?$AAF?$AAL?$AAT?$AA_?$AAD?$AAI?$AAV?$AAI?$AAD?$AAE?$AA_?$AAB?$AAY?$AA_?$AAZ?$AAE?$AAR?$AAO?$AA?$AA@ 00018c74     debugger.obj
 0002:00001cb0       ??_C@_1EG@DMGAABDE@?$AAE?$AAX?$AAC?$AAE?$AAP?$AAT?$AAI?$AAO?$AAN?$AA_?$AAN?$AAO?$AAN?$AAC?$AAO?$AAN?$AAT?$AAI?$AAN?$AAU?$AAA?$AAB?$AAL?$AAE?$AA_?$AAE?$AAX?$AAC?$AAE?$AAP?$AAT?$AAI@ 00018cb0     debugger.obj
 0002:00001cf8       ??_C@_1DM@BHMFAFLP@?$AAE?$AAX?$AAC?$AAE?$AAP?$AAT?$AAI?$AAO?$AAN?$AA_?$AAI?$AAN?$AAV?$AAA?$AAL?$AAI?$AAD?$AA_?$AAD?$AAI?$AAS?$AAP?$AAO?$AAS?$AAI?$AAT?$AAI?$AAO?$AAN?$AA?$AA@ 00018cf8     debugger.obj
 0002:00001d38       ??_C@_1EA@KCJEJHHM@?$AAE?$AAX?$AAC?$AAE?$AAP?$AAT?$AAI?$AAO?$AAN?$AA_?$AAA?$AAR?$AAR?$AAA?$AAY?$AA_?$AAB?$AAO?$AAU?$AAN?$AAD?$AAS?$AA_?$AAE?$AAX?$AAC?$AAE?$AAE?$AAD?$AAE?$AAD?$AA?$AA@ 00018d38     debugger.obj
 0002:00001d78       ??_C@_1DO@EGNONNCH@?$AAE?$AAX?$AAC?$AAE?$AAP?$AAT?$AAI?$AAO?$AAN?$AA_?$AAF?$AAL?$AAT?$AA_?$AAD?$AAE?$AAN?$AAO?$AAR?$AAM?$AAA?$AAL?$AA_?$AAO?$AAP?$AAE?$AAR?$AAA?$AAN?$AAD?$AA?$AA@ 00018d78     debugger.obj
 0002:00001db8       ??_C@_1DM@JDMIPLGJ@?$AAE?$AAX?$AAC?$AAE?$AAP?$AAT?$AAI?$AAO?$AAN?$AA_?$AAI?$AAL?$AAL?$AAE?$AAG?$AAA?$AAL?$AA_?$AAI?$AAN?$AAS?$AAT?$AAR?$AAU?$AAC?$AAT?$AAI?$AAO?$AAN?$AA?$AA@ 00018db8     debugger.obj
 0002:00001df8       ??_C@_1EA@DPJMAOIB@?$AAE?$AAX?$AAC?$AAE?$AAP?$AAT?$AAI?$AAO?$AAN?$AA_?$AAD?$AAA?$AAT?$AAA?$AAT?$AAY?$AAP?$AAE?$AA_?$AAM?$AAI?$AAS?$AAA?$AAL?$AAI?$AAG?$AAN?$AAM?$AAE?$AAN?$AAT?$AA?$AA@ 00018df8     debugger.obj
 0002:00001e38       ??_C@_1CK@GFOKFPCI@?$AAE?$AAX?$AAC?$AAE?$AAP?$AAT?$AAI?$AAO?$AAN?$AA_?$AAB?$AAR?$AAE?$AAA?$AAK?$AAP?$AAO?$AAI?$AAN?$AAT?$AA?$AA@ 00018e38     debugger.obj
 0002:00001e64       ??_C@_1CM@IAIFNOBF@?$AAE?$AAX?$AAC?$AAE?$AAP?$AAT?$AAI?$AAO?$AAN?$AA_?$AAS?$AAI?$AAN?$AAG?$AAL?$AAE?$AA_?$AAS?$AAT?$AAE?$AAP?$AA?$AA@ 00018e64     debugger.obj
 0002:00001e90       ??_C@_1DG@MBKEFPAE@?$AAE?$AAX?$AAC?$AAE?$AAP?$AAT?$AAI?$AAO?$AAN?$AA_?$AAA?$AAC?$AAC?$AAE?$AAS?$AAS?$AA_?$AAV?$AAI?$AAO?$AAL?$AAA?$AAT?$AAI?$AAO?$AAN?$AA?$AA@ 00018e90     debugger.obj
 0002:00001ec8       ??_C@_1DA@LAKALNNI@?$AAE?$AAX?$AAC?$AAE?$AAP?$AAT?$AAI?$AAO?$AAN?$AA_?$AAI?$AAN?$AA_?$AAP?$AAA?$AAG?$AAE?$AA_?$AAE?$AAR?$AAR?$AAO?$AAR?$AA?$AA@ 00018ec8     debugger.obj
 0002:00001ef8       ??_C@_1FM@JNHMKDOD@?$AAS?$AAt?$AAa?$AAr?$AAt?$AAe?$AAd?$AA?5?$AAp?$AAr?$AAo?$AAc?$AAe?$AAs?$AAs?$AA?3?$AA?5?$AA0?$AAx?$AA?$CF?$AAx?$AA?5?$AA?$FL?$AA?$CF?$AAi?$AA?$FN?$AA?0?$AA?5?$AAd?$AAe?$AAb?$AAu@ 00018ef8     debugger.obj
 0002:00001f58       ??_C@_1EE@FHAKOAB@?$AAE?$AAx?$AAi?$AAt?$AAe?$AAd?$AA?5?$AAt?$AAh?$AAr?$AAe?$AAa?$AAd?$AA?5?$AAw?$AAi?$AAt?$AAh?$AA?5?$AAi?$AAd?$AA?3?$AA?5?$AA0?$AAx?$AA?$CF?$AAx?$AA?5?$AA?$FL?$AA?$CF?$AAi?$AA?$FN@ 00018f58     debugger.obj
 0002:00001fa0       ??_C@_1GK@KPOOENNK@?$AAE?$AAx?$AAi?$AAt?$AAe?$AAd?$AA?5?$AAp?$AAr?$AAo?$AAc?$AAe?$AAs?$AAs?$AA?5?$AAw?$AAi?$AAt?$AAh?$AA?5?$AAi?$AAd?$AA?3?$AA?5?$AA0?$AAx?$AA?$CF?$AAx?$AA?5?$AA?$FL?$AA?$CF?$AAi@ 00018fa0     debugger.obj
 0002:0000200c       ??_C@_1DE@FNCEJJLM@?$AAS?$AAe?$AAt?$AAE?$AAv?$AAe?$AAn?$AAt?$AA?5?$AAc?$AAr?$AAa?$AAs?$AAh?$AA?5?$AA?$CF?$AAx?$AA?5?$AAe?$AAr?$AAr?$AA?5?$AA?$CF?$AAi?$AA?6?$AA?$AA@ 0001900c     debugger.obj
 0002:00002040       ??_C@_1DM@BMHIECBM@?$AAm?$AAa?$AAl?$AAl?$AAo?$AAc?$AA?5?$AAf?$AAa?$AAi?$AAl?$AAe?$AAd?$AA?5?$AAo?$AAn?$AA?5?$AAC?$AAR?$AAA?$AAS?$AAH?$AA_?$AAI?$AAN?$AAF?$AAO?$AA?4?$AA?6?$AA?$AA@ 00019040     debugger.obj
 0002:0000207c       ??_C@_1DK@PHJNMOPP@?$AAm?$AAa?$AAl?$AAl?$AAo?$AAc?$AA?5?$AAf?$AAa?$AAi?$AAl?$AAe?$AAd?$AA?5?$AAo?$AAn?$AA?5?$AAC?$AAR?$AAA?$AAS?$AAH?$AA_?$AAI?$AAN?$AAF?$AAO?$AA?6?$AA?$AA@ 0001907c     debugger.obj
 0002:000020b8       ??_C@_1GE@CJFFGJHP@?$AAC?$AAo?$AAn?$AAt?$AAi?$AAn?$AAu?$AAe?$AAD?$AAe?$AAb?$AAu?$AAg?$AAE?$AAv?$AAe?$AAn?$AAt?$AA?5?$AAF?$AAA?$AAI?$AAL?$AAE?$AAD?$AA?5?$AAe?$AAr?$AAr?$AA?3?$AA?$CF?$AAi@ 000190b8     debugger.obj
 0002:00002120       ??_C@_1GC@BDLLOADH@?$AAW?$AAa?$AAi?$AAt?$AAF?$AAo?$AAr?$AAD?$AAe?$AAb?$AAu?$AAg?$AAE?$AAv?$AAe?$AAn?$AAt?$AA?5?$AAF?$AAA?$AAI?$AAL?$AAE?$AAD?$AA?5?$AAe?$AAr?$AAr?$AA?3?$AA?$CF?$AAi?$AA?5@ 00019120     debugger.obj
 0002:00002184       ??_C@_1DC@BMJPEHON@?$AAS?$AAe?$AAt?$AAE?$AAv?$AAe?$AAn?$AAt?$AA?5?$AAd?$AAo?$AAn?$AAe?$AA?5?$AA?$CF?$AAx?$AA?5?$AAe?$AAr?$AAr?$AA?5?$AA?$CF?$AAi?$AA?6?$AA?$AA@ 00019184     debugger.obj
 0002:000021b8       ??_C@_1CI@MKOAGPAI@?$AAC?$AAr?$AAe?$AAa?$AAt?$AAe?$AAP?$AAr?$AAo?$AAc?$AAe?$AAs?$AAs?$AA?5?$AA?$CC?$AA?$CF?$AAs?$AA?$CC?$AA?6?$AA?$AA@ 000191b8     debugger.obj
 0002:000021e0       ??_C@_1DO@LBDOCCKK@?$AAD?$AAe?$AAb?$AAu?$AAg?$AAA?$AAc?$AAt?$AAi?$AAv?$AAe?$AAP?$AAr?$AAo?$AAc?$AAe?$AAs?$AAs?$AA?5?$AAw?$AAi?$AAt?$AAh?$AA?5?$AAi?$AAd?$AA?5?$AA?$CF?$AAu?$AA?6?$AA?$AA@ 000191e0     debugger.obj
 0002:00002220       ??_C@_1DA@PIDFLMCJ@?$AAS?$AAe?$AAt?$AAE?$AAv?$AAe?$AAn?$AAt?$AA?5?$AAa?$AAc?$AAk?$AA?5?$AA?$CF?$AAx?$AA?5?$AAe?$AAr?$AAr?$AA?5?$AA?$CF?$AAi?$AA?6?$AA?$AA@ 00019220     debugger.obj
 0002:00002250       ??_C@_1EO@FCMPJEPN@?$AAf?$AAa?$AAi?$AAl?$AAe?$AAd?$AA?5?$AAt?$AAo?$AA?5?$AAs?$AAt?$AAa?$AAr?$AAt?$AA?5?$AAd?$AAe?$AAb?$AAu?$AAg?$AAe?$AAe?$AA?5?$AA?$CC?$AA?$CF?$AAs?$AA?$CC?$AA?0?$AA?5?$AAe?$AAr@ 00019250     debugger.obj
 0002:000022a0       ??_C@_1GC@GEOCJNAF@?$AAf?$AAa?$AAi?$AAl?$AAe?$AAd?$AA?5?$AAt?$AAo?$AA?5?$AAa?$AAt?$AAt?$AAa?$AAc?$AAh?$AA?5?$AAt?$AAo?$AA?5?$AAp?$AAr?$AAo?$AAc?$AAe?$AAs?$AAs?$AA?5?$AAw?$AAi?$AAt?$AAh@ 000192a0     debugger.obj
 0002:00002308       ??_C@_1FA@FJKPLPIA@?$AAF?$AAa?$AAi?$AAl?$AAe?$AAd?$AA?5?$AAt?$AAo?$AA?5?$AAC?$AAr?$AAe?$AAa?$AAt?$AAe?$AAT?$AAh?$AAr?$AAe?$AAa?$AAd?$AA?5?$AAd?$AAe?$AAb?$AAu?$AAg?$AAe?$AAr?$AA_?$AAp@ 00019308     debugger.obj
 0002:00002358       ??_C@_1EI@ENMAAMFP@?$AAm?$AAa?$AAl?$AAl?$AAo?$AAc?$AA?5?$AAf?$AAa?$AAi?$AAl?$AAe?$AAd?$AA?5?$AAo?$AAn?$AA?5?$AAD?$AAE?$AAB?$AAU?$AAG?$AA_?$AAP?$AAR?$AAO?$AAC?$AAE?$AAS?$AAS?$AA_?$AAA@ 00019358     debugger.obj
 0002:000023a0       ??_C@_1EA@CLOFCKMF@?$AAm?$AAa?$AAl?$AAl?$AAo?$AAc?$AA?5?$AAf?$AAa?$AAi?$AAl?$AAe?$AAd?$AA?5?$AAo?$AAn?$AA?5?$AAD?$AAE?$AAB?$AAU?$AAG?$AA_?$AAS?$AAE?$AAS?$AAS?$AAI?$AAO?$AAN?$AA?6?$AA?$AA@ 000193a0     debugger.obj
 0002:000023e0       ??_C@_1EC@LGMDNKJI@?$AAC?$AAa?$AAn?$AAn?$AAo?$AAt?$AA?5?$AAd?$AAe?$AAb?$AAu?$AAg?$AA?5?$AAa?$AAn?$AAy?$AA?5?$AAm?$AAo?$AAr?$AAe?$AA?5?$AAp?$AAr?$AAo?$AAc?$AAe?$AAs?$AAs?$AAe?$AAs?$AA?6@ 000193e0     debugger.obj
 0002:00002428       ??_C@_1EG@NBOAGFNM@?$AAd?$AAi?$AAs?$AAc?$AAo?$AAv?$AAe?$AAr?$AAy?$AA?5?$AAs?$AAo?$AAc?$AAk?$AAe?$AAt?$AA?5?$AAb?$AAo?$AAu?$AAn?$AAd?$AA?5?$AAt?$AAo?$AA?5?$AAp?$AAo?$AAr?$AAt?$AA?5?$AA?$CF@ 00019428     DiscoveryServer.obj
 0002:00002470       ??_C@_1FI@KAALOPDA@?$AAE?$AAr?$AAr?$AAo?$AAr?$AA?5?$AAb?$AAi?$AAn?$AAd?$AAi?$AAn?$AAg?$AA?5?$AAU?$AAD?$AAP?$AA?5?$AAd?$AAi?$AAs?$AAc?$AAo?$AAv?$AAe?$AAr?$AAy?$AA?5?$AAs?$AAo?$AAc?$AAk@ 00019470     DiscoveryServer.obj
 0002:000024c8       ??_C@_1GG@CBMIAEFM@?$AAE?$AAr?$AAr?$AAo?$AAr?$AA?5?$AAc?$AAr?$AAe?$AAa?$AAt?$AAi?$AAn?$AAg?$AA?5?$AAU?$AAD?$AAP?$AA?5?$AAd?$AAe?$AAv?$AAi?$AAc?$AAe?$AA?5?$AAd?$AAi?$AAs?$AAc?$AAo?$AAv@ 000194c8     DiscoveryServer.obj
 0002:00002530       ??_C@_1FI@FLBFICLB@?$AAe?$AAr?$AAr?$AAo?$AAr?$AA?5?$AAs?$AAe?$AAn?$AAd?$AAi?$AAn?$AAg?$AA?5?$AAU?$AAD?$AAP?$AA?5?$AAd?$AAi?$AAs?$AAc?$AAo?$AAv?$AAe?$AAr?$AAy?$AA?5?$AAp?$AAa?$AAc?$AAk@ 00019530     DiscoveryServer.obj
 0002:00002588       ??_C@_1FC@CKPLABON@?$AAd?$AAi?$AAs?$AAc?$AAo?$AAv?$AAe?$AAr?$AAy?$AA?5?$AAs?$AAe?$AAr?$AAv?$AAe?$AAr?$AA?5?$AAs?$AAe?$AAr?$AAv?$AAe?$AA?5?$AAr?$AAe?$AAc?$AAv?$AAf?$AAr?$AAo?$AAm?$AA?5@ 00019588     DiscoveryServer.obj
 0002:000025dc       ??_C@_03CCGKKFHG@a?$CLt?$AA@ 000195dc     util.obj
 0002:000025e0       ??_C@_09FCIJKDPO@cemon?4log?$AA@ 000195e0     util.obj
 0002:000025ec       ??_C@_15GANGMFKL@?$AA?$CF?$AAs?$AA?$AA@ 000195ec     util.obj
 0002:000025f4       ??_C@_02DKCKIIND@?$CFs?$AA@ 000195f4     util.obj
 0002:000025f8       ??_C@_1DO@EFPLHCOB@?$AAG?$AAe?$AAt?$AAM?$AAo?$AAd?$AAu?$AAl?$AAe?$AAF?$AAi?$AAl?$AAe?$AAN?$AAa?$AAm?$AAe?$AA?$CI?$AA?$CJ?$AA?5?$AAf?$AAa?$AAi?$AAl?$AAe?$AAd?$AA?5?$AA?$CF?$AAi?$AA?6?$AA?$AA@ 000195f8     util.obj
 0002:00002638       ??_C@_1EM@JIAKEEKE@?$AA?$FL?$AA?$CF?$AA0?$AA4?$AAi?$AA?9?$AA?$CF?$AA0?$AA2?$AAi?$AA?9?$AA?$CF?$AA0?$AA2?$AAi?$AA?9?$AA?9?$AA?$CF?$AA0?$AA2?$AAi?$AA?9?$AA?$CF?$AA0?$AA2?$AAi?$AA?9?$AA?$CF?$AA0?$AA2?$AAi?$AA?9@ 00019638     util.obj
 0002:00002684       ??_C@_1CK@FMIL@?$AAI?$AAn?$AAi?$AAt?$AAi?$AAa?$AAl?$AAi?$AAz?$AAa?$AAt?$AAi?$AAo?$AAn?$AA?5?$AAe?$AAr?$AAr?$AAo?$AAr@ 00019684     corelibc:crtstrtw.obj
 0002:0000271c       __IMPORT_DESCRIPTOR_COREDLL 0001971c     coredll:COREDLL.dll
 0002:00002730       __IMPORT_DESCRIPTOR_toolhelp 00019730     toolhelp:toolhelp.dll
 0002:00002744       __IMPORT_DESCRIPTOR_WINSOCK 00019744     winsock:WINSOCK.dll
 0002:00002758       __NULL_IMPORT_DESCRIPTOR   00019758     coredll:COREDLL.dll
 0003:00000000       __imp_GetLastError         0001a000     coredll:COREDLL.dll
 0003:00000004       __imp_memmove              0001a004     coredll:COREDLL.dll
 0003:00000008       __imp___rt_udiv64by64      0001a008     coredll:COREDLL.dll
 0003:0000000c       __imp_memset               0001a00c     coredll:COREDLL.dll
 0003:00000010       __imp_free                 0001a010     coredll:COREDLL.dll
 0003:00000014       __imp_fclose               0001a014     coredll:COREDLL.dll
 0003:00000018       __imp_fprintf              0001a018     coredll:COREDLL.dll
 0003:0000001c       __imp_fopen                0001a01c     coredll:COREDLL.dll
 0003:00000020       __imp_sprintf              0001a020     coredll:COREDLL.dll
 0003:00000024       __imp_sscanf               0001a024     coredll:COREDLL.dll
 0003:00000028       __imp_fgets                0001a028     coredll:COREDLL.dll
 0003:0000002c       __imp_feof                 0001a02c     coredll:COREDLL.dll
 0003:00000030       __imp_strcpy               0001a030     coredll:COREDLL.dll
 0003:00000034       __imp_strcmp               0001a034     coredll:COREDLL.dll
 0003:00000038       __imp_strlen               0001a038     coredll:COREDLL.dll
 0003:0000003c       __imp_realloc              0001a03c     coredll:COREDLL.dll
 0003:00000040       __imp_wcscpy               0001a040     coredll:COREDLL.dll
 0003:00000044       __imp_wcslen               0001a044     coredll:COREDLL.dll
 0003:00000048       __imp_CloseHandle          0001a048     coredll:COREDLL.dll
 0003:0000004c       __imp_TerminateProcess     0001a04c     coredll:COREDLL.dll
 0003:00000050       __imp_OpenProcess          0001a050     coredll:COREDLL.dll
 0003:00000054       __imp_CreateProcessW       0001a054     coredll:COREDLL.dll
 0003:00000058       __imp_GetModuleFileNameW   0001a058     coredll:COREDLL.dll
 0003:0000005c       __imp_malloc               0001a05c     coredll:COREDLL.dll
 0003:00000060       __imp_TerminateThread      0001a060     coredll:COREDLL.dll
 0003:00000064       __imp_SuspendThread        0001a064     coredll:COREDLL.dll
 0003:00000068       __imp_ResumeThread         0001a068     coredll:COREDLL.dll
 0003:0000006c       __imp_CeSetThreadPriority  0001a06c     coredll:COREDLL.dll
 0003:00000070       __imp_CeGetThreadPriority  0001a070     coredll:COREDLL.dll
 0003:00000074       __imp_SetSystemPowerState  0001a074     coredll:COREDLL.dll
 0003:00000078       __imp__wtol                0001a078     coredll:COREDLL.dll
 0003:0000007c       __imp_memcpy               0001a07c     coredll:COREDLL.dll
 0003:00000080       __imp_GetTickCount         0001a080     coredll:COREDLL.dll
 0003:00000084       __imp_GetThreadTimes       0001a084     coredll:COREDLL.dll
 0003:00000088       __imp_QueryPerformanceFrequency 0001a088     coredll:COREDLL.dll
 0003:0000008c       __imp___itos               0001a08c     coredll:COREDLL.dll
 0003:00000090       __imp_FreeLibrary          0001a090     coredll:COREDLL.dll
 0003:00000094       __imp_Sleep                0001a094     coredll:COREDLL.dll
 0003:00000098       __imp_fwrite               0001a098     coredll:COREDLL.dll
 0003:0000009c       __imp_GetSystemInfo        0001a09c     coredll:COREDLL.dll
 0003:000000a0       __imp_srand                0001a0a0     coredll:COREDLL.dll
 0003:000000a4       __imp_GetProcAddressW      0001a0a4     coredll:COREDLL.dll
 0003:000000a8       __imp_LoadLibraryW         0001a0a8     coredll:COREDLL.dll
 0003:000000ac       __imp_EventModify          0001a0ac     coredll:COREDLL.dll
 0003:000000b0       __imp_RegCloseKey          0001a0b0     coredll:COREDLL.dll
 0003:000000b4       __imp_RegQueryValueExW     0001a0b4     coredll:COREDLL.dll
 0003:000000b8       __imp_RegOpenKeyExW        0001a0b8     coredll:COREDLL.dll
 0003:000000bc       __imp_DeleteCriticalSection 0001a0bc     coredll:COREDLL.dll
 0003:000000c0       __imp_LeaveCriticalSection 0001a0c0     coredll:COREDLL.dll
 0003:000000c4       __imp_EnterCriticalSection 0001a0c4     coredll:COREDLL.dll
 0003:000000c8       __imp_WaitForMultipleObjects 0001a0c8     coredll:COREDLL.dll
 0003:000000cc       __imp_CreateEventW         0001a0cc     coredll:COREDLL.dll
 0003:000000d0       __imp_SetLastError         0001a0d0     coredll:COREDLL.dll
 0003:000000d4       __imp_DebugActiveProcess   0001a0d4     coredll:COREDLL.dll
 0003:000000d8       __imp_CreateThread         0001a0d8     coredll:COREDLL.dll
 0003:000000dc       __imp_InitializeCriticalSection 0001a0dc     coredll:COREDLL.dll
 0003:000000e0       __imp_memcmp               0001a0e0     coredll:COREDLL.dll
 0003:000000e4       __imp_SystemTimeToFileTime 0001a0e4     coredll:COREDLL.dll
 0003:000000e8       __imp_GetLocalTime         0001a0e8     coredll:COREDLL.dll
 0003:000000ec       __imp_StringCbPrintfW      0001a0ec     coredll:COREDLL.dll
 0003:000000f0       __imp_fflush               0001a0f0     coredll:COREDLL.dll
 0003:000000f4       __imp_fwprintf             0001a0f4     coredll:COREDLL.dll
 0003:000000f8       __imp_wprintf              0001a0f8     coredll:COREDLL.dll
 0003:000000fc       __imp_OutputDebugStringW   0001a0fc     coredll:COREDLL.dll
 0003:00000100       __imp_vswprintf            0001a100     coredll:COREDLL.dll
 0003:00000104       __imp_printf               0001a104     coredll:COREDLL.dll
 0003:00000108       __imp_vsprintf             0001a108     coredll:COREDLL.dll
 0003:0000010c       __imp_wcsrchr              0001a10c     coredll:COREDLL.dll
 0003:00000110       __imp_wcscat               0001a110     coredll:COREDLL.dll
 0003:00000114       __imp_iswctype             0001a114     coredll:COREDLL.dll
 0003:00000118       __imp_LocalAlloc           0001a118     coredll:COREDLL.dll
 0003:0000011c       __imp_wsprintfW            0001a11c     coredll:COREDLL.dll
 0003:00000120       __imp___C_specific_handler 0001a120     coredll:COREDLL.dll
 0003:00000124       __imp__XcptFilter          0001a124     coredll:COREDLL.dll
 0003:00000128       __imp_LocalFree            0001a128     coredll:COREDLL.dll
 0003:0000012c       \177COREDLL_NULL_THUNK_DATA 0001a12c     coredll:COREDLL.dll
 0003:00000130       __imp_recvfrom             0001a130     winsock:WINSOCK.dll
 0003:00000134       __imp_sendto               0001a134     winsock:WINSOCK.dll
 0003:00000138       __imp_htonl                0001a138     winsock:WINSOCK.dll
 0003:0000013c       __imp_WSACleanup           0001a13c     winsock:WINSOCK.dll
 0003:00000140       __imp_WSAStartup           0001a140     winsock:WINSOCK.dll
 0003:00000144       __imp_send                 0001a144     winsock:WINSOCK.dll
 0003:00000148       __imp_select               0001a148     winsock:WINSOCK.dll
 0003:0000014c       __imp_recv                 0001a14c     winsock:WINSOCK.dll
 0003:00000150       __imp_closesocket          0001a150     winsock:WINSOCK.dll
 0003:00000154       __imp_shutdown             0001a154     winsock:WINSOCK.dll
 0003:00000158       __imp_listen               0001a158     winsock:WINSOCK.dll
 0003:0000015c       __imp_ntohl                0001a15c     winsock:WINSOCK.dll
 0003:00000160       __imp_ntohs                0001a160     winsock:WINSOCK.dll
 0003:00000164       __imp_bind                 0001a164     winsock:WINSOCK.dll
 0003:00000168       __imp_htons                0001a168     winsock:WINSOCK.dll
 0003:0000016c       __imp_ioctlsocket          0001a16c     winsock:WINSOCK.dll
 0003:00000170       __imp_socket               0001a170     winsock:WINSOCK.dll
 0003:00000174       __imp_accept               0001a174     winsock:WINSOCK.dll
 0003:00000178       \177WINSOCK_NULL_THUNK_DATA 0001a178     winsock:WINSOCK.dll
 0003:0000017c       __imp_Thread32First        0001a17c     toolhelp:toolhelp.dll
 0003:00000180       __imp_Thread32Next         0001a180     toolhelp:toolhelp.dll
 0003:00000184       __imp_Process32First       0001a184     toolhelp:toolhelp.dll
 0003:00000188       __imp_Process32Next        0001a188     toolhelp:toolhelp.dll
 0003:0000018c       __imp_Heap32ListFirst      0001a18c     toolhelp:toolhelp.dll
 0003:00000190       __imp_Heap32First          0001a190     toolhelp:toolhelp.dll
 0003:00000194       __imp_Heap32ListNext       0001a194     toolhelp:toolhelp.dll
 0003:00000198       __imp_CreateToolhelp32Snapshot 0001a198     toolhelp:toolhelp.dll
 0003:0000019c       __imp_Module32First        0001a19c     toolhelp:toolhelp.dll
 0003:000001a0       __imp_Module32Next         0001a1a0     toolhelp:toolhelp.dll
 0003:000001a4       __imp_CloseToolhelp32Snapshot 0001a1a4     toolhelp:toolhelp.dll
 0003:000001a8       __imp_Heap32Next           0001a1a8     toolhelp:toolhelp.dll
 0003:000001ac       \177toolhelp_NULL_THUNK_DATA 0001a1ac     toolhelp:toolhelp.dll
 0003:000001b0       __xc_a                     0001a1b0     corelibc:crt0init.obj
 0003:000001b4       __xc_z                     0001a1b4     corelibc:crt0init.obj
 0003:000001b8       __xi_a                     0001a1b8     corelibc:crt0init.obj
 0003:000001bc       __xi_z                     0001a1bc     corelibc:crt0init.obj
 0003:000001c0       __xp_a                     0001a1c0     corelibc:crt0init.obj
 0003:000001c4       __xp_z                     0001a1c4     corelibc:crt0init.obj
 0003:000001c8       __xt_a                     0001a1c8     corelibc:crt0init.obj
 0003:000001cc       __xt_z                     0001a1cc     corelibc:crt0init.obj
 0003:00007960       __wargv                    00021960     corelibc:crtstrtg.obj
 0003:00007964       __argc                     00021964     corelibc:crtstrtg.obj
 0003:00007968       __argv                     00021968     corelibc:crtstrtg.obj
 0003:0000796c       _exitflag                  0002196c     <common>
 0003:00007970       __onexitend                00021970     <common>
 0003:00007974       __onexitbegin              00021974     <common>

 entry point at        0001:00004698

 Static symbols

 0001:00000b10       do_discovery               00011b10 f   cpumon.obj
 0001:0000327c       handle_debug_exception     0001427c f   debugger.obj
 0001:0000479c       ?crtstart_Error@@YAXPAGZZ  0001579c f   corelibc:crtstrtw.obj
 0001:000047cc       ?crtstart_ParseArgsWW@@YAHPAG0AAHAAPAPAG@Z 000157cc f   corelibc:crtstrtw.obj
 0001:000048f8       ?crtstart_SkipWhiteW@@YAHPAG@Z 000158f8 f   corelibc:crtstrtw.obj
 0001:0000493c       ?crtstart_SkipNonWhiteQuotesW@@YAHPAG@Z 0001593c f   corelibc:crtstrtw.obj
 0001:000049b0       ?crtstart_RemoveQuotesW@@YAXPAG@Z 000159b0 f   corelibc:crtstrtw.obj
 0001:000049e8       ?crtstart_CountSpaceW@@YAXAAH0PAG@Z 000159e8 f   corelibc:crtstrtw.obj
 0001:00004a88       _initterm                  00015a88 f   corelibc:crt0dat.obj
 0001:00004ac4       doexit                     00015ac4 f   corelibc:crt0dat.obj
