 cemon.Intel E660 SDK (x86)

 Timestamp is 59fbd7de (Thu Nov 02 21:43:42 2017)

 Preferred load address is 00010000

 Start         Length     Name                   Class
 0001:00000000 00003f14H .text                   CODE
 0002:00000000 00000004H .CRT$XCA                DATA
 0002:00000004 00000004H .CRT$XCZ                DATA
 0002:00000008 00000004H .CRT$XIA                DATA
 0002:0000000c 00000004H .CRT$XIZ                DATA
 0002:00000010 00000004H .CRT$XPA                DATA
 0002:00000014 00000004H .CRT$XPZ                DATA
 0002:00000018 00000004H .CRT$XTA                DATA
 0002:0000001c 00000004H .CRT$XTZ                DATA
 0002:00000020 000026f0H .rdata                  DATA
 0002:00002710 00000053H .rdata$debug            DATA
 0002:00002770 00000004H .rdata$sxdata           DATA
 0002:00002778 0000001cH .xdata$x                DATA
 0002:00002794 0000003cH .idata$2                DATA
 0002:000027d0 00000014H .idata$3                DATA
 0002:000027e4 00000194H .idata$4                DATA
 0002:00002978 000001b8H .idata$6                DATA
 0002:00002b30 00000000H .edata                  DATA
 0003:00000000 00000194H .idata$5                DATA
 0003:00000194 00000008H .data                   DATA
 0003:000001a0 000077a8H .bss                    DATA

  Address         Publics by Value              Rva+Base       Lib:Object

 0000:00000001       ___safe_se_handler_count   00000001     <absolute>
 0001:00000000       _GetNumClients             00011000 f   comm.obj
 0001:00000006       _winsock_end               00011006 f   comm.obj
 0001:0000000c       _winsock_init              0001100c f   comm.obj
 0001:00000063       _socket_write              00011063 f   comm.obj
 0001:00000145       _socket_read               00011145 f   comm.obj
 0001:0000019c       _socket_server_end         0001119c f   comm.obj
 0001:00000230       _socket_server_init        00011230 f   comm.obj
 0001:00000382       _socket_accept             00011382 f   comm.obj
 0001:000004e6       _socket_set_client_state   000114e6 f   comm.obj
 0001:0000050d       _socket_unset_client_state 0001150d f   comm.obj
 0001:0000053e       _socket_unset_clients_state 0001153e f   comm.obj
 0001:0000055e       _socket_is_any_client_state 0001155e f   comm.obj
 0001:0000058e       _socket_close_client       0001158e f   comm.obj
 0001:00000648       _socket_nonblocking        00011648 f   comm.obj
 0001:0000068c       _socket_remove_overdue_clients 0001168c f   comm.obj
 0001:000006f6       _socket_read_clienti       000116f6 f   comm.obj
 0001:00000807       _socket_write_clients      00011807 f   comm.obj
 0001:0000086f       _socket_write_client       0001186f f   comm.obj
 0001:00000896       _dieRtm                    00011896 f   cpumon.obj
 0001:00000960       _saveSettings              00011960 f   cpumon.obj
 0001:00000a06       _readSettings              00011a06 f   cpumon.obj
 0001:00000cbf       _readThreadsFile           00011cbf f   cpumon.obj
 0001:00000e2e       _alloc_parray              00011e2e f   cpumon.obj
 0001:00000e7e       _increasePsList            00011e7e f   cpumon.obj
 0001:00000eee       _alloc_tarray              00011eee f   cpumon.obj
 0001:00000f3e       _get_ps_path               00011f3e f   cpumon.obj
 0001:00001027       _KillProcess               00012027 f   cpumon.obj
 0001:00001126       _handle_process            00012126 f   cpumon.obj
 0001:000013d6       _handle_thread             000123d6 f   cpumon.obj
 0001:00001487       _set_thread_priority       00012487 f   cpumon.obj
 0001:000014e6       _get_thread_names          000124e6 f   cpumon.obj
 0001:00001521       _process_client_request    00012521 f   cpumon.obj
 0001:000017a5       _start                     000127a5 f   cpumon.obj
 0001:000017c4       _service_clients           000127c4 f   cpumon.obj
 0001:000018f6       _createToolHelpSnapshot    000128f6 f   cpumon.obj
 0001:0000191f       _deleteToolHelpSnapshot    0001291f f   cpumon.obj
 0001:0000192c       _getPsStats                0001292c f   cpumon.obj
 0001:00001aac       _getThStats                00012aac f   cpumon.obj
 0001:00001d29       _wmain                     00012d29 f   cpumon.obj
 0001:00002564       _set_kdump_dir             00013564 f   debugger.obj
 0001:000025ba       _get_kdump_dir             000135ba f   debugger.obj
 0001:0000266c       _delete_cinfo              0001366c f   debugger.obj
 0001:00002695       _delete_dinfo              00013695 f   debugger.obj
 0001:000026b0       _debug_ack                 000136b0 f   debugger.obj
 0001:00002704       _debug_crashed             00013704 f   debugger.obj
 0001:0000275b       _debug_done                0001375b f   debugger.obj
 0001:00002841       _debug_check               00013841 f   debugger.obj
 0001:000028b1       _create_dbgr_handles       000138b1 f   debugger.obj
 0001:00002935       _close_dbgr_handles        00013935 f   debugger.obj
 0001:00002971       _process_frames            00013971 f   debugger.obj
 0001:000029a0       _get_callstack             000139a0 f   debugger.obj
 0001:00002c1f       _continue_processing_debug_events 00013c1f f   debugger.obj
 0001:00002cd2       _handle_exception          00013cd2 f   debugger.obj
 0001:00002def       _continue_debug            00013def f   debugger.obj
 0001:00002ef5       _debuger_proc              00013ef5 f   debugger.obj
 0001:0000309b       _debug_process             0001409b f   debugger.obj
 0001:00003282       _DiscoveryServerInit       00014282 f   DiscoveryServer.obj
 0001:00003375       _DiscoveryServerServe      00014375 f   DiscoveryServer.obj
 0001:000034a4       _mytime                    000144a4 f   util.obj
 0001:000034c4       _localTime                 000144c4 f   util.obj
 0001:00003514       _myswprintf                00014514 f   util.obj
 0001:00003530       _logg_begin                00014530 f   util.obj
 0001:00003550       _logg_end                  00014550 f   util.obj
 0001:00003568       _logg                      00014568 f   util.obj
 0001:000035b1       _logt                      000145b1 f   util.obj
 0001:0000362c       _wcscpy2                   0001462c f   util.obj
 0001:0000364d       _wcscpy3                   0001464d f   util.obj
 0001:0000366b       _full_path                 0001466b f   util.obj
 0001:00003783       _reallocf                  00014783 f   util.obj
 0001:000037a3       _addFileTime               000147a3 f   util.obj
 0001:000037ce       _subFileTime               000147ce f   util.obj
 0001:000037f9       _strtime                   000147f9 f   util.obj
 0001:00003840       _OpenProcess               00014840 f   coredll:COREDLL.dll
 0001:00003846       _CreateProcessW            00014846 f   coredll:COREDLL.dll
 0001:0000384c       _GetModuleFileNameW        0001484c f   coredll:COREDLL.dll
 0001:00003852       _TerminateThread           00014852 f   coredll:COREDLL.dll
 0001:00003858       _SetSystemPowerState       00014858 f   coredll:COREDLL.dll
 0001:0000385e       _QueryPerformanceFrequency 0001485e f   coredll:COREDLL.dll
 0001:00003864       _LoadLibraryW              00014864 f   coredll:COREDLL.dll
 0001:0000386a       _EventModify               0001486a f   coredll:COREDLL.dll
 0001:00003870       _DeleteCriticalSection     00014870 f   coredll:COREDLL.dll
 0001:00003876       _LeaveCriticalSection      00014876 f   coredll:COREDLL.dll
 0001:0000387c       _EnterCriticalSection      0001487c f   coredll:COREDLL.dll
 0001:00003882       _DebugActiveProcess        00014882 f   coredll:COREDLL.dll
 0001:00003888       _CreateThread              00014888 f   coredll:COREDLL.dll
 0001:0000388e       _InitializeCriticalSection 0001488e f   coredll:COREDLL.dll
 0001:00003894       _SystemTimeToFileTime      00014894 f   coredll:COREDLL.dll
 0001:0000389a       _GetLocalTime              0001489a f   coredll:COREDLL.dll
 0001:000038a0       _StringCbPrintfW           000148a0 f   coredll:COREDLL.dll
 0001:000038a6       _OutputDebugStringW        000148a6 f   coredll:COREDLL.dll
 0001:00003b2c       _mainWCRTStartup           00014b2c f   corelibc:mainwcrt.obj
 0001:00003b40       ___security_init_cookie    00014b40 f   corelibc:seccinit.obj
 0001:00003b6b       @__security_check_cookie@4 00014b6b f   corelibc:x86secgs.obj
 0001:00003b92       _memmove                   00014b92 f   corelibc:COREDLL.dll
 0001:00003b98       __aulldiv                  00014b98 f   corelibc:COREDLL.dll
 0001:00003b9e       _free                      00014b9e f   corelibc:COREDLL.dll
 0001:00003ba4       _fclose                    00014ba4 f   corelibc:COREDLL.dll
 0001:00003baa       _fprintf                   00014baa f   corelibc:COREDLL.dll
 0001:00003bb0       _fopen                     00014bb0 f   corelibc:COREDLL.dll
 0001:00003bb6       _sprintf                   00014bb6 f   corelibc:COREDLL.dll
 0001:00003bbc       _sscanf                    00014bbc f   corelibc:COREDLL.dll
 0001:00003bc2       _fgets                     00014bc2 f   corelibc:COREDLL.dll
 0001:00003bc8       _feof                      00014bc8 f   corelibc:COREDLL.dll
 0001:00003bce       __chkstk                   00014bce f   corelibc:COREDLL.dll
 0001:00003bd4       _realloc                   00014bd4 f   corelibc:COREDLL.dll
 0001:00003bda       _memset                    00014bda f   corelibc:COREDLL.dll
 0001:00003be0       _malloc                    00014be0 f   corelibc:COREDLL.dll
 0001:00003be6       __wtoi                     00014be6 f   corelibc:COREDLL.dll
 0001:00003bec       _fwrite                    00014bec f   corelibc:COREDLL.dll
 0001:00003bf2       _srand                     00014bf2 f   corelibc:COREDLL.dll
 0001:00003bf8       _fflush                    00014bf8 f   corelibc:COREDLL.dll
 0001:00003bfe       _fwprintf                  00014bfe f   corelibc:COREDLL.dll
 0001:00003c04       _wprintf                   00014c04 f   corelibc:COREDLL.dll
 0001:00003c0a       _vswprintf                 00014c0a f   corelibc:COREDLL.dll
 0001:00003c10       _printf                    00014c10 f   corelibc:COREDLL.dll
 0001:00003c16       _vsprintf                  00014c16 f   corelibc:COREDLL.dll
 0001:00003c1c       _wcsrchr                   00014c1c f   corelibc:COREDLL.dll
 0001:00003c22       _memcpy                    00014c22 f   corelibc:COREDLL.dll
 0001:00003c28       _iswctype                  00014c28 f   corelibc:COREDLL.dll
 0001:00003c2e       __XcptFilter               00014c2e f   corelibc:COREDLL.dll
 0001:00003cb2       _exit                      00014cb2 f   corelibc:cexit.obj
 0001:00003cc7       __exit                     00014cc7 f   corelibc:cexit.obj
 0001:00003cdc       __initterm                 00014cdc f   corelibc:crt0dat.obj
 0001:00003cf8       __cinit                    00014cf8 f   corelibc:crt0dat.obj
 0001:00003d1a       __onexit                   00014d1a f   corelibc:onexit.obj
 0001:00003db7       _atexit                    00014db7 f   corelibc:onexit.obj
 0001:00003dcc       __SEH_prolog4_GS           00014dcc f   corelibc:sehprolg4gs.obj
 0001:00003e14       __SEH_epilog4_GS           00014e14 f   corelibc:sehprolg4gs.obj
 0001:00003e23       __except_handler4          00014e23 f   corelibc:chandler4gs.obj
 0001:00003e46       ___security_gen_cookie2    00014e46 f   corelibc:COREDLL.dll
 0001:00003e4c       ___report_gsfailure        00014e4c f   corelibc:COREDLL.dll
 0001:00003e52       ___crt_ExitProcess         00014e52 f   corelibc:exitproc_proxy.obj
 0001:00003e64       __msize                    00014e64 f   corelibc:COREDLL.dll
 0001:00003e6c       __SEH_prolog4              00014e6c f   corelibc:sehprolg4.obj
 0001:00003eb1       __SEH_epilog4              00014eb1 f   corelibc:sehprolg4.obj
 0001:00003ec6       __except_handler4_common   00014ec6 f   corelibc:COREDLL.dll
 0001:00003ecc       _CloseToolhelp32Snapshot   00014ecc f   toolhelp:toolhelp.dll
 0001:00003ed2       _Module32Next              00014ed2 f   toolhelp:toolhelp.dll
 0001:00003ed8       _Module32First             00014ed8 f   toolhelp:toolhelp.dll
 0001:00003ede       _CreateToolhelp32Snapshot  00014ede f   toolhelp:toolhelp.dll
 0001:00003ee4       _Heap32ListNext            00014ee4 f   toolhelp:toolhelp.dll
 0001:00003eea       _Heap32Next                00014eea f   toolhelp:toolhelp.dll
 0001:00003ef0       _Heap32First               00014ef0 f   toolhelp:toolhelp.dll
 0001:00003ef6       _Heap32ListFirst           00014ef6 f   toolhelp:toolhelp.dll
 0001:00003efc       _Process32Next             00014efc f   toolhelp:toolhelp.dll
 0001:00003f02       _Process32First            00014f02 f   toolhelp:toolhelp.dll
 0001:00003f08       _Thread32Next              00014f08 f   toolhelp:toolhelp.dll
 0001:00003f0e       _Thread32First             00014f0e f   toolhelp:toolhelp.dll
 0002:00000000       ___xc_a                    00015000     corelibc:crt0init.obj
 0002:00000004       ___xc_z                    00015004     corelibc:crt0init.obj
 0002:00000008       ___xi_a                    00015008     corelibc:crt0init.obj
 0002:0000000c       ___xi_z                    0001500c     corelibc:crt0init.obj
 0002:00000010       ___xp_a                    00015010     corelibc:crt0init.obj
 0002:00000014       ___xp_z                    00015014     corelibc:crt0init.obj
 0002:00000018       ___xt_a                    00015018     corelibc:crt0init.obj
 0002:0000001c       ___xt_z                    0001501c     corelibc:crt0init.obj
 0002:0000003c       ??_C@_1CG@MODGNIFD@?$AAW?$AAS?$AAA?$AAS?$AAt?$AAa?$AAr?$AAt?$AAu?$AAp?$AA?5?$AAe?$AAr?$AAr?$AA?5?$AA?$CF?$AAi?$AA?6?$AA?$AA@ 0001503c     comm.obj
 0002:00000064       ??_C@_1CG@PEEJGJGN@?$AAs?$AAe?$AAn?$AAd?$AA?$CI?$AA?$CJ?$AA?5?$AAi?$AAn?$AAc?$AAo?$AAm?$AAp?$AAl?$AAe?$AAt?$AAe?$AA?6?$AA?$AA@ 00015064     comm.obj
 0002:0000008c       ??_C@_1CE@CCLNFDHF@?$AAs?$AAe?$AAn?$AAd?$AA?$CI?$AA?$CJ?$AA?5?$AAf?$AAa?$AAi?$AAl?$AAe?$AAd?$AA?5?$AA?$CF?$AAi?$AA?6?$AA?$AA@ 0001508c     comm.obj
 0002:000000b0       ??_C@_1CE@NMKEFGCG@?$AAr?$AAe?$AAc?$AAv?$AA?$CI?$AA?$CJ?$AA?5?$AAf?$AAa?$AAi?$AAl?$AAe?$AAd?$AA?5?$AA?$CF?$AAi?$AA?6?$AA?$AA@ 000150b0     comm.obj
 0002:000000d4       ??_C@_1CG@OKJEHAPN@?$AAs?$AAo?$AAc?$AAk?$AAe?$AAt?$AA_?$AAs?$AAe?$AAr?$AAv?$AAe?$AAr?$AA_?$AAe?$AAn?$AAd?$AA?6?$AA?$AA@ 000150d4     comm.obj
 0002:000000fc       ??_C@_1DK@CFFDLIFF@?$AAc?$AAl?$AAo?$AAs?$AAi?$AAn?$AAg?$AA?5?$AAc?$AAl?$AAi?$AAe?$AAn?$AAt?$AA?5?$AAs?$AAo?$AAc?$AAk?$AAe?$AAt?$AA?3?$AA?5?$AA0?$AAx?$AA?$CF?$AAx?$AA?6?$AA?$AA@ 000150fc     comm.obj
 0002:00000138       ??_C@_1CM@MADNOPIO@?$AAl?$AAi?$AAs?$AAt?$AAe?$AAn?$AAi?$AAn?$AAg?$AA?5?$AAo?$AAn?$AA?5?$AAp?$AAo?$AAr?$AAt?$AA?5?$AA?$CF?$AAi?$AA?6?$AA?$AA@ 00015138     comm.obj
 0002:00000164       ??_C@_1CK@HGPNCABH@?$AAl?$AAi?$AAs?$AAt?$AAe?$AAn?$AA?$CI?$AA?$CJ?$AA?5?$AAf?$AAa?$AAi?$AAl?$AAe?$AAd?$AA?3?$AA?5?$AA?$CF?$AAi?$AA?6?$AA?$AA@ 00015164     comm.obj
 0002:00000190       ??_C@_1DK@MGCIHDEA@?$AAb?$AAi?$AAn?$AAd?$AA?$CI?$AA?$CJ?$AA?5?$AAf?$AAa?$AAi?$AAl?$AAe?$AAd?$AA?3?$AA?5?$AA?$CF?$AAi?$AA?5?$AA?9?$AA?5?$AA0?$AAx?$AA?$CF?$AAx?$AA?3?$AA?$CF?$AAi?$AA?6?$AA?$AA@ 00015190     comm.obj
 0002:000001cc       ??_C@_1DE@FOMDKOLF@?$AAi?$AAo?$AAc?$AAt?$AAl?$AAs?$AAo?$AAc?$AAk?$AAe?$AAt?$AA?$CI?$AA?$CJ?$AA?5?$AAf?$AAa?$AAi?$AAl?$AAe?$AAd?$AA?3?$AA?5?$AA?$CF?$AAi?$AA?6?$AA?$AA@ 000151cc     comm.obj
 0002:00000200       ??_C@_1CO@OKAIGIFP@?$AAc?$AAa?$AAn?$AA?5?$AAn?$AAo?$AAt?$AA?5?$AAc?$AAr?$AAe?$AAa?$AAt?$AAe?$AA?5?$AAs?$AAo?$AAc?$AAk?$AAe?$AAt?$AA?6?$AA?$AA@ 00015200     comm.obj
 0002:00000230       ??_C@_1EG@JJLAHAKE@?$AAc?$AAa?$AAn?$AAn?$AAo?$AAt?$AA?5?$AAs?$AAe?$AAr?$AAv?$AAe?$AA?5?$AAm?$AAo?$AAr?$AAe?$AA?5?$AAt?$AAh?$AAa?$AAn?$AA?5?$AA?$CF?$AAi?$AA?5?$AAc?$AAl?$AAi?$AAe?$AAn?$AAt@ 00015230     comm.obj
 0002:00000278       ??_C@_1GE@JIMABGLN@?$AAa?$AAc?$AAc?$AAe?$AAp?$AAt?$AAe?$AAd?$AA?5?$AAc?$AAl?$AAi?$AAe?$AAn?$AAt?$AA?5?$AA?$CD?$AA?5?$AA?$CF?$AAi?$AA?5?$AA?$CF?$AAi?$AA?4?$AA?$CF?$AAi?$AA?4?$AA?$CF?$AAi?$AA?4?$AA?$CF?$AAi@ 00015278     comm.obj
 0002:000002dc       ??_C@_1DA@BACKKFON@?$AAe?$AAr?$AAr?$AAo?$AAr?$AA?5?$AAa?$AAc?$AAc?$AAe?$AAp?$AAt?$AA?5?$AAf?$AAa?$AAi?$AAl?$AAe?$AAd?$AA?5?$AA?$CF?$AAi?$AA?6?$AA?$AA@ 000152dc     comm.obj
 0002:0000030c       ??_C@_1CA@BPHIFFH@?$AAn?$AAu?$AAm?$AA_?$AAc?$AAl?$AAi?$AAe?$AAn?$AAt?$AAs?$AA?5?$AA?$CF?$AAi?$AA?6?$AA?$AA@ 0001530c     comm.obj
 0002:00000330       ??_C@_1EG@CEDLMFGN@?$AAc?$AAl?$AAo?$AAs?$AAe?$AA?5?$AAs?$AAo?$AAc?$AAk?$AAe?$AAt?$AA?5?$AA0?$AAx?$AA?$CF?$AAx?$AA?0?$AA?5?$AAn?$AAu?$AAm?$AA_?$AAc?$AAl?$AAi?$AAe?$AAn?$AAt?$AAs?$AA?5?$AA?$CF@ 00015330     comm.obj
 0002:00000378       ??_C@_1DC@DDCBHJCF@?$AAi?$AAo?$AAc?$AAt?$AAl?$AAs?$AAo?$AAc?$AAk?$AAe?$AAt?$AA?$CI?$AA?$CJ?$AA?5?$AAf?$AAa?$AAi?$AAl?$AAe?$AAd?$AA?5?$AA?$CF?$AAi?$AA?6?$AA?$AA@ 00015378     comm.obj
 0002:000003ac       ??_C@_1DM@DDLGKLOK@?$AAs?$AAo?$AAc?$AAk?$AAe?$AAt?$AA?5?$AAe?$AAr?$AAr?$AAo?$AAr?$AA?5?$AAi?$AAn?$AA?5?$AAr?$AAe?$AAc?$AAv?$AA?0?$AA?5?$AAr?$AAe?$AAt?$AA?5?$AA?$CF?$AAi?$AA?6?$AA?$AA@ 000153ac     comm.obj
 0002:000003ec       ??_C@_06DEBEKHOP@rtmcli?$AA@ 000153ec     cpumon.obj
 0002:000003f4       ??_C@_06LPOPHAJE@rtmsrv?$AA@ 000153f4     cpumon.obj
 0002:00000400       ??_C@_1FA@IBINMCNL@?$AAd?$AAi?$AAs?$AAc?$AAo?$AAv?$AAe?$AAr?$AAy?$AA?5?$AAs?$AAe?$AAr?$AAv?$AAe?$AAr?$AA?5?$AAf?$AAa?$AAi?$AAl?$AAe?$AAd?$AA?5?$AAt?$AAo?$AA?5?$AAi?$AAn?$AAi?$AAt?$AAi@ 00015400     cpumon.obj
 0002:00000450       ??_C@_1DO@OHFDLDMD@?$AAd?$AAi?$AAs?$AAc?$AAo?$AAv?$AAe?$AAr?$AAy?$AA?5?$AAs?$AAe?$AAr?$AAv?$AAe?$AAr?$AA?5?$AAi?$AAn?$AAi?$AAt?$AAi?$AAa?$AAl?$AAi?$AAz?$AAe?$AAd?$AA?4?$AA?6?$AA?$AA@ 00015450     cpumon.obj
 0002:00000490       ??_C@_0CN@IAMCNGEK@?$CFlu?3priority?6?$CFi?3capture_on_dev?6?$CF@ 00015490     cpumon.obj
 0002:000004c0       ??_C@_02BKFDOEMK@wt?$AA@   000154c0     cpumon.obj
 0002:000004c4       ??_C@_1BG@OLIJNHBC@?$AAs?$AAa?$AAv?$AAi?$AAn?$AAg?$AA?5?$AA?$CF?$AAs?$AA?6?$AA?$AA@ 000154c4     cpumon.obj
 0002:000004e0       ??_C@_1EO@MIJBIFOE@?$AAf?$AAa?$AAi?$AAl?$AAe?$AAd?$AA?5?$AAt?$AAo?$AA?5?$AAg?$AAe?$AAt?$AA?5?$AAw?$AAo?$AAr?$AAk?$AAi?$AAn?$AAg?$AA?5?$AAd?$AAi?$AAr?$AAe?$AAc?$AAt?$AAo?$AAr?$AAy?$AA?5@ 000154e0     cpumon.obj
 0002:00000530       ??_C@_1BA@HJBAMEKO@?$AAr?$AAt?$AAm?$AA?4?$AAc?$AAf?$AAg?$AA?$AA@ 00015530     cpumon.obj
 0002:00000540       ??_C@_07OJGBNNLN@rtm?4cfg?$AA@ 00015540     cpumon.obj
 0002:00000548       ??_C@_0CI@OHCEMNMB@RTM?5file?5?$CC?$CFs?$CC?5set?5to?5record?5data@ 00015548     cpumon.obj
 0002:00000570       ??_C@_1BE@CFBJDAHI@?$AAl?$AAo?$AAg?$AA?$CF?$AAs?$AA?4?$AAr?$AAt?$AAm?$AA?$AA@ 00015570     cpumon.obj
 0002:00000584       ??_C@_09KCAFNBOA@log?$CFs?4rtm?$AA@ 00015584     cpumon.obj
 0002:00000590       ??_C@_1CK@LNCOGGAC@?$AAs?$AAa?$AAv?$AAe?$AA?5?$AAt?$AAo?$AA?5?$AAr?$AAt?$AAm?$AA?5?$AAf?$AAi?$AAl?$AAe?$AA?5?$AA?$CF?$AAs?$AA?6?$AA?$AA@ 00015590     cpumon.obj
 0002:000005bc       ??_C@_0P@GGEAEIJE@capture_on_dev?$AA@ 000155bc     cpumon.obj
 0002:000005cc       ??_C@_1CA@NCKJGCLH@?$AAl?$AAo?$AAg?$AA?5?$AAt?$AAo?$AA?5?$AAf?$AAi?$AAl?$AAe?$AA?5?$AA?$CF?$AAs?$AA?6?$AA?$AA@ 000155cc     cpumon.obj
 0002:000005ec       ??_C@_1BC@LGPIFEA@?$AAd?$AAi?$AAs?$AAa?$AAb?$AAl?$AAe?$AAd?$AA?$AA@ 000155ec     cpumon.obj
 0002:00000600       ??_C@_1BA@BKMGIBPB@?$AAe?$AAn?$AAa?$AAb?$AAl?$AAe?$AAd?$AA?$AA@ 00015600     cpumon.obj
 0002:00000610       ??_C@_07HAFPJOBC@logging?$AA@ 00015610     cpumon.obj
 0002:00000618       ??_C@_1CM@IGGFOAJN@?$AAs?$AAe?$AAt?$AA?5?$AAs?$AAn?$AAa?$AAp?$AA?5?$AAi?$AAn?$AAt?$AAe?$AAr?$AAv?$AAa?$AAl?$AA?5?$AA?$CF?$AAi?$AA?6?$AA?$AA@ 00015618     cpumon.obj
 0002:00000644       ??_C@_08CBFCMNKF@interval?$AA@ 00015644     cpumon.obj
 0002:00000650       ??_C@_1CC@FGEJKKIN@?$AAs?$AAe?$AAt?$AA?5?$AAp?$AAr?$AAi?$AAo?$AAr?$AAi?$AAt?$AAy?$AA?5?$AA?$CF?$AAi?$AA?6?$AA?$AA@ 00015650     cpumon.obj
 0002:00000674       ??_C@_08IIJFADMF@priority?$AA@ 00015674     cpumon.obj
 0002:00000680       ??_C@_05CIHMGJBO@?$CFi?3?$CFs?$AA@ 00015680     cpumon.obj
 0002:00000688       ??_C@_02BMJICGCB@rt?$AA@   00015688     cpumon.obj
 0002:0000068c       ??_C@_1BI@OEACMCCG@?$AAl?$AAo?$AAa?$AAd?$AAi?$AAn?$AAg?$AA?5?$AA?$CF?$AAs?$AA?6?$AA?$AA@ 0001568c     cpumon.obj
 0002:000006a4       ??_C@_1O@PODECHNM@?$AA?$CF?$AAi?$AA?3?$AA?$CF?$AAs?$AA?6?$AA?$AA@ 000156a4     cpumon.obj
 0002:000006b4       ??_C@_06BEBACANP@?$CFlu?3?$CFs?$AA@ 000156b4     cpumon.obj
 0002:000006bc       ??_C@_1BO@NKKAKFGC@?$AAp?$AAr?$AAo?$AAc?$AAe?$AAs?$AAs?$AAi?$AAn?$AAg?$AA?5?$AA?$CF?$AAs?$AA?6?$AA?$AA@ 000156bc     cpumon.obj
 0002:000006e0       ??_C@_1IA@PCCHHOA@?$AAN?$AAo?$AA?5?$AA?$CC?$AA?$CF?$AAs?$AA?$CC?$AA?5?$AAf?$AAi?$AAl?$AAe?$AA?5?$AAf?$AAo?$AAu?$AAn?$AAd?$AA?4?$AA?5?$AAY?$AAo?$AAu?$AA?5?$AAc?$AAa?$AAn?$AA?5?$AAs?$AAp?$AAe?$AAc@ 000156e0     cpumon.obj
 0002:00000760       ??_C@_13HGPDMIBE@?$AA?$DP?$AA?$AA@ 00015760     cpumon.obj
 0002:00000764       ??_C@_1BI@EENIJIDL@?$AAt?$AAh?$AAr?$AAe?$AAa?$AAd?$AAs?$AA?4?$AAt?$AAx?$AAt?$AA?$AA@ 00015764     cpumon.obj
 0002:0000077c       ??_C@_0M@MICKPBCA@threads?4txt?$AA@ 0001577c     cpumon.obj
 0002:00000788       ??_C@_1HC@EKKBFGIN@?$AAf?$AAa?$AAi?$AAl?$AAe?$AAd?$AA?5?$AAt?$AAo?$AA?5?$AAa?$AAl?$AAl?$AAo?$AAc?$AAa?$AAt?$AAe?$AA?5?$AA?$CF?$AAi?$AA?5?$AAb?$AAy?$AAt?$AAe?$AAs?$AA?5?$AAo?$AAf?$AA?5?$AAp@ 00015788     cpumon.obj
 0002:000007fc       ??_C@_1BE@PAKAHDCL@?$AA?$CF?$AAi?$AA?5?$AA?9?$AA?$DO?$AA?5?$AA?$CF?$AAi?$AA?6?$AA?$AA@ 000157fc     cpumon.obj
 0002:00000810       ??_C@_1FK@JHGKFFNC@?$AAf?$AAa?$AAi?$AAl?$AAe?$AAd?$AA?5?$AAt?$AAo?$AA?5?$AAa?$AAl?$AAl?$AAo?$AAc?$AAa?$AAt?$AAe?$AA?5?$AAp?$AAr?$AAo?$AAc?$AAe?$AAs?$AAs?$AA?5?$AAm?$AAe?$AAm?$AAo?$AAr@ 00015810     cpumon.obj
 0002:0000086c       ??_C@_1DE@HKBKDOAF@?$AAi?$AAn?$AAc?$AAr?$AAe?$AAa?$AAs?$AAi?$AAn?$AAg?$AA?5?$AAp?$AAs?$AA?5?$AAa?$AAr?$AAr?$AAa?$AAy?$AA?5?$AAs?$AAi?$AAz?$AAe?$AA?6?$AA?$AA@ 0001586c     cpumon.obj
 0002:000008a0       ??_C@_1HA@NFJNHHPN@?$AAf?$AAa?$AAi?$AAl?$AAe?$AAd?$AA?5?$AAt?$AAo?$AA?5?$AAa?$AAl?$AAl?$AAo?$AAc?$AAa?$AAt?$AAe?$AA?5?$AA?$CF?$AAi?$AA?5?$AAb?$AAy?$AAt?$AAe?$AAs?$AA?5?$AAo?$AAf?$AA?5?$AAt@ 000158a0     cpumon.obj
 0002:00000910       ??_C@_1FI@KGNCKKMH@?$AAf?$AAa?$AAi?$AAl?$AAe?$AAd?$AA?5?$AAt?$AAo?$AA?5?$AAa?$AAl?$AAl?$AAo?$AAc?$AAa?$AAt?$AAe?$AA?5?$AAt?$AAh?$AAr?$AAe?$AAa?$AAd?$AA?5?$AAm?$AAe?$AAm?$AAo?$AAr?$AAy@ 00015910     cpumon.obj
 0002:00000968       ??_C@_1FA@CCNNIALB@?$AAT?$AAe?$AAr?$AAm?$AAi?$AAn?$AAa?$AAt?$AAe?$AAP?$AAr?$AAo?$AAc?$AAe?$AAs?$AAs?$AA?5?$AAF?$AAA?$AAI?$AAL?$AAE?$AAD?$AA?5?$AAw?$AAi?$AAt?$AAh?$AA?5?$AAe?$AAr?$AAr@ 00015968     cpumon.obj
 0002:000009b8       ??_C@_1FI@MAAJKOIC@?$AAC?$AAe?$AAG?$AAe?$AAt?$AAP?$AAr?$AAo?$AAc?$AAe?$AAs?$AAs?$AAA?$AAf?$AAf?$AAi?$AAn?$AAi?$AAt?$AAy?$AA?5?$AAF?$AAA?$AAI?$AAL?$AAE?$AAD?$AA?5?$AAw?$AAi?$AAt?$AAh@ 000159b8     cpumon.obj
 0002:00000a10       ??_C@_1FA@CPPPNDBE@?$AAC?$AAe?$AAS?$AAe?$AAt?$AAP?$AAr?$AAo?$AAc?$AAe?$AAs?$AAs?$AAA?$AAf?$AAf?$AAi?$AAn?$AAi?$AAt?$AAy?$AA?5?$AAf?$AAa?$AAi?$AAl?$AAe?$AAd?$AA?5?$AAw?$AAi?$AAt?$AAh@ 00015a10     cpumon.obj
 0002:00000a60       ??_C@_1EO@MBNOEIMN@?$AAC?$AAe?$AAS?$AAe?$AAt?$AAT?$AAh?$AAr?$AAe?$AAa?$AAd?$AAA?$AAf?$AAf?$AAi?$AAn?$AAi?$AAt?$AAy?$AA?5?$AAf?$AAa?$AAi?$AAl?$AAe?$AAd?$AA?5?$AAw?$AAi?$AAt?$AAh?$AA?5@ 00015a60     cpumon.obj
 0002:00000ab0       ??_C@_1EO@IBOCFPH@?$AAf?$AAa?$AAi?$AAl?$AAe?$AAd?$AA?5?$AAt?$AAo?$AA?5?$AAs?$AAt?$AAa?$AAr?$AAt?$AA?5?$AAp?$AAr?$AAo?$AAc?$AAe?$AAs?$AAs?$AA?5?$AA?$CC?$AA?$CF?$AAs?$AA?$CC?$AA?0?$AA?5?$AAe?$AAr@ 00015ab0     cpumon.obj
 0002:00000b00       ??_C@_1EK@LFJPEHJB@?$AAf?$AAa?$AAi?$AAl?$AAe?$AAd?$AA?5?$AAt?$AAo?$AA?5?$AAs?$AAt?$AAa?$AAr?$AAt?$AA?5?$AAc?$AAl?$AAo?$AAn?$AAe?$AA?5?$AA?$CC?$AA?$CF?$AAs?$AA?$CC?$AA?0?$AA?5?$AAe?$AAr?$AAr?$AA?3@ 00015b00     cpumon.obj
 0002:00000b50       ??_C@_1EC@DDKJKCEG@?$AAf?$AAa?$AAi?$AAl?$AAe?$AAd?$AA?5?$AAt?$AAo?$AA?5?$AAr?$AAe?$AAs?$AAt?$AAa?$AAr?$AAt?$AA?5?$AA?$CC?$AA?$CF?$AAs?$AA?$CC?$AA?0?$AA?5?$AAe?$AAr?$AAr?$AA?3?$AA?5?$AA?$CF?$AAi?$AA?6@ 00015b50     cpumon.obj
 0002:00000b98       ??_C@_1EO@LEFPAMMO@?$AAf?$AAa?$AAi?$AAl?$AAe?$AAd?$AA?5?$AAt?$AAo?$AA?5?$AAr?$AAe?$AAs?$AAt?$AAa?$AAr?$AAt?$AA?5?$AAc?$AAe?$AAm?$AAo?$AAn?$AA?5?$AA?$CC?$AA?$CF?$AAs?$AA?$CC?$AA?0?$AA?5?$AAe?$AAr@ 00015b98     cpumon.obj
 0002:00000be8       ??_C@_1FA@CPFAMMNK@?$AAC?$AAe?$AAS?$AAe?$AAt?$AAT?$AAh?$AAr?$AAe?$AAa?$AAd?$AAP?$AAr?$AAi?$AAo?$AAr?$AAi?$AAt?$AAy?$AA?5?$AAf?$AAa?$AAi?$AAl?$AAe?$AAd?$AA?5?$AAw?$AAi?$AAt?$AAh?$AA?5@ 00015be8     cpumon.obj
 0002:00000c38       ??_C@_1FM@FGKJKAPP@?$AAF?$AAa?$AAi?$AAl?$AAe?$AAd?$AA?5?$AAt?$AAo?$AA?5?$AAc?$AAr?$AAe?$AAa?$AAt?$AAe?$AA?5?$AAs?$AAn?$AAa?$AAp?$AAs?$AAh?$AAo?$AAt?$AA?4?$AA?5?$AAE?$AAr?$AAr?$AA?3?$AA?5@ 00015c38     cpumon.obj
 0002:00000c94       ??_C@_1DA@GONFPKP@?$AAP?$AAr?$AAo?$AAc?$AAe?$AAs?$AAs?$AA3?$AA2?$AAF?$AAi?$AAr?$AAs?$AAt?$AA?5?$AAe?$AAr?$AAr?$AA?5?$AA?$CF?$AAi?$AA?4?$AA?6?$AA?$AA@ 00015c94     cpumon.obj
 0002:00000cc4       ??_C@_1DO@JKIGBADO@?$AAG?$AAe?$AAt?$AAT?$AAh?$AAr?$AAe?$AAa?$AAd?$AAT?$AAi?$AAm?$AAe?$AAs?$AA?5?$AAf?$AAa?$AAi?$AAl?$AAe?$AAd?$AA?0?$AA?5?$AAe?$AAr?$AAr?$AA?5?$AA?$CF?$AAi?$AA?6?$AA?$AA@ 00015cc4     cpumon.obj
 0002:00000d04       ??_C@_1CO@HIJODEKL@?$AAT?$AAh?$AAr?$AAe?$AAa?$AAd?$AA3?$AA2?$AAF?$AAi?$AAr?$AAs?$AAt?$AA?5?$AAe?$AAr?$AAr?$AA?5?$AA?$CF?$AAi?$AA?4?$AA?6?$AA?$AA@ 00015d04     cpumon.obj
 0002:00000d34       __real@424c0000            00015d34     cpumon.obj
 0002:00000d38       ??_C@_1EI@LPFEBCLL@?$AAC?$AAe?$AAG?$AAe?$AAt?$AAI?$AAd?$AAl?$AAe?$AAT?$AAi?$AAm?$AAe?$AAE?$AAx?$AA?5?$AAf?$AAa?$AAi?$AAl?$AAe?$AAd?$AA?5?$AAf?$AAo?$AAr?$AA?5?$AAc?$AAo?$AAr?$AAe?$AA?5@ 00015d38     cpumon.obj
 0002:00000d80       ??_C@_1BA@LANPECLJ@?$AAE?$AAx?$AAi?$AAt?$AAe?$AAd?$AA?6?$AA?$AA@ 00015d80     cpumon.obj
 0002:00000d90       ??_C@_17CHOLIMHJ@?$AA1?$AA0?$AA0?$AA?$AA@ 00015d90     cpumon.obj
 0002:00000d98       ??_C@_03DOPCBAKB@a?$CLb?$AA@ 00015d98     cpumon.obj
 0002:00000da0       ??_C@_1HG@PCMNBLAM@?$AAf?$AAa?$AAi?$AAl?$AAe?$AAd?$AA?5?$AAt?$AAo?$AA?5?$AAa?$AAl?$AAl?$AAo?$AAc?$AAa?$AAt?$AAe?$AA?5?$AA?$CF?$AAi?$AA?5?$AAb?$AAy?$AAt?$AAe?$AAs?$AA?5?$AAo?$AAf?$AA?5?$AAs@ 00015da0     cpumon.obj
 0002:00000e18       ??_C@_1HE@BOMJIMCC@?$AAf?$AAa?$AAi?$AAl?$AAe?$AAd?$AA?5?$AAt?$AAo?$AA?5?$AAa?$AAl?$AAl?$AAo?$AAc?$AAa?$AAt?$AAe?$AA?5?$AA?$CF?$AAi?$AA?5?$AAb?$AAy?$AAt?$AAe?$AAs?$AA?5?$AAo?$AAf?$AA?5?$AAs@ 00015e18     cpumon.obj
 0002:00000e8c       ??_C@_1DA@FMEKCBD@?$AAs?$AAo?$AAc?$AAk?$AAe?$AAt?$AA_?$AAs?$AAe?$AAr?$AAv?$AAe?$AAr?$AA_?$AAi?$AAn?$AAi?$AAt?$AA?5?$AAo?$AAk?$AA?4?$AA?6?$AA?$AA@ 00015e8c     cpumon.obj
 0002:00000ebc       ??_C@_1CE@PDMFPDAA@?$AAw?$AAi?$AAn?$AAs?$AAo?$AAc?$AAk?$AA_?$AAi?$AAn?$AAi?$AAt?$AA?5?$AAo?$AAk?$AA?4?$AA?6?$AA?$AA@ 00015ebc     cpumon.obj
 0002:00000ee0       ??_C@_1HA@FDAHHHJB@?$AAf?$AAa?$AAi?$AAl?$AAe?$AAd?$AA?5?$AAt?$AAo?$AA?5?$AAa?$AAl?$AAl?$AAo?$AAc?$AAa?$AAt?$AAe?$AA?5?$AA?$CF?$AAi?$AA?5?$AAb?$AAy?$AAt?$AAe?$AAs?$AA?5?$AAo?$AAf?$AA?5?$AAi@ 00015ee0     cpumon.obj
 0002:00000f50       ??_C@_1EC@NKPCLGBL@?$AAs?$AAt?$AAa?$AAr?$AAt?$AA?5?$AAo?$AAk?$AA?4?$AA?5?$AAC?$AAe?$AAm?$AAo?$AAn?$AA?5?$AAv?$AAe?$AAr?$AAs?$AAi?$AAo?$AAn?$AA?5?$AA?$CF?$AAi?$AA?4?$AA?$CF?$AA0?$AA2?$AAi?$AA?6@ 00015f50     cpumon.obj
 0002:00000f94       ??_C@_1CE@BHMJLOO@?$AAc?$AAo?$AAu?$AAl?$AAd?$AA?5?$AAn?$AAo?$AAt?$AA?5?$AAs?$AAt?$AAa?$AAr?$AAt?$AA?$CB?$AA?6?$AA?$AA@ 00015f94     cpumon.obj
 0002:00000fb8       ??_C@_1BK@GAANKGGA@?$AAi?$AAn?$AAi?$AAt?$AAi?$AAa?$AAl?$AAi?$AAz?$AAe?$AAd?$AA?6?$AA?$AA@ 00015fb8     cpumon.obj
 0002:00000fd8       ??_C@_1EA@IIIHLFCH@?$AAi?$AAn?$AAi?$AAt?$AAi?$AAa?$AAl?$AAi?$AAz?$AAi?$AAn?$AAg?$AA?5?$AAr?$AAa?$AAn?$AAd?$AAo?$AAm?$AA?$CD?$AA?5?$AAg?$AAe?$AAn?$AAe?$AAr?$AAa?$AAt?$AAo?$AAr?$AA?6?$AA?$AA@ 00015fd8     cpumon.obj
 0002:00001018       ??_C@_1DI@EFDBDFK@?$AAC?$AAe?$AAS?$AAe?$AAt?$AAT?$AAh?$AAr?$AAe?$AAa?$AAd?$AAA?$AAf?$AAf?$AAi?$AAn?$AAi?$AAt?$AAy?$AA?5?$AAf?$AAo?$AAu?$AAn?$AAd?$AA?$CB?$AA?6?$AA?$AA@ 00016018     cpumon.obj
 0002:00001050       ??_C@_1EA@JKBOOFDH@?$AAC?$AAe?$AAS?$AAe?$AAt?$AAT?$AAh?$AAr?$AAe?$AAa?$AAd?$AAA?$AAf?$AAf?$AAi?$AAn?$AAi?$AAt?$AAy?$AA?5?$AAn?$AAo?$AAt?$AA?5?$AAf?$AAo?$AAu?$AAn?$AAd?$AA?$CB?$AA?6?$AA?$AA@ 00016050     cpumon.obj
 0002:00001090       ??_C@_1CI@DNNCLLJP@?$AAC?$AAe?$AAS?$AAe?$AAt?$AAT?$AAh?$AAr?$AAe?$AAa?$AAd?$AAA?$AAf?$AAf?$AAi?$AAn?$AAi?$AAt?$AAy?$AA?$AA@ 00016090     cpumon.obj
 0002:000010b8       ??_C@_1DK@HCKHNAFO@?$AAC?$AAe?$AAS?$AAe?$AAt?$AAP?$AAr?$AAo?$AAc?$AAe?$AAs?$AAs?$AAA?$AAf?$AAf?$AAi?$AAn?$AAi?$AAt?$AAy?$AA?5?$AAf?$AAo?$AAu?$AAn?$AAd?$AA?$CB?$AA?6?$AA?$AA@ 000160b8     cpumon.obj
 0002:000010f8       ??_C@_1EC@BLDACALL@?$AAC?$AAe?$AAS?$AAe?$AAt?$AAP?$AAr?$AAo?$AAc?$AAe?$AAs?$AAs?$AAA?$AAf?$AAf?$AAi?$AAn?$AAi?$AAt?$AAy?$AA?5?$AAn?$AAo?$AAt?$AA?5?$AAf?$AAo?$AAu?$AAn?$AAd?$AA?$CB?$AA?6@ 000160f8     cpumon.obj
 0002:0000113c       ??_C@_1CK@GBIEJJEA@?$AAC?$AAe?$AAS?$AAe?$AAt?$AAP?$AAr?$AAo?$AAc?$AAe?$AAs?$AAs?$AAA?$AAf?$AAf?$AAi?$AAn?$AAi?$AAt?$AAy?$AA?$AA@ 0001613c     cpumon.obj
 0002:00001168       ??_C@_1DI@FCGLDKLK@?$AAC?$AAe?$AAG?$AAe?$AAt?$AAT?$AAh?$AAr?$AAe?$AAa?$AAd?$AAA?$AAf?$AAf?$AAi?$AAn?$AAi?$AAt?$AAy?$AA?5?$AAf?$AAo?$AAu?$AAn?$AAd?$AA?$CB?$AA?6?$AA?$AA@ 00016168     cpumon.obj
 0002:000011a0       ??_C@_1EA@BMJBADLC@?$AAC?$AAe?$AAG?$AAe?$AAt?$AAT?$AAh?$AAr?$AAe?$AAa?$AAd?$AAA?$AAf?$AAf?$AAi?$AAn?$AAi?$AAt?$AAy?$AA?5?$AAn?$AAo?$AAt?$AA?5?$AAf?$AAo?$AAu?$AAn?$AAd?$AA?$CB?$AA?6?$AA?$AA@ 000161a0     cpumon.obj
 0002:000011e0       ??_C@_1CI@OEMDIBFE@?$AAC?$AAe?$AAG?$AAe?$AAt?$AAT?$AAh?$AAr?$AAe?$AAa?$AAd?$AAA?$AAf?$AAf?$AAi?$AAn?$AAi?$AAt?$AAy?$AA?$AA@ 000161e0     cpumon.obj
 0002:00001208       ??_C@_1DK@GOGLONOG@?$AAC?$AAe?$AAG?$AAe?$AAt?$AAP?$AAr?$AAo?$AAc?$AAe?$AAs?$AAs?$AAA?$AAf?$AAf?$AAi?$AAn?$AAi?$AAt?$AAy?$AA?5?$AAf?$AAo?$AAu?$AAn?$AAd?$AA?$CB?$AA?6?$AA?$AA@ 00016208     cpumon.obj
 0002:00001248       ??_C@_1EC@BEKNINHH@?$AAC?$AAe?$AAG?$AAe?$AAt?$AAP?$AAr?$AAo?$AAc?$AAe?$AAs?$AAs?$AAA?$AAf?$AAf?$AAi?$AAn?$AAi?$AAt?$AAy?$AA?5?$AAn?$AAo?$AAt?$AA?5?$AAf?$AAo?$AAu?$AAn?$AAd?$AA?$CB?$AA?6@ 00016248     cpumon.obj
 0002:0000128c       ??_C@_1CK@IPIGJHGG@?$AAC?$AAe?$AAG?$AAe?$AAt?$AAP?$AAr?$AAo?$AAc?$AAe?$AAs?$AAs?$AAA?$AAf?$AAf?$AAi?$AAn?$AAi?$AAt?$AAy?$AA?$AA@ 0001628c     cpumon.obj
 0002:000012b8       ??_C@_1DG@HMOFNIJD@?$AAG?$AAl?$AAo?$AAb?$AAa?$AAl?$AAM?$AAe?$AAm?$AAo?$AAr?$AAy?$AAS?$AAt?$AAa?$AAt?$AAu?$AAs?$AA?5?$AAf?$AAo?$AAu?$AAn?$AAd?$AA?$CB?$AA?6?$AA?$AA@ 000162b8     cpumon.obj
 0002:000012f0       ??_C@_1DO@DENMCJDM@?$AAG?$AAl?$AAo?$AAb?$AAa?$AAl?$AAM?$AAe?$AAm?$AAo?$AAr?$AAy?$AAS?$AAt?$AAa?$AAt?$AAu?$AAs?$AA?5?$AAn?$AAo?$AAt?$AA?5?$AAf?$AAo?$AAu?$AAn?$AAd?$AA?$CB?$AA?6?$AA?$AA@ 000162f0     cpumon.obj
 0002:00001330       ??_C@_1CG@JOGHHDDK@?$AAG?$AAl?$AAo?$AAb?$AAa?$AAl?$AAM?$AAe?$AAm?$AAo?$AAr?$AAy?$AAS?$AAt?$AAa?$AAt?$AAu?$AAs?$AA?$AA@ 00016330     cpumon.obj
 0002:00001358       ??_C@_1DO@ONKBBOEC@?$AAG?$AAe?$AAt?$AAS?$AAy?$AAs?$AAt?$AAe?$AAm?$AAP?$AAo?$AAw?$AAe?$AAr?$AAS?$AAt?$AAa?$AAt?$AAu?$AAs?$AAE?$AAx?$AA?5?$AAf?$AAo?$AAu?$AAn?$AAd?$AA?$CB?$AA?6?$AA?$AA@ 00016358     cpumon.obj
 0002:00001398       ??_C@_1EG@CJAJLDNF@?$AAG?$AAe?$AAt?$AAS?$AAy?$AAs?$AAt?$AAe?$AAm?$AAP?$AAo?$AAw?$AAe?$AAr?$AAS?$AAt?$AAa?$AAt?$AAu?$AAs?$AAE?$AAx?$AA?5?$AAn?$AAo?$AAt?$AA?5?$AAf?$AAo?$AAu?$AAn?$AAd@ 00016398     cpumon.obj
 0002:000013e0       ??_C@_1CO@DOEJNFOA@?$AAG?$AAe?$AAt?$AAS?$AAy?$AAs?$AAt?$AAe?$AAm?$AAP?$AAo?$AAw?$AAe?$AAr?$AAS?$AAt?$AAa?$AAt?$AAu?$AAs?$AAE?$AAx?$AA?$AA@ 000163e0     cpumon.obj
 0002:00001410       ??_C@_1DA@NLMEKFGA@?$AAC?$AAe?$AAG?$AAe?$AAt?$AAI?$AAd?$AAl?$AAe?$AAT?$AAi?$AAm?$AAe?$AAE?$AAx?$AA?5?$AAf?$AAo?$AAu?$AAn?$AAd?$AA?$CB?$AA?6?$AA?$AA@ 00016410     cpumon.obj
 0002:00001440       ??_C@_1DE@KNEADIAB@?$AAG?$AAe?$AAt?$AAI?$AAd?$AAl?$AAe?$AAT?$AAi?$AAm?$AAe?$AAE?$AAx?$AA?5?$AAn?$AAo?$AAt?$AA?5?$AAf?$AAo?$AAu?$AAn?$AAd?$AA?$CB?$AA?6?$AA?$AA@ 00016440     cpumon.obj
 0002:00001474       ??_C@_1CA@DEFEPFGN@?$AAC?$AAe?$AAG?$AAe?$AAt?$AAI?$AAd?$AAl?$AAe?$AAT?$AAi?$AAm?$AAe?$AAE?$AAx?$AA?$AA@ 00016474     cpumon.obj
 0002:00001494       ??_C@_1DG@OCOBAFPC@?$AAG?$AAe?$AAt?$AAT?$AAh?$AAr?$AAe?$AAa?$AAd?$AAC?$AAa?$AAl?$AAl?$AAS?$AAt?$AAa?$AAc?$AAk?$AA?5?$AAf?$AAo?$AAu?$AAn?$AAd?$AA?$CB?$AA?6?$AA?$AA@ 00016494     cpumon.obj
 0002:000014cc       ??_C@_1DO@BHCODAPL@?$AAG?$AAe?$AAt?$AAT?$AAh?$AAr?$AAe?$AAa?$AAd?$AAC?$AAa?$AAl?$AAl?$AAS?$AAt?$AAa?$AAc?$AAk?$AA?5?$AAn?$AAo?$AAt?$AA?5?$AAf?$AAo?$AAu?$AAn?$AAd?$AA?$CB?$AA?6?$AA?$AA@ 000164cc     cpumon.obj
 0002:0000150c       ??_C@_1CG@BNAPHKFC@?$AAG?$AAe?$AAt?$AAT?$AAh?$AAr?$AAe?$AAa?$AAd?$AAC?$AAa?$AAl?$AAl?$AAS?$AAt?$AAa?$AAc?$AAk?$AA?$AA@ 0001650c     cpumon.obj
 0002:00001534       ??_C@_1DG@DACADDBG@?$AAC?$AAo?$AAn?$AAt?$AAi?$AAn?$AAu?$AAe?$AAD?$AAe?$AAb?$AAu?$AAg?$AAE?$AAv?$AAe?$AAn?$AAt?$AA?5?$AAf?$AAo?$AAu?$AAn?$AAd?$AA?$CB?$AA?6?$AA?$AA@ 00016534     cpumon.obj
 0002:0000156c       ??_C@_1DO@PCIGGKCA@?$AAC?$AAo?$AAn?$AAt?$AAi?$AAn?$AAu?$AAe?$AAD?$AAe?$AAb?$AAu?$AAg?$AAE?$AAv?$AAe?$AAn?$AAt?$AA?5?$AAn?$AAo?$AAt?$AA?5?$AAf?$AAo?$AAu?$AAn?$AAd?$AA?$CB?$AA?6?$AA?$AA@ 0001656c     cpumon.obj
 0002:000015ac       ??_C@_1CG@NOCDNAMN@?$AAC?$AAo?$AAn?$AAt?$AAi?$AAn?$AAu?$AAe?$AAD?$AAe?$AAb?$AAu?$AAg?$AAE?$AAv?$AAe?$AAn?$AAt?$AA?$AA@ 000165ac     cpumon.obj
 0002:000015d4       ??_C@_1DE@KEPBNEML@?$AAW?$AAa?$AAi?$AAt?$AAF?$AAo?$AAr?$AAD?$AAe?$AAb?$AAu?$AAg?$AAE?$AAv?$AAe?$AAn?$AAt?$AA?5?$AAf?$AAo?$AAu?$AAn?$AAd?$AA?$CB?$AA?6?$AA?$AA@ 000165d4     cpumon.obj
 0002:00001608       ??_C@_1DM@FEHNNPCO@?$AAW?$AAa?$AAi?$AAt?$AAF?$AAo?$AAr?$AAD?$AAe?$AAb?$AAu?$AAg?$AAE?$AAv?$AAe?$AAn?$AAt?$AA?5?$AAn?$AAo?$AAt?$AA?5?$AAf?$AAo?$AAu?$AAn?$AAd?$AA?$CB?$AA?6?$AA?$AA@ 00016608     cpumon.obj
 0002:00001644       ??_C@_1CE@DGBECBPM@?$AAW?$AAa?$AAi?$AAt?$AAF?$AAo?$AAr?$AAD?$AAe?$AAb?$AAu?$AAg?$AAE?$AAv?$AAe?$AAn?$AAt?$AA?$AA@ 00016644     cpumon.obj
 0002:00001668       ??_C@_1EC@HCMIAPMK@?$AAS?$AAe?$AAt?$AAP?$AAr?$AAo?$AAc?$AAP?$AAe?$AAr?$AAm?$AAi?$AAs?$AAs?$AAi?$AAo?$AAn?$AAs?$AA?$CI?$AA0?$AAx?$AAF?$AAF?$AAF?$AAF?$AAF?$AAF?$AAF?$AAF?$AA?$CJ?$AA?4?$AA?6@ 00016668     cpumon.obj
 0002:000016b0       ??_C@_1FA@MECFMHLK@?$AAS?$AAe?$AAt?$AAP?$AAr?$AAo?$AAc?$AAP?$AAe?$AAr?$AAm?$AAi?$AAs?$AAs?$AAi?$AAo?$AAn?$AAs?$AA?5?$AAn?$AAo?$AAt?$AA?5?$AAf?$AAo?$AAu?$AAn?$AAd?$AA?4?$AA?5?$AAE?$AAx@ 000166b0     cpumon.obj
 0002:00001700       ??_C@_1CG@LECDKENP@?$AAS?$AAe?$AAt?$AAP?$AAr?$AAo?$AAc?$AAP?$AAe?$AAr?$AAm?$AAi?$AAs?$AAs?$AAi?$AAo?$AAn?$AAs?$AA?$AA@ 00016700     cpumon.obj
 0002:00001728       ??_C@_1CO@MIGKOGOI@?$AAO?$AAp?$AAe?$AAn?$AAT?$AAh?$AAr?$AAe?$AAa?$AAd?$AA?5?$AAn?$AAo?$AAt?$AA?5?$AAf?$AAo?$AAu?$AAn?$AAd?$AA?$CB?$AA?6?$AA?$AA@ 00016728     cpumon.obj
 0002:00001758       ??_C@_1BG@JJJAOFJK@?$AAO?$AAp?$AAe?$AAn?$AAT?$AAh?$AAr?$AAe?$AAa?$AAd?$AA?$AA@ 00016758     cpumon.obj
 0002:00001770       ??_C@_1CC@EPECNINB@?$AAc?$AAo?$AAr?$AAe?$AAd?$AAl?$AAl?$AA?5?$AAl?$AAo?$AAa?$AAd?$AAe?$AAd?$AA?4?$AA?6?$AA?$AA@ 00016770     cpumon.obj
 0002:00001798       ??_C@_1FE@KCDABPLD@?$AAL?$AAo?$AAa?$AAd?$AAL?$AAi?$AAb?$AAr?$AAa?$AAr?$AAy?$AA?5?$AAc?$AAo?$AAr?$AAe?$AAd?$AAl?$AAl?$AA?4?$AAd?$AAl?$AAl?$AA?5?$AAf?$AAa?$AAi?$AAl?$AAe?$AAd?$AA?4?$AA?5@ 00016798     cpumon.obj
 0002:000017ec       ??_C@_1BI@CJKPFBEK@?$AAc?$AAo?$AAr?$AAe?$AAd?$AAl?$AAl?$AA?4?$AAd?$AAl?$AAl?$AA?$AA@ 000167ec     cpumon.obj
 0002:00001808       ??_C@_1EM@FDPIGOIB@?$AAR?$AAe?$AAg?$AAQ?$AAu?$AAe?$AAr?$AAy?$AAV?$AAa?$AAl?$AAu?$AAe?$AAE?$AAx?$AA?5?$AAD?$AAu?$AAm?$AAp?$AAD?$AAi?$AAr?$AAe?$AAc?$AAt?$AAo?$AAr?$AAy?$AA?5?$AAe?$AAr@ 00016808     debugger.obj
 0002:00001854       ??_C@_1BM@PMOMDJNA@?$AAD?$AAu?$AAm?$AAp?$AAD?$AAi?$AAr?$AAe?$AAc?$AAt?$AAo?$AAr?$AAy?$AA?$AA@ 00016854     debugger.obj
 0002:00001870       ??_C@_1DE@KNINEMNF@?$AAR?$AAe?$AAg?$AAO?$AAp?$AAe?$AAn?$AAK?$AAe?$AAy?$AAE?$AAx?$AA?5?$AA?$CC?$AA?$CF?$AAs?$AA?$CC?$AA?5?$AAe?$AAr?$AAr?$AA?3?$AA?$CF?$AAi?$AA?6?$AA?$AA@ 00016870     debugger.obj
 0002:000018a8       ??_C@_1EG@PJHCPOF@?$AAS?$AAy?$AAs?$AAt?$AAe?$AAm?$AA?2?$AAE?$AAr?$AAr?$AAo?$AAr?$AAR?$AAe?$AAp?$AAo?$AAr?$AAt?$AAi?$AAn?$AAg?$AA?2?$AAD?$AAu?$AAm?$AAp?$AAS?$AAe?$AAt?$AAt?$AAi?$AAn@ 000168a8     debugger.obj
 0002:000018f0       ??_C@_1FE@IJCJIENB@?$AAC?$AAr?$AAe?$AAa?$AAt?$AAe?$AAE?$AAv?$AAe?$AAn?$AAt?$AA?5?$AAg?$AAd?$AAb?$AAg?$AAc?$AAt?$AAx?$AA?4?$AAc?$AAr?$AAa?$AAs?$AAh?$AA?5?$AAf?$AAa?$AAi?$AAl?$AAe?$AAd@ 000168f0     debugger.obj
 0002:00001948       ??_C@_1FA@KGPHMICH@?$AAC?$AAr?$AAe?$AAa?$AAt?$AAe?$AAE?$AAv?$AAe?$AAn?$AAt?$AA?5?$AAg?$AAd?$AAb?$AAg?$AAc?$AAt?$AAx?$AA?4?$AAa?$AAc?$AAk?$AA?5?$AAf?$AAa?$AAi?$AAl?$AAe?$AAd?$AA?5?$AAe@ 00016948     debugger.obj
 0002:00001998       ??_C@_1FC@LGGHJIKL@?$AAC?$AAr?$AAe?$AAa?$AAt?$AAe?$AAE?$AAv?$AAe?$AAn?$AAt?$AA?5?$AAg?$AAd?$AAb?$AAg?$AAc?$AAt?$AAx?$AA?4?$AAd?$AAo?$AAn?$AAe?$AA?5?$AAf?$AAa?$AAi?$AAl?$AAe?$AAd?$AA?5@ 00016998     debugger.obj
 0002:000019ec       ??_C@_1CC@EEPOGMAL@?$AA0?$AAx?$AA?$CF?$AAx?$AA?7?$AA0?$AAx?$AA?$CF?$AAx?$AA?7?$AA0?$AAx?$AA?$CF?$AAx?$AA?7?$AA?6?$AA?$AA@ 000169ec     debugger.obj
 0002:00001a10       ??_C@_1KI@BGMDJNBA@?$AA?$CD?$AA?$CD?$AA?$CD?$AA?5?$AA?$CF?$AAi?$AA?5?$AAc?$AAh?$AAa?$AAn?$AAc?$AAe?$AA?5?$AAe?$AAx?$AAc?$AAe?$AAp?$AAt?$AAi?$AAo?$AAn?$AA?5?$AA?$CF?$AAs?$AA?5?$AAa?$AAt?$AA?5?$AAa?$AAd@ 00016a10     debugger.obj
 0002:00001ab8       ??_C@_1DK@EEPECJJJ@?$AAE?$AAX?$AAC?$AAE?$AAP?$AAT?$AAI?$AAO?$AAN?$AA_?$AAI?$AAN?$AAT?$AA_?$AAD?$AAI?$AAV?$AAI?$AAD?$AAE?$AA_?$AAB?$AAY?$AA_?$AAZ?$AAE?$AAR?$AAO?$AA?$AA@ 00016ab8     debugger.obj
 0002:00001af4       ??_C@_1CO@FMAJHLPF@?$AAE?$AAX?$AAC?$AAE?$AAP?$AAT?$AAI?$AAO?$AAN?$AA_?$AAI?$AAN?$AAT?$AA_?$AAO?$AAV?$AAE?$AAR?$AAF?$AAL?$AAO?$AAW?$AA?$AA@ 00016af4     debugger.obj
 0002:00001b24       ??_C@_1DG@PNCKAKMD@?$AAE?$AAX?$AAC?$AAE?$AAP?$AAT?$AAI?$AAO?$AAN?$AA_?$AAP?$AAR?$AAI?$AAV?$AA_?$AAI?$AAN?$AAS?$AAT?$AAR?$AAU?$AAC?$AAT?$AAI?$AAO?$AAN?$AA?$AA@ 00016b24     debugger.obj
 0002:00001b5c       ??_C@_1DC@FCIJDDJO@?$AAE?$AAX?$AAC?$AAE?$AAP?$AAT?$AAI?$AAO?$AAN?$AA_?$AAS?$AAT?$AAA?$AAC?$AAK?$AA_?$AAO?$AAV?$AAE?$AAR?$AAF?$AAL?$AAO?$AAW?$AA?$AA@ 00016b5c     debugger.obj
 0002:00001b90       ??_C@_1BA@LEPJIIOK@?$AAU?$AAn?$AAk?$AAn?$AAo?$AAw?$AAn?$AA?$AA@ 00016b90     debugger.obj
 0002:00001ba0       ??_C@_1DA@LOCKLJOH@?$AAE?$AAX?$AAC?$AAE?$AAP?$AAT?$AAI?$AAO?$AAN?$AA_?$AAF?$AAL?$AAT?$AA_?$AAU?$AAN?$AAD?$AAE?$AAR?$AAF?$AAL?$AAO?$AAW?$AA?$AA@ 00016ba0     debugger.obj
 0002:00001bd0       ??_C@_1DK@JOHFNPA@?$AAE?$AAX?$AAC?$AAE?$AAP?$AAT?$AAI?$AAO?$AAN?$AA_?$AAF?$AAL?$AAT?$AA_?$AAI?$AAN?$AAE?$AAX?$AAA?$AAC?$AAT?$AA_?$AAR?$AAE?$AAS?$AAU?$AAL?$AAT?$AA?$AA@ 00016bd0     debugger.obj
 0002:00001c10       ??_C@_1EA@GFBMCNAN@?$AAE?$AAX?$AAC?$AAE?$AAP?$AAT?$AAI?$AAO?$AAN?$AA_?$AAF?$AAL?$AAT?$AA_?$AAI?$AAN?$AAV?$AAA?$AAL?$AAI?$AAD?$AA_?$AAO?$AAP?$AAE?$AAR?$AAA?$AAT?$AAI?$AAO?$AAN?$AA?$AA@ 00016c10     debugger.obj
 0002:00001c50       ??_C@_1CO@INIOBGA@?$AAE?$AAX?$AAC?$AAE?$AAP?$AAT?$AAI?$AAO?$AAN?$AA_?$AAF?$AAL?$AAT?$AA_?$AAO?$AAV?$AAE?$AAR?$AAF?$AAL?$AAO?$AAW?$AA?$AA@ 00016c50     debugger.obj
 0002:00001c80       ??_C@_1DE@PBANJDHK@?$AAE?$AAX?$AAC?$AAE?$AAP?$AAT?$AAI?$AAO?$AAN?$AA_?$AAF?$AAL?$AAT?$AA_?$AAS?$AAT?$AAA?$AAC?$AAK?$AA_?$AAC?$AAH?$AAE?$AAC?$AAK?$AA?$AA@ 00016c80     debugger.obj
 0002:00001cb4       ??_C@_1DK@BEFNIBEI@?$AAE?$AAX?$AAC?$AAE?$AAP?$AAT?$AAI?$AAO?$AAN?$AA_?$AAF?$AAL?$AAT?$AA_?$AAD?$AAI?$AAV?$AAI?$AAD?$AAE?$AA_?$AAB?$AAY?$AA_?$AAZ?$AAE?$AAR?$AAO?$AA?$AA@ 00016cb4     debugger.obj
 0002:00001cf0       ??_C@_1EG@DMGAABDE@?$AAE?$AAX?$AAC?$AAE?$AAP?$AAT?$AAI?$AAO?$AAN?$AA_?$AAN?$AAO?$AAN?$AAC?$AAO?$AAN?$AAT?$AAI?$AAN?$AAU?$AAA?$AAB?$AAL?$AAE?$AA_?$AAE?$AAX?$AAC?$AAE?$AAP?$AAT?$AAI@ 00016cf0     debugger.obj
 0002:00001d38       ??_C@_1DM@BHMFAFLP@?$AAE?$AAX?$AAC?$AAE?$AAP?$AAT?$AAI?$AAO?$AAN?$AA_?$AAI?$AAN?$AAV?$AAA?$AAL?$AAI?$AAD?$AA_?$AAD?$AAI?$AAS?$AAP?$AAO?$AAS?$AAI?$AAT?$AAI?$AAO?$AAN?$AA?$AA@ 00016d38     debugger.obj
 0002:00001d78       ??_C@_1EA@KCJEJHHM@?$AAE?$AAX?$AAC?$AAE?$AAP?$AAT?$AAI?$AAO?$AAN?$AA_?$AAA?$AAR?$AAR?$AAA?$AAY?$AA_?$AAB?$AAO?$AAU?$AAN?$AAD?$AAS?$AA_?$AAE?$AAX?$AAC?$AAE?$AAE?$AAD?$AAE?$AAD?$AA?$AA@ 00016d78     debugger.obj
 0002:00001db8       ??_C@_1DO@EGNONNCH@?$AAE?$AAX?$AAC?$AAE?$AAP?$AAT?$AAI?$AAO?$AAN?$AA_?$AAF?$AAL?$AAT?$AA_?$AAD?$AAE?$AAN?$AAO?$AAR?$AAM?$AAA?$AAL?$AA_?$AAO?$AAP?$AAE?$AAR?$AAA?$AAN?$AAD?$AA?$AA@ 00016db8     debugger.obj
 0002:00001df8       ??_C@_1DM@JDMIPLGJ@?$AAE?$AAX?$AAC?$AAE?$AAP?$AAT?$AAI?$AAO?$AAN?$AA_?$AAI?$AAL?$AAL?$AAE?$AAG?$AAA?$AAL?$AA_?$AAI?$AAN?$AAS?$AAT?$AAR?$AAU?$AAC?$AAT?$AAI?$AAO?$AAN?$AA?$AA@ 00016df8     debugger.obj
 0002:00001e38       ??_C@_1EA@DPJMAOIB@?$AAE?$AAX?$AAC?$AAE?$AAP?$AAT?$AAI?$AAO?$AAN?$AA_?$AAD?$AAA?$AAT?$AAA?$AAT?$AAY?$AAP?$AAE?$AA_?$AAM?$AAI?$AAS?$AAA?$AAL?$AAI?$AAG?$AAN?$AAM?$AAE?$AAN?$AAT?$AA?$AA@ 00016e38     debugger.obj
 0002:00001e78       ??_C@_1CK@GFOKFPCI@?$AAE?$AAX?$AAC?$AAE?$AAP?$AAT?$AAI?$AAO?$AAN?$AA_?$AAB?$AAR?$AAE?$AAA?$AAK?$AAP?$AAO?$AAI?$AAN?$AAT?$AA?$AA@ 00016e78     debugger.obj
 0002:00001ea4       ??_C@_1CM@IAIFNOBF@?$AAE?$AAX?$AAC?$AAE?$AAP?$AAT?$AAI?$AAO?$AAN?$AA_?$AAS?$AAI?$AAN?$AAG?$AAL?$AAE?$AA_?$AAS?$AAT?$AAE?$AAP?$AA?$AA@ 00016ea4     debugger.obj
 0002:00001ed0       ??_C@_1DG@MBKEFPAE@?$AAE?$AAX?$AAC?$AAE?$AAP?$AAT?$AAI?$AAO?$AAN?$AA_?$AAA?$AAC?$AAC?$AAE?$AAS?$AAS?$AA_?$AAV?$AAI?$AAO?$AAL?$AAA?$AAT?$AAI?$AAO?$AAN?$AA?$AA@ 00016ed0     debugger.obj
 0002:00001f08       ??_C@_1DA@LAKALNNI@?$AAE?$AAX?$AAC?$AAE?$AAP?$AAT?$AAI?$AAO?$AAN?$AA_?$AAI?$AAN?$AA_?$AAP?$AAA?$AAG?$AAE?$AA_?$AAE?$AAR?$AAR?$AAO?$AAR?$AA?$AA@ 00016f08     debugger.obj
 0002:00001f38       ??_C@_1FM@JNHMKDOD@?$AAS?$AAt?$AAa?$AAr?$AAt?$AAe?$AAd?$AA?5?$AAp?$AAr?$AAo?$AAc?$AAe?$AAs?$AAs?$AA?3?$AA?5?$AA0?$AAx?$AA?$CF?$AAx?$AA?5?$AA?$FL?$AA?$CF?$AAi?$AA?$FN?$AA?0?$AA?5?$AAd?$AAe?$AAb?$AAu@ 00016f38     debugger.obj
 0002:00001f98       ??_C@_1EE@FHAKOAB@?$AAE?$AAx?$AAi?$AAt?$AAe?$AAd?$AA?5?$AAt?$AAh?$AAr?$AAe?$AAa?$AAd?$AA?5?$AAw?$AAi?$AAt?$AAh?$AA?5?$AAi?$AAd?$AA?3?$AA?5?$AA0?$AAx?$AA?$CF?$AAx?$AA?5?$AA?$FL?$AA?$CF?$AAi?$AA?$FN@ 00016f98     debugger.obj
 0002:00001fe0       ??_C@_1GK@KPOOENNK@?$AAE?$AAx?$AAi?$AAt?$AAe?$AAd?$AA?5?$AAp?$AAr?$AAo?$AAc?$AAe?$AAs?$AAs?$AA?5?$AAw?$AAi?$AAt?$AAh?$AA?5?$AAi?$AAd?$AA?3?$AA?5?$AA0?$AAx?$AA?$CF?$AAx?$AA?5?$AA?$FL?$AA?$CF?$AAi@ 00016fe0     debugger.obj
 0002:0000204c       ??_C@_1DE@FNCEJJLM@?$AAS?$AAe?$AAt?$AAE?$AAv?$AAe?$AAn?$AAt?$AA?5?$AAc?$AAr?$AAa?$AAs?$AAh?$AA?5?$AA?$CF?$AAx?$AA?5?$AAe?$AAr?$AAr?$AA?5?$AA?$CF?$AAi?$AA?6?$AA?$AA@ 0001704c     debugger.obj
 0002:00002080       ??_C@_1DM@BMHIECBM@?$AAm?$AAa?$AAl?$AAl?$AAo?$AAc?$AA?5?$AAf?$AAa?$AAi?$AAl?$AAe?$AAd?$AA?5?$AAo?$AAn?$AA?5?$AAC?$AAR?$AAA?$AAS?$AAH?$AA_?$AAI?$AAN?$AAF?$AAO?$AA?4?$AA?6?$AA?$AA@ 00017080     debugger.obj
 0002:000020bc       ??_C@_1DK@PHJNMOPP@?$AAm?$AAa?$AAl?$AAl?$AAo?$AAc?$AA?5?$AAf?$AAa?$AAi?$AAl?$AAe?$AAd?$AA?5?$AAo?$AAn?$AA?5?$AAC?$AAR?$AAA?$AAS?$AAH?$AA_?$AAI?$AAN?$AAF?$AAO?$AA?6?$AA?$AA@ 000170bc     debugger.obj
 0002:000020f8       ??_C@_1GE@CJFFGJHP@?$AAC?$AAo?$AAn?$AAt?$AAi?$AAn?$AAu?$AAe?$AAD?$AAe?$AAb?$AAu?$AAg?$AAE?$AAv?$AAe?$AAn?$AAt?$AA?5?$AAF?$AAA?$AAI?$AAL?$AAE?$AAD?$AA?5?$AAe?$AAr?$AAr?$AA?3?$AA?$CF?$AAi@ 000170f8     debugger.obj
 0002:00002160       ??_C@_1GC@BDLLOADH@?$AAW?$AAa?$AAi?$AAt?$AAF?$AAo?$AAr?$AAD?$AAe?$AAb?$AAu?$AAg?$AAE?$AAv?$AAe?$AAn?$AAt?$AA?5?$AAF?$AAA?$AAI?$AAL?$AAE?$AAD?$AA?5?$AAe?$AAr?$AAr?$AA?3?$AA?$CF?$AAi?$AA?5@ 00017160     debugger.obj
 0002:000021c4       ??_C@_1DC@BMJPEHON@?$AAS?$AAe?$AAt?$AAE?$AAv?$AAe?$AAn?$AAt?$AA?5?$AAd?$AAo?$AAn?$AAe?$AA?5?$AA?$CF?$AAx?$AA?5?$AAe?$AAr?$AAr?$AA?5?$AA?$CF?$AAi?$AA?6?$AA?$AA@ 000171c4     debugger.obj
 0002:000021f8       ??_C@_1CI@MKOAGPAI@?$AAC?$AAr?$AAe?$AAa?$AAt?$AAe?$AAP?$AAr?$AAo?$AAc?$AAe?$AAs?$AAs?$AA?5?$AA?$CC?$AA?$CF?$AAs?$AA?$CC?$AA?6?$AA?$AA@ 000171f8     debugger.obj
 0002:00002220       ??_C@_1DO@LBDOCCKK@?$AAD?$AAe?$AAb?$AAu?$AAg?$AAA?$AAc?$AAt?$AAi?$AAv?$AAe?$AAP?$AAr?$AAo?$AAc?$AAe?$AAs?$AAs?$AA?5?$AAw?$AAi?$AAt?$AAh?$AA?5?$AAi?$AAd?$AA?5?$AA?$CF?$AAu?$AA?6?$AA?$AA@ 00017220     debugger.obj
 0002:00002260       ??_C@_1DA@PIDFLMCJ@?$AAS?$AAe?$AAt?$AAE?$AAv?$AAe?$AAn?$AAt?$AA?5?$AAa?$AAc?$AAk?$AA?5?$AA?$CF?$AAx?$AA?5?$AAe?$AAr?$AAr?$AA?5?$AA?$CF?$AAi?$AA?6?$AA?$AA@ 00017260     debugger.obj
 0002:00002290       ??_C@_1EO@FCMPJEPN@?$AAf?$AAa?$AAi?$AAl?$AAe?$AAd?$AA?5?$AAt?$AAo?$AA?5?$AAs?$AAt?$AAa?$AAr?$AAt?$AA?5?$AAd?$AAe?$AAb?$AAu?$AAg?$AAe?$AAe?$AA?5?$AA?$CC?$AA?$CF?$AAs?$AA?$CC?$AA?0?$AA?5?$AAe?$AAr@ 00017290     debugger.obj
 0002:000022e0       ??_C@_1GC@GEOCJNAF@?$AAf?$AAa?$AAi?$AAl?$AAe?$AAd?$AA?5?$AAt?$AAo?$AA?5?$AAa?$AAt?$AAt?$AAa?$AAc?$AAh?$AA?5?$AAt?$AAo?$AA?5?$AAp?$AAr?$AAo?$AAc?$AAe?$AAs?$AAs?$AA?5?$AAw?$AAi?$AAt?$AAh@ 000172e0     debugger.obj
 0002:00002348       ??_C@_1FA@FJKPLPIA@?$AAF?$AAa?$AAi?$AAl?$AAe?$AAd?$AA?5?$AAt?$AAo?$AA?5?$AAC?$AAr?$AAe?$AAa?$AAt?$AAe?$AAT?$AAh?$AAr?$AAe?$AAa?$AAd?$AA?5?$AAd?$AAe?$AAb?$AAu?$AAg?$AAe?$AAr?$AA_?$AAp@ 00017348     debugger.obj
 0002:00002398       ??_C@_1EI@ENMAAMFP@?$AAm?$AAa?$AAl?$AAl?$AAo?$AAc?$AA?5?$AAf?$AAa?$AAi?$AAl?$AAe?$AAd?$AA?5?$AAo?$AAn?$AA?5?$AAD?$AAE?$AAB?$AAU?$AAG?$AA_?$AAP?$AAR?$AAO?$AAC?$AAE?$AAS?$AAS?$AA_?$AAA@ 00017398     debugger.obj
 0002:000023e0       ??_C@_1EA@CLOFCKMF@?$AAm?$AAa?$AAl?$AAl?$AAo?$AAc?$AA?5?$AAf?$AAa?$AAi?$AAl?$AAe?$AAd?$AA?5?$AAo?$AAn?$AA?5?$AAD?$AAE?$AAB?$AAU?$AAG?$AA_?$AAS?$AAE?$AAS?$AAS?$AAI?$AAO?$AAN?$AA?6?$AA?$AA@ 000173e0     debugger.obj
 0002:00002420       ??_C@_1EC@LGMDNKJI@?$AAC?$AAa?$AAn?$AAn?$AAo?$AAt?$AA?5?$AAd?$AAe?$AAb?$AAu?$AAg?$AA?5?$AAa?$AAn?$AAy?$AA?5?$AAm?$AAo?$AAr?$AAe?$AA?5?$AAp?$AAr?$AAo?$AAc?$AAe?$AAs?$AAs?$AAe?$AAs?$AA?6@ 00017420     debugger.obj
 0002:00002468       ??_C@_1EG@NBOAGFNM@?$AAd?$AAi?$AAs?$AAc?$AAo?$AAv?$AAe?$AAr?$AAy?$AA?5?$AAs?$AAo?$AAc?$AAk?$AAe?$AAt?$AA?5?$AAb?$AAo?$AAu?$AAn?$AAd?$AA?5?$AAt?$AAo?$AA?5?$AAp?$AAo?$AAr?$AAt?$AA?5?$AA?$CF@ 00017468     DiscoveryServer.obj
 0002:000024b0       ??_C@_1FI@KAALOPDA@?$AAE?$AAr?$AAr?$AAo?$AAr?$AA?5?$AAb?$AAi?$AAn?$AAd?$AAi?$AAn?$AAg?$AA?5?$AAU?$AAD?$AAP?$AA?5?$AAd?$AAi?$AAs?$AAc?$AAo?$AAv?$AAe?$AAr?$AAy?$AA?5?$AAs?$AAo?$AAc?$AAk@ 000174b0     DiscoveryServer.obj
 0002:00002508       ??_C@_1GG@CBMIAEFM@?$AAE?$AAr?$AAr?$AAo?$AAr?$AA?5?$AAc?$AAr?$AAe?$AAa?$AAt?$AAi?$AAn?$AAg?$AA?5?$AAU?$AAD?$AAP?$AA?5?$AAd?$AAe?$AAv?$AAi?$AAc?$AAe?$AA?5?$AAd?$AAi?$AAs?$AAc?$AAo?$AAv@ 00017508     DiscoveryServer.obj
 0002:00002570       ??_C@_1FI@FLBFICLB@?$AAe?$AAr?$AAr?$AAo?$AAr?$AA?5?$AAs?$AAe?$AAn?$AAd?$AAi?$AAn?$AAg?$AA?5?$AAU?$AAD?$AAP?$AA?5?$AAd?$AAi?$AAs?$AAc?$AAo?$AAv?$AAe?$AAr?$AAy?$AA?5?$AAp?$AAa?$AAc?$AAk@ 00017570     DiscoveryServer.obj
 0002:000025c8       ??_C@_1FC@CKPLABON@?$AAd?$AAi?$AAs?$AAc?$AAo?$AAv?$AAe?$AAr?$AAy?$AA?5?$AAs?$AAe?$AAr?$AAv?$AAe?$AAr?$AA?5?$AAs?$AAe?$AAr?$AAv?$AAe?$AA?5?$AAr?$AAe?$AAc?$AAv?$AAf?$AAr?$AAo?$AAm?$AA?5@ 000175c8     DiscoveryServer.obj
 0002:0000261c       ??_C@_09FCIJKDPO@cemon?4log?$AA@ 0001761c     util.obj
 0002:00002628       ??_C@_03CCGKKFHG@a?$CLt?$AA@ 00017628     util.obj
 0002:0000262c       ??_C@_15GANGMFKL@?$AA?$CF?$AAs?$AA?$AA@ 0001762c     util.obj
 0002:00002634       ??_C@_02DKCKIIND@?$CFs?$AA@ 00017634     util.obj
 0002:00002638       ??_C@_1DO@EFPLHCOB@?$AAG?$AAe?$AAt?$AAM?$AAo?$AAd?$AAu?$AAl?$AAe?$AAF?$AAi?$AAl?$AAe?$AAN?$AAa?$AAm?$AAe?$AA?$CI?$AA?$CJ?$AA?5?$AAf?$AAa?$AAi?$AAl?$AAe?$AAd?$AA?5?$AA?$CF?$AAi?$AA?6?$AA?$AA@ 00017638     util.obj
 0002:00002678       ??_C@_1EM@JIAKEEKE@?$AA?$FL?$AA?$CF?$AA0?$AA4?$AAi?$AA?9?$AA?$CF?$AA0?$AA2?$AAi?$AA?9?$AA?$CF?$AA0?$AA2?$AAi?$AA?9?$AA?9?$AA?$CF?$AA0?$AA2?$AAi?$AA?9?$AA?$CF?$AA0?$AA2?$AAi?$AA?9?$AA?$CF?$AA0?$AA2?$AAi?$AA?9@ 00017678     util.obj
 0002:000026c8       __load_config_used         000176c8     corelibc:loadcfg.obj
 0002:00002770       ___safe_se_handler_table   00017770     <linker-defined>
 0002:00002794       __IMPORT_DESCRIPTOR_COREDLL 00017794     coredll:COREDLL.dll
 0002:000027a8       __IMPORT_DESCRIPTOR_toolhelp 000177a8     toolhelp:toolhelp.dll
 0002:000027bc       __IMPORT_DESCRIPTOR_WINSOCK 000177bc     winsock:WINSOCK.dll
 0002:000027d0       __NULL_IMPORT_DESCRIPTOR   000177d0     coredll:COREDLL.dll
 0003:00000000       __imp__GetLastError        00018000     coredll:COREDLL.dll
 0003:00000004       __imp__CloseHandle         00018004     coredll:COREDLL.dll
 0003:00000008       __imp__TerminateProcess    00018008     coredll:COREDLL.dll
 0003:0000000c       __imp__OpenProcess         0001800c     coredll:COREDLL.dll
 0003:00000010       __imp__CreateProcessW      00018010     coredll:COREDLL.dll
 0003:00000014       __imp__GetModuleFileNameW  00018014     coredll:COREDLL.dll
 0003:00000018       __imp__TerminateThread     00018018     coredll:COREDLL.dll
 0003:0000001c       __imp__SuspendThread       0001801c     coredll:COREDLL.dll
 0003:00000020       __imp__ResumeThread        00018020     coredll:COREDLL.dll
 0003:00000024       __imp__CeSetThreadPriority 00018024     coredll:COREDLL.dll
 0003:00000028       __imp__CeGetThreadPriority 00018028     coredll:COREDLL.dll
 0003:0000002c       __imp__SetSystemPowerState 0001802c     coredll:COREDLL.dll
 0003:00000030       __imp__GetTickCount        00018030     coredll:COREDLL.dll
 0003:00000034       __imp__GetThreadTimes      00018034     coredll:COREDLL.dll
 0003:00000038       __imp__QueryPerformanceFrequency 00018038     coredll:COREDLL.dll
 0003:0000003c       __imp__FreeLibrary         0001803c     coredll:COREDLL.dll
 0003:00000040       __imp__Sleep               00018040     coredll:COREDLL.dll
 0003:00000044       __imp__GetSystemInfo       00018044     coredll:COREDLL.dll
 0003:00000048       __imp__GetProcAddressW     00018048     coredll:COREDLL.dll
 0003:0000004c       __imp__LoadLibraryW        0001804c     coredll:COREDLL.dll
 0003:00000050       __imp__EventModify         00018050     coredll:COREDLL.dll
 0003:00000054       __imp__RegCloseKey         00018054     coredll:COREDLL.dll
 0003:00000058       __imp__RegQueryValueExW    00018058     coredll:COREDLL.dll
 0003:0000005c       __imp__RegOpenKeyExW       0001805c     coredll:COREDLL.dll
 0003:00000060       __imp__DeleteCriticalSection 00018060     coredll:COREDLL.dll
 0003:00000064       __imp__LeaveCriticalSection 00018064     coredll:COREDLL.dll
 0003:00000068       __imp__EnterCriticalSection 00018068     coredll:COREDLL.dll
 0003:0000006c       __imp__WaitForMultipleObjects 0001806c     coredll:COREDLL.dll
 0003:00000070       __imp__CreateEventW        00018070     coredll:COREDLL.dll
 0003:00000074       __imp__SetLastError        00018074     coredll:COREDLL.dll
 0003:00000078       __imp__DebugActiveProcess  00018078     coredll:COREDLL.dll
 0003:0000007c       __imp__CreateThread        0001807c     coredll:COREDLL.dll
 0003:00000080       __imp__InitializeCriticalSection 00018080     coredll:COREDLL.dll
 0003:00000084       __imp__SystemTimeToFileTime 00018084     coredll:COREDLL.dll
 0003:00000088       __imp__GetLocalTime        00018088     coredll:COREDLL.dll
 0003:0000008c       __imp__StringCbPrintfW     0001808c     coredll:COREDLL.dll
 0003:00000090       __imp__OutputDebugStringW  00018090     coredll:COREDLL.dll
 0003:00000094       __imp__memmove             00018094     corelibc:COREDLL.dll
 0003:00000098       __imp___aulldiv            00018098     corelibc:COREDLL.dll
 0003:0000009c       __imp__free                0001809c     corelibc:COREDLL.dll
 0003:000000a0       __imp__fclose              000180a0     corelibc:COREDLL.dll
 0003:000000a4       __imp__fprintf             000180a4     corelibc:COREDLL.dll
 0003:000000a8       __imp__fopen               000180a8     corelibc:COREDLL.dll
 0003:000000ac       __imp__sprintf             000180ac     corelibc:COREDLL.dll
 0003:000000b0       __imp__sscanf              000180b0     corelibc:COREDLL.dll
 0003:000000b4       __imp__fgets               000180b4     corelibc:COREDLL.dll
 0003:000000b8       __imp__feof                000180b8     corelibc:COREDLL.dll
 0003:000000bc       __imp___chkstk             000180bc     corelibc:COREDLL.dll
 0003:000000c0       __imp__realloc             000180c0     corelibc:COREDLL.dll
 0003:000000c4       __imp__memset              000180c4     corelibc:COREDLL.dll
 0003:000000c8       __imp__malloc              000180c8     corelibc:COREDLL.dll
 0003:000000cc       __imp___wtoi               000180cc     corelibc:COREDLL.dll
 0003:000000d0       __imp__fwrite              000180d0     corelibc:COREDLL.dll
 0003:000000d4       __imp__srand               000180d4     corelibc:COREDLL.dll
 0003:000000d8       __imp__fflush              000180d8     corelibc:COREDLL.dll
 0003:000000dc       __imp__fwprintf            000180dc     corelibc:COREDLL.dll
 0003:000000e0       __imp__wprintf             000180e0     corelibc:COREDLL.dll
 0003:000000e4       __imp__vswprintf           000180e4     corelibc:COREDLL.dll
 0003:000000e8       __imp__printf              000180e8     corelibc:COREDLL.dll
 0003:000000ec       __imp__vsprintf            000180ec     corelibc:COREDLL.dll
 0003:000000f0       __imp__wcsrchr             000180f0     corelibc:COREDLL.dll
 0003:000000f4       __imp__memcpy              000180f4     corelibc:COREDLL.dll
 0003:000000f8       __imp__iswctype            000180f8     corelibc:COREDLL.dll
 0003:000000fc       __imp___XcptFilter         000180fc     corelibc:COREDLL.dll
 0003:00000100       __imp____security_gen_cookie2 00018100     corelibc:COREDLL.dll
 0003:00000104       __imp____report_gsfailure  00018104     corelibc:COREDLL.dll
 0003:00000108       __imp___msize              00018108     corelibc:COREDLL.dll
 0003:0000010c       __imp___except_handler4_common 0001810c     corelibc:COREDLL.dll
 0003:00000110       \177COREDLL_NULL_THUNK_DATA 00018110     coredll:COREDLL.dll
 0003:00000114       __imp__recv                00018114     winsock:WINSOCK.dll
 0003:00000118       __imp__recvfrom            00018118     winsock:WINSOCK.dll
 0003:0000011c       __imp__sendto              0001811c     winsock:WINSOCK.dll
 0003:00000120       __imp__htonl               00018120     winsock:WINSOCK.dll
 0003:00000124       __imp__accept              00018124     winsock:WINSOCK.dll
 0003:00000128       __imp__socket              00018128     winsock:WINSOCK.dll
 0003:0000012c       __imp__ioctlsocket         0001812c     winsock:WINSOCK.dll
 0003:00000130       __imp__htons               00018130     winsock:WINSOCK.dll
 0003:00000134       __imp__bind                00018134     winsock:WINSOCK.dll
 0003:00000138       __imp__ntohs               00018138     winsock:WINSOCK.dll
 0003:0000013c       __imp__WSACleanup          0001813c     winsock:WINSOCK.dll
 0003:00000140       __imp__WSAStartup          00018140     winsock:WINSOCK.dll
 0003:00000144       __imp__send                00018144     winsock:WINSOCK.dll
 0003:00000148       __imp__select              00018148     winsock:WINSOCK.dll
 0003:0000014c       __imp__shutdown            0001814c     winsock:WINSOCK.dll
 0003:00000150       __imp__closesocket         00018150     winsock:WINSOCK.dll
 0003:00000154       __imp__listen              00018154     winsock:WINSOCK.dll
 0003:00000158       __imp__ntohl               00018158     winsock:WINSOCK.dll
 0003:0000015c       \177WINSOCK_NULL_THUNK_DATA 0001815c     winsock:WINSOCK.dll
 0003:00000160       __imp__Thread32First       00018160     toolhelp:toolhelp.dll
 0003:00000164       __imp__Thread32Next        00018164     toolhelp:toolhelp.dll
 0003:00000168       __imp__Process32First      00018168     toolhelp:toolhelp.dll
 0003:0000016c       __imp__Process32Next       0001816c     toolhelp:toolhelp.dll
 0003:00000170       __imp__Heap32ListFirst     00018170     toolhelp:toolhelp.dll
 0003:00000174       __imp__Heap32First         00018174     toolhelp:toolhelp.dll
 0003:00000178       __imp__Heap32Next          00018178     toolhelp:toolhelp.dll
 0003:0000017c       __imp__Heap32ListNext      0001817c     toolhelp:toolhelp.dll
 0003:00000180       __imp__CreateToolhelp32Snapshot 00018180     toolhelp:toolhelp.dll
 0003:00000184       __imp__Module32First       00018184     toolhelp:toolhelp.dll
 0003:00000188       __imp__Module32Next        00018188     toolhelp:toolhelp.dll
 0003:0000018c       __imp__CloseToolhelp32Snapshot 0001818c     toolhelp:toolhelp.dll
 0003:00000190       \177toolhelp_NULL_THUNK_DATA 00018190     toolhelp:toolhelp.dll
 0003:00000194       ___security_cookie         00018194     corelibc:seccinit.obj
 0003:00000198       ___security_cookie_complement 00018198     corelibc:seccinit.obj
 0003:00007930       ___argc                    0001f930     corelibc:crtstrtg.obj
 0003:00007934       ___wargv                   0001f934     corelibc:crtstrtg.obj
 0003:00007938       ___argv                    0001f938     corelibc:crtstrtg.obj
 0003:0000793c       __exitflag                 0001f93c     corelibc:cexit.obj
 0003:00007940       ___onexitend               0001f940     <common>
 0003:00007944       ___onexitbegin             0001f944     <common>

 entry point at        0001:00003b2c

 Static symbols

 0001:000008b8       _do_discovery              000118b8 f   cpumon.obj
 0001:0000106d       _SetProcessAffinity        0001206d f   cpumon.obj
 0001:000010c7       _SetThreadAffinity         000120c7 f   cpumon.obj
 0001:00001839       _GetMemoryInfo             00012839 f   cpumon.obj
 0001:00001c3c       _GetPowerStatus            00012c3c f   cpumon.obj
 0001:00001c9d       _GetMemoryStatus           00012c9d f   cpumon.obj
 0001:00001cdf       _GetCpuIdleTime            00012cdf f   cpumon.obj
 0001:000029fc       _handle_debug_exception    000139fc f   debugger.obj
 0001:000038ac       ?crtstart_FreeArguments@@YAXXZ 000148ac f   corelibc:mainwcrt.obj
 0001:000038bd       ?crtstart_SkipWhiteW@@YAHPBG@Z 000148bd f   corelibc:mainwcrt.obj
 0001:000038e6       ?crtstart_SkipNonWhiteQuotesW@@YAHPBG@Z 000148e6 f   corelibc:mainwcrt.obj
 0001:00003922       ?crtstart_ParseArgsWW@@YAHPBG0AAHAAPAPAG@Z 00014922 f   corelibc:mainwcrt.obj
 0001:00003a51       ?mainCRTStartupHelper@@YAXPAUHINSTANCE__@@PBG@Z 00014a51 f   corelibc:mainwcrt.obj
 0001:00003c34       _doexit                    00014c34 f   corelibc:cexit.obj
